Archive member included to satisfy reference by file (symbol)

c:/progra~1/stmicr~1/stm32c~1/gnu-to~1/bin/../lib/gcc/arm-none-eabi/10.3.1/thumb/v6-m/nofp\libgcc.a(_udivsi3.o)
                              CMakeFiles/L-ink_Card.elf.dir/Drivers/STM32L0xx_HAL_Driver/Src/stm32l0xx_hal.c.obj (__aeabi_uidiv)
c:/progra~1/stmicr~1/stm32c~1/gnu-to~1/bin/../lib/gcc/arm-none-eabi/10.3.1/thumb/v6-m/nofp\libgcc.a(_dvmd_tls.o)
                              c:/progra~1/stmicr~1/stm32c~1/gnu-to~1/bin/../lib/gcc/arm-none-eabi/10.3.1/thumb/v6-m/nofp\libgcc.a(_udivsi3.o) (__aeabi_idiv0)
c:/progra~1/stmicr~1/stm32c~1/gnu-to~1/bin/../lib/gcc/arm-none-eabi/10.3.1/thumb/v6-m/nofp\libgcc.a(_aeabi_uldivmod.o)
                              CMakeFiles/L-ink_Card.elf.dir/Drivers/STM32L0xx_HAL_Driver/Src/stm32l0xx_hal_uart.c.obj (__aeabi_uldivmod)
c:/progra~1/stmicr~1/stm32c~1/gnu-to~1/bin/../lib/gcc/arm-none-eabi/10.3.1/thumb/v6-m/nofp\libgcc.a(_udivmoddi4.o)
                              c:/progra~1/stmicr~1/stm32c~1/gnu-to~1/bin/../lib/gcc/arm-none-eabi/10.3.1/thumb/v6-m/nofp\libgcc.a(_aeabi_uldivmod.o) (__udivmoddi4)
c:/progra~1/stmicr~1/stm32c~1/gnu-to~1/bin/../lib/gcc/arm-none-eabi/10.3.1/thumb/v6-m/nofp\libgcc.a(_clzdi2.o)
                              c:/progra~1/stmicr~1/stm32c~1/gnu-to~1/bin/../lib/gcc/arm-none-eabi/10.3.1/thumb/v6-m/nofp\libgcc.a(_udivmoddi4.o) (__clzdi2)
c:/progra~1/stmicr~1/stm32c~1/gnu-to~1/bin/../lib/gcc/arm-none-eabi/10.3.1/thumb/v6-m/nofp\libgcc.a(_clzsi2.o)
                              c:/progra~1/stmicr~1/stm32c~1/gnu-to~1/bin/../lib/gcc/arm-none-eabi/10.3.1/thumb/v6-m/nofp\libgcc.a(_clzdi2.o) (__clzsi2)
c:/progra~1/stmicr~1/stm32c~1/gnu-to~1/bin/../lib/gcc/arm-none-eabi/10.3.1/../../../../arm-none-eabi/lib/thumb/v6-m/nofp\libg_nano.a(lib_a-errno.o)
                              CMakeFiles/L-ink_Card.elf.dir/Src/syscalls.c.obj (__errno)
c:/progra~1/stmicr~1/stm32c~1/gnu-to~1/bin/../lib/gcc/arm-none-eabi/10.3.1/../../../../arm-none-eabi/lib/thumb/v6-m/nofp\libg_nano.a(lib_a-exit.o)
                              c:/progra~1/stmicr~1/stm32c~1/gnu-to~1/bin/../lib/gcc/arm-none-eabi/10.3.1/../../../../arm-none-eabi/lib/thumb/v6-m/nofp/crt0.o (exit)
c:/progra~1/stmicr~1/stm32c~1/gnu-to~1/bin/../lib/gcc/arm-none-eabi/10.3.1/../../../../arm-none-eabi/lib/thumb/v6-m/nofp\libg_nano.a(lib_a-fflush.o)
                              CMakeFiles/L-ink_Card.elf.dir/Src/main.c.obj (fflush)
c:/progra~1/stmicr~1/stm32c~1/gnu-to~1/bin/../lib/gcc/arm-none-eabi/10.3.1/../../../../arm-none-eabi/lib/thumb/v6-m/nofp\libg_nano.a(lib_a-findfp.o)
                              c:/progra~1/stmicr~1/stm32c~1/gnu-to~1/bin/../lib/gcc/arm-none-eabi/10.3.1/../../../../arm-none-eabi/lib/thumb/v6-m/nofp\libg_nano.a(lib_a-fflush.o) (__sinit)
c:/progra~1/stmicr~1/stm32c~1/gnu-to~1/bin/../lib/gcc/arm-none-eabi/10.3.1/../../../../arm-none-eabi/lib/thumb/v6-m/nofp\libg_nano.a(lib_a-fwalk.o)
                              c:/progra~1/stmicr~1/stm32c~1/gnu-to~1/bin/../lib/gcc/arm-none-eabi/10.3.1/../../../../arm-none-eabi/lib/thumb/v6-m/nofp\libg_nano.a(lib_a-findfp.o) (_fwalk)
c:/progra~1/stmicr~1/stm32c~1/gnu-to~1/bin/../lib/gcc/arm-none-eabi/10.3.1/../../../../arm-none-eabi/lib/thumb/v6-m/nofp\libg_nano.a(lib_a-impure.o)
                              c:/progra~1/stmicr~1/stm32c~1/gnu-to~1/bin/../lib/gcc/arm-none-eabi/10.3.1/../../../../arm-none-eabi/lib/thumb/v6-m/nofp\libg_nano.a(lib_a-exit.o) (_global_impure_ptr)
c:/progra~1/stmicr~1/stm32c~1/gnu-to~1/bin/../lib/gcc/arm-none-eabi/10.3.1/../../../../arm-none-eabi/lib/thumb/v6-m/nofp\libg_nano.a(lib_a-init.o)
                              c:/progra~1/stmicr~1/stm32c~1/gnu-to~1/bin/../lib/gcc/arm-none-eabi/10.3.1/../../../../arm-none-eabi/lib/thumb/v6-m/nofp/crt0.o (__libc_init_array)
c:/progra~1/stmicr~1/stm32c~1/gnu-to~1/bin/../lib/gcc/arm-none-eabi/10.3.1/../../../../arm-none-eabi/lib/thumb/v6-m/nofp\libg_nano.a(lib_a-lock.o)
                              c:/progra~1/stmicr~1/stm32c~1/gnu-to~1/bin/../lib/gcc/arm-none-eabi/10.3.1/../../../../arm-none-eabi/lib/thumb/v6-m/nofp\libg_nano.a(lib_a-findfp.o) (__retarget_lock_init_recursive)
c:/progra~1/stmicr~1/stm32c~1/gnu-to~1/bin/../lib/gcc/arm-none-eabi/10.3.1/../../../../arm-none-eabi/lib/thumb/v6-m/nofp\libg_nano.a(lib_a-memset.o)
                              c:/progra~1/stmicr~1/stm32c~1/gnu-to~1/bin/../lib/gcc/arm-none-eabi/10.3.1/../../../../arm-none-eabi/lib/thumb/v6-m/nofp/crt0.o (memset)
c:/progra~1/stmicr~1/stm32c~1/gnu-to~1/bin/../lib/gcc/arm-none-eabi/10.3.1/../../../../arm-none-eabi/lib/thumb/v6-m/nofp\libg_nano.a(lib_a-nano-freer.o)
                              c:/progra~1/stmicr~1/stm32c~1/gnu-to~1/bin/../lib/gcc/arm-none-eabi/10.3.1/../../../../arm-none-eabi/lib/thumb/v6-m/nofp\libg_nano.a(lib_a-fflush.o) (_free_r)
c:/progra~1/stmicr~1/stm32c~1/gnu-to~1/bin/../lib/gcc/arm-none-eabi/10.3.1/../../../../arm-none-eabi/lib/thumb/v6-m/nofp\libg_nano.a(lib_a-nano-mallocr.o)
[...]
Memory Configuration

Name             Origin             Length             Attributes
RAM              0x20000000         0x00002000         xrw
FLASH            0x08000000         0x00010000         xr
*default*        0x00000000         0xffffffff

Linker script and memory map

LOAD c:/progra~1/stmicr~1/stm32c~1/gnu-to~1/bin/../lib/gcc/arm-none-eabi/10.3.1/thumb/v6-m/nofp/crti.o
LOAD c:/progra~1/stmicr~1/stm32c~1/gnu-to~1/bin/../lib/gcc/arm-none-eabi/10.3.1/thumb/v6-m/nofp/crtbegin.o
LOAD c:/progra~1/stmicr~1/stm32c~1/gnu-to~1/bin/../lib/gcc/arm-none-eabi/10.3.1/../../../../arm-none-eabi/lib/thumb/v6-m/nofp/crt0.o
LOAD CMakeFiles/L-ink_Card.elf.dir/Drivers/BSP/Components/ST25DV/st25dv.c.obj
LOAD CMakeFiles/L-ink_Card.elf.dir/Drivers/BSP/Components/ST25DV/st25dv_reg.c.obj
LOAD CMakeFiles/L-ink_Card.elf.dir/Drivers/BSP/E-Paper-Display/epd_w21.c.obj
LOAD CMakeFiles/L-ink_Card.elf.dir/Drivers/BSP/NFC04A1/nfc04a1.c.obj
LOAD CMakeFiles/L-ink_Card.elf.dir/Drivers/BSP/NFC04A1/nfc04a1_nfctag.c.obj
LOAD CMakeFiles/L-ink_Card.elf.dir/Drivers/BSP/ST25DV/app_nfc.c.obj
LOAD CMakeFiles/L-ink_Card.elf.dir/Drivers/STM32L0xx_HAL_Driver/Src/stm32l0xx_hal.c.obj
LOAD CMakeFiles/L-ink_Card.elf.dir/Drivers/STM32L0xx_HAL_Driver/Src/stm32l0xx_hal_cortex.c.obj
LOAD CMakeFiles/L-ink_Card.elf.dir/Drivers/STM32L0xx_HAL_Driver/Src/stm32l0xx_hal_dma.c.obj
LOAD CMakeFiles/L-ink_Card.elf.dir/Drivers/STM32L0xx_HAL_Driver/Src/stm32l0xx_hal_flash.c.obj
LOAD CMakeFiles/L-ink_Card.elf.dir/Drivers/STM32L0xx_HAL_Driver/Src/stm32l0xx_hal_flash_ex.c.obj
LOAD CMakeFiles/L-ink_Card.elf.dir/Drivers/STM32L0xx_HAL_Driver/Src/stm32l0xx_hal_flash_ramfunc.c.obj
LOAD CMakeFiles/L-ink_Card.elf.dir/Drivers/STM32L0xx_HAL_Driver/Src/stm32l0xx_hal_gpio.c.obj
LOAD CMakeFiles/L-ink_Card.elf.dir/Drivers/STM32L0xx_HAL_Driver/Src/stm32l0xx_hal_i2c.c.obj
LOAD CMakeFiles/L-ink_Card.elf.dir/Drivers/STM32L0xx_HAL_Driver/Src/stm32l0xx_hal_i2c_ex.c.obj
LOAD CMakeFiles/L-ink_Card.elf.dir/Drivers/STM32L0xx_HAL_Driver/Src/stm32l0xx_hal_pwr.c.obj
LOAD CMakeFiles/L-ink_Card.elf.dir/Drivers/STM32L0xx_HAL_Driver/Src/stm32l0xx_hal_pwr_ex.c.obj
LOAD CMakeFiles/L-ink_Card.elf.dir/Drivers/STM32L0xx_HAL_Driver/Src/stm32l0xx_hal_rcc.c.obj
LOAD CMakeFiles/L-ink_Card.elf.dir/Drivers/STM32L0xx_HAL_Driver/Src/stm32l0xx_hal_rcc_ex.c.obj
LOAD CMakeFiles/L-ink_Card.elf.dir/Drivers/STM32L0xx_HAL_Driver/Src/stm32l0xx_hal_tim.c.obj
LOAD CMakeFiles/L-ink_Card.elf.dir/Drivers/STM32L0xx_HAL_Driver/Src/stm32l0xx_hal_tim_ex.c.obj
LOAD CMakeFiles/L-ink_Card.elf.dir/Drivers/STM32L0xx_HAL_Driver/Src/stm32l0xx_hal_uart.c.obj
LOAD CMakeFiles/L-ink_Card.elf.dir/Drivers/STM32L0xx_HAL_Driver/Src/stm32l0xx_hal_uart_ex.c.obj
LOAD CMakeFiles/L-ink_Card.elf.dir/Src/custom_bus.c.obj
LOAD CMakeFiles/L-ink_Card.elf.dir/Src/gpio.c.obj
LOAD CMakeFiles/L-ink_Card.elf.dir/Src/main.c.obj
LOAD CMakeFiles/L-ink_Card.elf.dir/Src/stm32l0xx_hal_exti.c.obj
LOAD CMakeFiles/L-ink_Card.elf.dir/Src/stm32l0xx_hal_msp.c.obj
LOAD CMakeFiles/L-ink_Card.elf.dir/Src/stm32l0xx_it.c.obj
LOAD CMakeFiles/L-ink_Card.elf.dir/Src/syscalls.c.obj
LOAD CMakeFiles/L-ink_Card.elf.dir/Src/system_stm32l0xx.c.obj
LOAD CMakeFiles/L-ink_Card.elf.dir/Src/usart.c.obj
LOAD CMakeFiles/L-ink_Card.elf.dir/startup/startup_stm32l051xx.s.obj
START GROUP
LOAD c:/progra~1/stmicr~1/stm32c~1/gnu-to~1/bin/../lib/gcc/arm-none-eabi/10.3.1/thumb/v6-m/nofp\libgcc.a
LOAD c:/progra~1/stmicr~1/stm32c~1/gnu-to~1/bin/../lib/gcc/arm-none-eabi/10.3.1/../../../../arm-none-eabi/lib/thumb/v6-m/nofp\libg_nano.a
LOAD c:/progra~1/stmicr~1/stm32c~1/gnu-to~1/bin/../lib/gcc/arm-none-eabi/10.3.1/../../../../arm-none-eabi/lib/thumb/v6-m/nofp\libc_nano.a
END GROUP
START GROUP
LOAD c:/progra~1/stmicr~1/stm32c~1/gnu-to~1/bin/../lib/gcc/arm-none-eabi/10.3.1/thumb/v6-m/nofp\libgcc.a
LOAD c:/progra~1/stmicr~1/stm32c~1/gnu-to~1/bin/../lib/gcc/arm-none-eabi/10.3.1/../../../../arm-none-eabi/lib/thumb/v6-m/nofp\libc_nano.a
LOAD c:/progra~1/stmicr~1/stm32c~1/gnu-to~1/bin/../lib/gcc/arm-none-eabi/10.3.1/../../../../arm-none-eabi/lib/thumb/v6-m/nofp\libnosys.a
END GROUP
START GROUP
LOAD c:/progra~1/stmicr~1/stm32c~1/gnu-to~1/bin/../lib/gcc/arm-none-eabi/10.3.1/thumb/v6-m/nofp\libgcc.a
LOAD c:/progra~1/stmicr~1/stm32c~1/gnu-to~1/bin/../lib/gcc/arm-none-eabi/10.3.1/../../../../arm-none-eabi/lib/thumb/v6-m/nofp\libc_nano.a
LOAD c:/progra~1/stmicr~1/stm32c~1/gnu-to~1/bin/../lib/gcc/arm-none-eabi/10.3.1/../../../../arm-none-eabi/lib/thumb/v6-m/nofp\libnosys.a
END GROUP
LOAD c:/progra~1/stmicr~1/stm32c~1/gnu-to~1/bin/../lib/gcc/arm-none-eabi/10.3.1/thumb/v6-m/nofp/crtend.o
LOAD c:/progra~1/stmicr~1/stm32c~1/gnu-to~1/bin/../lib/gcc/arm-none-eabi/10.3.1/thumb/v6-m/nofp/crtn.o
                0x20002000                _estack = 0x20002000
                0x00000200                _Min_Heap_Size = 0x200
                0x00000400                _Min_Stack_Size = 0x400

.isr_vector     0x08000000       0xc0
                0x08000000                . = ALIGN (0x4)
 *(.isr_vector)
 .isr_vector    0x08000000       0xc0 CMakeFiles/L-ink_Card.elf.dir/startup/startup_stm32l051xx.s.obj
                0x08000000                g_pfnVectors
                0x080000c0                . = ALIGN (0x4)

.text           0x080000c0     0x3fd0
                0x080000c0                . = ALIGN (0x4)
 *(.text)
 .text          0x080000c0       0x48 c:/progra~1/stmicr~1/stm32c~1/gnu-to~1/bin/../lib/gcc/arm-none-eabi/10.3.1/thumb/v6-m/nofp/crtbegin.o
 .text          0x08000108      0x114 c:/progra~1/stmicr~1/stm32c~1/gnu-to~1/bin/../lib/gcc/arm-none-eabi/10.3.1/thumb/v6-m/nofp\libgcc.a(_udivsi3.o)
                0x08000108                __aeabi_uidiv
                0x08000108                __udivsi3
                0x08000214                __aeabi_uidivmod
 .text          0x0800021c        0x4 c:/progra~1/stmicr~1/stm32c~1/gnu-to~1/bin/../lib/gcc/arm-none-eabi/10.3.1/thumb/v6-m/nofp\libgcc.a(_dvmd_tls.o)
                0x0800021c                __aeabi_idiv0
                0x0800021c                __aeabi_ldiv0
 .text          0x08000220       0x40 c:/progra~1/stmicr~1/stm32c~1/gnu-to~1/bin/../lib/gcc/arm-none-eabi/10.3.1/thumb/v6-m/nofp\libgcc.a(_aeabi_uldivmod.o)
                0x08000220                __aeabi_uldivmod
 .text          0x08000260      0x198 c:/progra~1/stmicr~1/stm32c~1/gnu-to~1/bin/../lib/gcc/arm-none-eabi/10.3.1/thumb/v6-m/nofp\libgcc.a(_udivmoddi4.o)
                0x08000260                __udivmoddi4
 .text          0x080003f8       0x18 c:/progra~1/stmicr~1/stm32c~1/gnu-to~1/bin/../lib/gcc/arm-none-eabi/10.3.1/thumb/v6-m/nofp\libgcc.a(_clzdi2.o)
                0x080003f8                __clzdi2
 .text          0x08000410       0x3c c:/progra~1/stmicr~1/stm32c~1/gnu-to~1/bin/../lib/gcc/arm-none-eabi/10.3.1/thumb/v6-m/nofp\libgcc.a(_clzsi2.o)
                0x08000410                __clzsi2
 .text          0x0800044c        0xe c:/progra~1/stmicr~1/stm32c~1/gnu-to~1/bin/../lib/gcc/arm-none-eabi/10.3.1/../../../../arm-none-eabi/lib/thumb/v6-m/nofp\libg_nano.a(lib_a-strlen.o)
                0x0800044c                strlen
 *(.text*)
 *fill*         0x0800045a        0x2 
 .text.ST25DV_ReadMailboxData
                0x0800045c       0x50 CMakeFiles/L-ink_Card.elf.dir/Drivers/BSP/Components/ST25DV/st25dv.c.obj
                0x0800045c                ST25DV_ReadMailboxData
 .text.ST25DV_ReadMBCtrl_Dyn
                0x080004ac       0x96 CMakeFiles/L-ink_Card.elf.dir/Drivers/BSP/Components/ST25DV/st25dv.c.obj
                0x080004ac                ST25DV_ReadMBCtrl_Dyn
 .text.ST25DV_ReadMBLength_Dyn
                0x08000542       0x22 CMakeFiles/L-ink_Card.elf.dir/Drivers/BSP/Components/ST25DV/st25dv.c.obj
                0x08000542                ST25DV_ReadMBLength_Dyn
 .text.ST25DV_ReadReg
                0x08000564       0x3e CMakeFiles/L-ink_Card.elf.dir/Drivers/BSP/Components/ST25DV/st25dv_reg.c.obj
                0x08000564                ST25DV_ReadReg
 *fill*         0x080005a2        0x2 
 .text.ST25DV_GetMBLEN_DYN_MBLEN
                0x080005a4       0x30 CMakeFiles/L-ink_Card.elf.dir/Drivers/BSP/Components/ST25DV/st25dv_reg.c.obj
                0x080005a4                ST25DV_GetMBLEN_DYN_MBLEN
 .text.ST25DV_GetMB_CTRL_DYN_ALL
                0x080005d4       0x30 CMakeFiles/L-ink_Card.elf.dir/Drivers/BSP/Components/ST25DV/st25dv_reg.c.obj
                0x080005d4                ST25DV_GetMB_CTRL_DYN_ALL
 .text.SpiDelay
                0x08000604       0x4a CMakeFiles/L-ink_Card.elf.dir/Drivers/BSP/E-Paper-Display/epd_w21.c.obj
                0x08000604                SpiDelay
 .text.DriverDelay
                0x0800064e       0x18 CMakeFiles/L-ink_Card.elf.dir/Drivers/BSP/E-Paper-Display/epd_w21.c.obj
                0x0800064e                DriverDelay
 .text.SpiWrite
                0x08000666       0x9c CMakeFiles/L-ink_Card.elf.dir/Drivers/BSP/E-Paper-Display/epd_w21.c.obj
                0x08000666                SpiWrite
 .text.ReadBusy
                0x08000702       0x48 CMakeFiles/L-ink_Card.elf.dir/Drivers/BSP/E-Paper-Display/epd_w21.c.obj
 *fill*         0x0800074a        0x2 
 .text.EpdW21WriteCMD
                0x0800074c       0x4c CMakeFiles/L-ink_Card.elf.dir/Drivers/BSP/E-Paper-Display/epd_w21.c.obj
 .text.EpdW21WriteCMD_p1
                0x08000798       0x6c CMakeFiles/L-ink_Card.elf.dir/Drivers/BSP/E-Paper-Display/epd_w21.c.obj
 .text.EpdW21Write
                0x08000804       0xa0 CMakeFiles/L-ink_Card.elf.dir/Drivers/BSP/E-Paper-Display/epd_w21.c.obj
 .text.EpdW21WriteDispRam
                0x080008a4       0xe8 CMakeFiles/L-ink_Card.elf.dir/Drivers/BSP/E-Paper-Display/epd_w21.c.obj
 .text.EpdW21WriteDispRamMono
                0x0800098c       0xc4 CMakeFiles/L-ink_Card.elf.dir/Drivers/BSP/E-Paper-Display/epd_w21.c.obj
 .text.EpdW21DispInit
                0x08000a50       0xd4 CMakeFiles/L-ink_Card.elf.dir/Drivers/BSP/E-Paper-Display/epd_w21.c.obj
 .text.EpdW21Init
                0x08000b24       0x80 CMakeFiles/L-ink_Card.elf.dir/Drivers/BSP/E-Paper-Display/epd_w21.c.obj
 .text.EpdW21Update
                0x08000ba4       0x18 CMakeFiles/L-ink_Card.elf.dir/Drivers/BSP/E-Paper-Display/epd_w21.c.obj
 .text.EpdInitFull
                0x08000bbc        0xe CMakeFiles/L-ink_Card.elf.dir/Drivers/BSP/E-Paper-Display/epd_w21.c.obj
                0x08000bbc                EpdInitFull
 .text.EpdDisFull
                0x08000bca       0x3a CMakeFiles/L-ink_Card.elf.dir/Drivers/BSP/E-Paper-Display/epd_w21.c.obj
                0x08000bca                EpdDisFull
 .text.NFC04A1_NFCTAG_ReadMailboxData
                0x08000c04       0x38 CMakeFiles/L-ink_Card.elf.dir/Drivers/BSP/NFC04A1/nfc04a1_nfctag.c.obj
                0x08000c04                NFC04A1_NFCTAG_ReadMailboxData
 .text.NFC04A1_NFCTAG_ReadMBCtrl_Dyn
                0x08000c3c       0x24 CMakeFiles/L-ink_Card.elf.dir/Drivers/BSP/NFC04A1/nfc04a1_nfctag.c.obj
                0x08000c3c                NFC04A1_NFCTAG_ReadMBCtrl_Dyn
 .text.NFC04A1_NFCTAG_ReadMBLength_Dyn
                0x08000c60       0x24 CMakeFiles/L-ink_Card.elf.dir/Drivers/BSP/NFC04A1/nfc04a1_nfctag.c.obj
                0x08000c60                NFC04A1_NFCTAG_ReadMBLength_Dyn
 .text.MX_NFC_Process
                0x08000c84        0xe CMakeFiles/L-ink_Card.elf.dir/Drivers/BSP/ST25DV/app_nfc.c.obj
                0x08000c84                MX_NFC_Process
 *fill*         0x08000c92        0x2 
 .text.MX_NFC4_MAILBOX_Process
                0x08000c94       0xd4 CMakeFiles/L-ink_Card.elf.dir/Drivers/BSP/ST25DV/app_nfc.c.obj
                0x08000c94                MX_NFC4_MAILBOX_Process
 .text.HAL_Init
                0x08000d68       0x40 CMakeFiles/L-ink_Card.elf.dir/Drivers/STM32L0xx_HAL_Driver/Src/stm32l0xx_hal.c.obj
                0x08000d68                HAL_Init
 .text.HAL_InitTick
                0x08000da8       0x54 CMakeFiles/L-ink_Card.elf.dir/Drivers/STM32L0xx_HAL_Driver/Src/stm32l0xx_hal.c.obj
                0x08000da8                HAL_InitTick
 .text.HAL_IncTick
                0x08000dfc       0x18 CMakeFiles/L-ink_Card.elf.dir/Drivers/STM32L0xx_HAL_Driver/Src/stm32l0xx_hal.c.obj
                0x08000dfc                HAL_IncTick
 .text.HAL_GetTick
                0x08000e14       0x14 CMakeFiles/L-ink_Card.elf.dir/Drivers/STM32L0xx_HAL_Driver/Src/stm32l0xx_hal.c.obj
                0x08000e14                HAL_GetTick
 .text.HAL_Delay
                0x08000e28       0x3c CMakeFiles/L-ink_Card.elf.dir/Drivers/STM32L0xx_HAL_Driver/Src/stm32l0xx_hal.c.obj
                0x08000e28                HAL_Delay
 .text.NVIC_EnableIRQ
                0x08000e64       0x2c CMakeFiles/L-ink_Card.elf.dir/Drivers/STM32L0xx_HAL_Driver/Src/stm32l0xx_hal_cortex.c.obj
 .text.NVIC_SetPriority
                0x08000e90       0xdc CMakeFiles/L-ink_Card.elf.dir/Drivers/STM32L0xx_HAL_Driver/Src/stm32l0xx_hal_cortex.c.obj
 .text.SysTick_Config
                0x08000f6c       0x48 CMakeFiles/L-ink_Card.elf.dir/Drivers/STM32L0xx_HAL_Driver/Src/stm32l0xx_hal_cortex.c.obj
 .text.HAL_NVIC_SetPriority
                0x08000fb4       0x2a CMakeFiles/L-ink_Card.elf.dir/Drivers/STM32L0xx_HAL_Driver/Src/stm32l0xx_hal_cortex.c.obj
                0x08000fb4                HAL_NVIC_SetPriority
 .text.HAL_NVIC_EnableIRQ
                0x08000fde       0x20 CMakeFiles/L-ink_Card.elf.dir/Drivers/STM32L0xx_HAL_Driver/Src/stm32l0xx_hal_cortex.c.obj
                0x08000fde                HAL_NVIC_EnableIRQ
 .text.HAL_SYSTICK_Config
                0x08000ffe       0x1a CMakeFiles/L-ink_Card.elf.dir/Drivers/STM32L0xx_HAL_Driver/Src/stm32l0xx_hal_cortex.c.obj
                0x08000ffe                HAL_SYSTICK_Config
 .text.HAL_DMA_Abort_IT
                0x08001018       0x8e CMakeFiles/L-ink_Card.elf.dir/Drivers/STM32L0xx_HAL_Driver/Src/stm32l0xx_hal_dma.c.obj
                0x08001018                HAL_DMA_Abort_IT
 *fill*         0x080010a6        0x2 
 .text.HAL_GPIO_Init
                0x080010a8      0x2ec CMakeFiles/L-ink_Card.elf.dir/Drivers/STM32L0xx_HAL_Driver/Src/stm32l0xx_hal_gpio.c.obj
                0x080010a8                HAL_GPIO_Init
 .text.HAL_GPIO_ReadPin
                0x08001394       0x3a CMakeFiles/L-ink_Card.elf.dir/Drivers/STM32L0xx_HAL_Driver/Src/stm32l0xx_hal_gpio.c.obj
                0x08001394                HAL_GPIO_ReadPin
 .text.HAL_GPIO_WritePin
                0x080013ce       0x3a CMakeFiles/L-ink_Card.elf.dir/Drivers/STM32L0xx_HAL_Driver/Src/stm32l0xx_hal_gpio.c.obj
                0x080013ce                HAL_GPIO_WritePin
 .text.HAL_RCC_OscConfig
                0x08001408      0x6cc CMakeFiles/L-ink_Card.elf.dir/Drivers/STM32L0xx_HAL_Driver/Src/stm32l0xx_hal_rcc.c.obj
                0x08001408                HAL_RCC_OscConfig
 .text.HAL_RCC_ClockConfig
                0x08001ad4      0x254 CMakeFiles/L-ink_Card.elf.dir/Drivers/STM32L0xx_HAL_Driver/Src/stm32l0xx_hal_rcc.c.obj
                0x08001ad4                HAL_RCC_ClockConfig
 .text.HAL_RCC_GetSysClockFreq
                0x08001d28      0x10c CMakeFiles/L-ink_Card.elf.dir/Drivers/STM32L0xx_HAL_Driver/Src/stm32l0xx_hal_rcc.c.obj
                0x08001d28                HAL_RCC_GetSysClockFreq
 .text.HAL_RCC_GetHCLKFreq
                0x08001e34       0x14 CMakeFiles/L-ink_Card.elf.dir/Drivers/STM32L0xx_HAL_Driver/Src/stm32l0xx_hal_rcc.c.obj
                0x08001e34                HAL_RCC_GetHCLKFreq
 .text.HAL_RCC_GetPCLK1Freq
                0x08001e48       0x2c CMakeFiles/L-ink_Card.elf.dir/Drivers/STM32L0xx_HAL_Driver/Src/stm32l0xx_hal_rcc.c.obj
                0x08001e48                HAL_RCC_GetPCLK1Freq
 .text.HAL_RCC_GetPCLK2Freq
                0x08001e74       0x2c CMakeFiles/L-ink_Card.elf.dir/Drivers/STM32L0xx_HAL_Driver/Src/stm32l0xx_hal_rcc.c.obj
                0x08001e74                HAL_RCC_GetPCLK2Freq
 .text.HAL_RCCEx_PeriphCLKConfig
                0x08001ea0      0x26c CMakeFiles/L-ink_Card.elf.dir/Drivers/STM32L0xx_HAL_Driver/Src/stm32l0xx_hal_rcc_ex.c.obj
                0x08001ea0                HAL_RCCEx_PeriphCLKConfig
 .text.HAL_UART_Init
                0x0800210c       0xa8 CMakeFiles/L-ink_Card.elf.dir/Drivers/STM32L0xx_HAL_Driver/Src/stm32l0xx_hal_uart.c.obj
                0x0800210c                HAL_UART_Init
 .text.HAL_UART_Transmit
                0x080021b4      0x14e CMakeFiles/L-ink_Card.elf.dir/Drivers/STM32L0xx_HAL_Driver/Src/stm32l0xx_hal_uart.c.obj
                0x080021b4                HAL_UART_Transmit
 *fill*         0x08002302        0x2 
 .text.HAL_UART_Receive_IT
                0x08002304      0x170 CMakeFiles/L-ink_Card.elf.dir/Drivers/STM32L0xx_HAL_Driver/Src/stm32l0xx_hal_uart.c.obj
                0x08002304                HAL_UART_Receive_IT
 .text.HAL_UART_IRQHandler
                0x08002474      0x248 CMakeFiles/L-ink_Card.elf.dir/Drivers/STM32L0xx_HAL_Driver/Src/stm32l0xx_hal_uart.c.obj
                0x08002474                HAL_UART_IRQHandler
 .text.HAL_UART_TxCpltCallback
                0x080026bc       0x10 CMakeFiles/L-ink_Card.elf.dir/Drivers/STM32L0xx_HAL_Driver/Src/stm32l0xx_hal_uart.c.obj
                0x080026bc                HAL_UART_TxCpltCallback
 .text.HAL_UART_ErrorCallback
                0x080026cc       0x10 CMakeFiles/L-ink_Card.elf.dir/Drivers/STM32L0xx_HAL_Driver/Src/stm32l0xx_hal_uart.c.obj
                0x080026cc                HAL_UART_ErrorCallback
 .text.UART_SetConfig
                0x080026dc      0x5f8 CMakeFiles/L-ink_Card.elf.dir/Drivers/STM32L0xx_HAL_Driver/Src/stm32l0xx_hal_uart.c.obj
                0x080026dc                UART_SetConfig
 .text.UART_AdvFeatureConfig
                0x08002cd4      0x168 CMakeFiles/L-ink_Card.elf.dir/Drivers/STM32L0xx_HAL_Driver/Src/stm32l0xx_hal_uart.c.obj
                0x08002cd4                UART_AdvFeatureConfig
 .text.UART_CheckIdleState
                0x08002e3c       0x88 CMakeFiles/L-ink_Card.elf.dir/Drivers/STM32L0xx_HAL_Driver/Src/stm32l0xx_hal_uart.c.obj
                0x08002e3c                UART_CheckIdleState
 .text.UART_WaitOnFlagUntilTimeout
                0x08002ec4       0x94 CMakeFiles/L-ink_Card.elf.dir/Drivers/STM32L0xx_HAL_Driver/Src/stm32l0xx_hal_uart.c.obj
                0x08002ec4                UART_WaitOnFlagUntilTimeout
 .text.UART_EndRxTransfer
                0x08002f58       0x40 CMakeFiles/L-ink_Card.elf.dir/Drivers/STM32L0xx_HAL_Driver/Src/stm32l0xx_hal_uart.c.obj
 .text.UART_DMAAbortOnError
                0x08002f98       0x2e CMakeFiles/L-ink_Card.elf.dir/Drivers/STM32L0xx_HAL_Driver/Src/stm32l0xx_hal_uart.c.obj
 .text.UART_EndTransmit_IT
                0x08002fc6       0x34 CMakeFiles/L-ink_Card.elf.dir/Drivers/STM32L0xx_HAL_Driver/Src/stm32l0xx_hal_uart.c.obj
 *fill*         0x08002ffa        0x2 
 .text.UART_RxISR_8BIT
                0x08002ffc       0xb8 CMakeFiles/L-ink_Card.elf.dir/Drivers/STM32L0xx_HAL_Driver/Src/stm32l0xx_hal_uart.c.obj
 .text.UART_RxISR_16BIT
                0x080030b4       0xb8 CMakeFiles/L-ink_Card.elf.dir/Drivers/STM32L0xx_HAL_Driver/Src/stm32l0xx_hal_uart.c.obj
 .text.HAL_UARTEx_WakeupCallback
                0x0800316c       0x10 CMakeFiles/L-ink_Card.elf.dir/Drivers/STM32L0xx_HAL_Driver/Src/stm32l0xx_hal_uart_ex.c.obj
                0x0800316c                HAL_UARTEx_WakeupCallback
 .text.MX_GPIO_Init
                0x0800317c      0x190 CMakeFiles/L-ink_Card.elf.dir/Src/gpio.c.obj
                0x0800317c                MX_GPIO_Init
 .text.USART1_IRQHandler
                0x0800330c       0x18 CMakeFiles/L-ink_Card.elf.dir/Src/main.c.obj
                0x0800330c                USART1_IRQHandler
 .text.HAL_UART_RxCpltCallback
                0x08003324       0x9c CMakeFiles/L-ink_Card.elf.dir/Src/main.c.obj
                0x08003324                HAL_UART_RxCpltCallback
 .text.main     0x080033c0       0xfc CMakeFiles/L-ink_Card.elf.dir/Src/main.c.obj
                0x080033c0                main
 .text.SystemClock_Config
                0x080034bc       0xd4 CMakeFiles/L-ink_Card.elf.dir/Src/main.c.obj
                0x080034bc                SystemClock_Config
 .text.Error_Handler
                0x08003590        0xa CMakeFiles/L-ink_Card.elf.dir/Src/main.c.obj
                0x08003590                Error_Handler
 *fill*         0x0800359a        0x2 
 .text.HAL_EXTI_IRQHandler
                0x0800359c       0x48 CMakeFiles/L-ink_Card.elf.dir/Src/stm32l0xx_hal_exti.c.obj
                0x0800359c                HAL_EXTI_IRQHandler
 .text.HAL_MspInit
                0x080035e4       0x28 CMakeFiles/L-ink_Card.elf.dir/Src/stm32l0xx_hal_msp.c.obj
                0x080035e4                HAL_MspInit
 .text.NMI_Handler
                0x0800360c        0xa CMakeFiles/L-ink_Card.elf.dir/Src/stm32l0xx_it.c.obj
                0x0800360c                NMI_Handler
 .text.HardFault_Handler
                0x08003616        0x6 CMakeFiles/L-ink_Card.elf.dir/Src/stm32l0xx_it.c.obj
                0x08003616                HardFault_Handler
 .text.SVC_Handler
                0x0800361c        0xa CMakeFiles/L-ink_Card.elf.dir/Src/stm32l0xx_it.c.obj
                0x0800361c                SVC_Handler
 .text.PendSV_Handler
                0x08003626        0xa CMakeFiles/L-ink_Card.elf.dir/Src/stm32l0xx_it.c.obj
                0x08003626                PendSV_Handler
 .text.SysTick_Handler
                0x08003630        0xe CMakeFiles/L-ink_Card.elf.dir/Src/stm32l0xx_it.c.obj
                0x08003630                SysTick_Handler
 *fill*         0x0800363e        0x2 
 .text.EXTI2_3_IRQHandler
                0x08003640       0x18 CMakeFiles/L-ink_Card.elf.dir/Src/stm32l0xx_it.c.obj
                0x08003640                EXTI2_3_IRQHandler
 .text._read    0x08003658       0x3a CMakeFiles/L-ink_Card.elf.dir/Src/syscalls.c.obj
                0x08003658                _read
 .text._write   0x08003692       0x38 CMakeFiles/L-ink_Card.elf.dir/Src/syscalls.c.obj
                0x08003692                _write
 *fill*         0x080036ca        0x2 
 .text._sbrk    0x080036cc       0x58 CMakeFiles/L-ink_Card.elf.dir/Src/syscalls.c.obj
                0x080036cc                _sbrk
 .text._close   0x08003724       0x14 CMakeFiles/L-ink_Card.elf.dir/Src/syscalls.c.obj
                0x08003724                _close
 .text._lseek   0x08003738       0x16 CMakeFiles/L-ink_Card.elf.dir/Src/syscalls.c.obj
                0x08003738                _lseek
 *fill*         0x0800374e        0x2 
 .text.SystemInit
                0x08003750       0x7c CMakeFiles/L-ink_Card.elf.dir/Src/system_stm32l0xx.c.obj
                0x08003750                SystemInit
 .text.MX_USART1_UART_Init
                0x080037cc       0x60 CMakeFiles/L-ink_Card.elf.dir/Src/usart.c.obj
                0x080037cc                MX_USART1_UART_Init
 .text.HAL_UART_MspInit
                0x0800382c       0x88 CMakeFiles/L-ink_Card.elf.dir/Src/usart.c.obj
                0x0800382c                HAL_UART_MspInit
 .text.Reset_Handler
                0x080038b4       0x50 CMakeFiles/L-ink_Card.elf.dir/startup/startup_stm32l051xx.s.obj
                0x080038b4                Reset_Handler
 .text.Default_Handler
                0x08003904        0x2 CMakeFiles/L-ink_Card.elf.dir/startup/startup_stm32l051xx.s.obj
                0x08003904                ADC1_COMP_IRQHandler
                0x08003904                TIM6_IRQHandler
                0x08003904                PVD_IRQHandler
                0x08003904                I2C1_IRQHandler
                0x08003904                SPI1_IRQHandler
                0x08003904                I2C2_IRQHandler
                0x08003904                RTC_IRQHandler
                0x08003904                DMA1_Channel4_5_6_7_IRQHandler
                0x08003904                EXTI4_15_IRQHandler
                0x08003904                RCC_IRQHandler
                0x08003904                DMA1_Channel1_IRQHandler
                0x08003904                Default_Handler
                0x08003904                TIM22_IRQHandler
                0x08003904                EXTI0_1_IRQHandler
                0x08003904                SPI2_IRQHandler
                0x08003904                TIM21_IRQHandler
                0x08003904                WWDG_IRQHandler
                0x08003904                LPUART1_IRQHandler
                0x08003904                TIM2_IRQHandler
                0x08003904                DMA1_Channel2_3_IRQHandler
                0x08003904                USART2_IRQHandler
                0x08003904                FLASH_IRQHandler
                0x08003904                LPTIM1_IRQHandler
 *fill*         0x08003906        0x2 
 .text.__errno  0x08003908        0xc c:/progra~1/stmicr~1/stm32c~1/gnu-to~1/bin/../lib/gcc/arm-none-eabi/10.3.1/../../../../arm-none-eabi/lib/thumb/v6-m/nofp\libg_nano.a(lib_a-errno.o)
                0x08003908                __errno
 .text.__sflush_r
                0x08003914      0x118 c:/progra~1/stmicr~1/stm32c~1/gnu-to~1/bin/../lib/gcc/arm-none-eabi/10.3.1/../../../../arm-none-eabi/lib/thumb/v6-m/nofp\libg_nano.a(lib_a-fflush.o)
                0x08003914                __sflush_r
 .text._fflush_r
                0x08003a2c       0x80 c:/progra~1/stmicr~1/stm32c~1/gnu-to~1/bin/../lib/gcc/arm-none-eabi/10.3.1/../../../../arm-none-eabi/lib/thumb/v6-m/nofp\libg_nano.a(lib_a-fflush.o)
                0x08003a2c                _fflush_r
 .text.fflush   0x08003aac       0x2c c:/progra~1/stmicr~1/stm32c~1/gnu-to~1/bin/../lib/gcc/arm-none-eabi/10.3.1/../../../../arm-none-eabi/lib/thumb/v6-m/nofp\libg_nano.a(lib_a-fflush.o)
                0x08003aac                fflush
 .text.std      0x08003ad8       0x48 c:/progra~1/stmicr~1/stm32c~1/gnu-to~1/bin/../lib/gcc/arm-none-eabi/10.3.1/../../../../arm-none-eabi/lib/thumb/v6-m/nofp\libg_nano.a(lib_a-findfp.o)
 .text._cleanup_r
                0x08003b20       0x10 c:/progra~1/stmicr~1/stm32c~1/gnu-to~1/bin/../lib/gcc/arm-none-eabi/10.3.1/../../../../arm-none-eabi/lib/thumb/v6-m/nofp\libg_nano.a(lib_a-findfp.o)
                0x08003b20                _cleanup_r
 .text.__sfmoreglue
                0x08003b30       0x2c c:/progra~1/stmicr~1/stm32c~1/gnu-to~1/bin/../lib/gcc/arm-none-eabi/10.3.1/../../../../arm-none-eabi/lib/thumb/v6-m/nofp\libg_nano.a(lib_a-findfp.o)
                0x08003b30                __sfmoreglue
 .text.__sfp_lock_acquire
                0x08003b5c       0x10 c:/progra~1/stmicr~1/stm32c~1/gnu-to~1/bin/../lib/gcc/arm-none-eabi/10.3.1/../../../../arm-none-eabi/lib/thumb/v6-m/nofp\libg_nano.a(lib_a-findfp.o)
                0x08003b5c                __sfp_lock_acquire
 .text.__sfp_lock_release
                0x08003b6c       0x10 c:/progra~1/stmicr~1/stm32c~1/gnu-to~1/bin/../lib/gcc/arm-none-eabi/10.3.1/../../../../arm-none-eabi/lib/thumb/v6-m/nofp\libg_nano.a(lib_a-findfp.o)
                0x08003b6c                __sfp_lock_release
 .text.__sinit_lock_acquire
                0x08003b7c       0x10 c:/progra~1/stmicr~1/stm32c~1/gnu-to~1/bin/../lib/gcc/arm-none-eabi/10.3.1/../../../../arm-none-eabi/lib/thumb/v6-m/nofp\libg_nano.a(lib_a-findfp.o)
                0x08003b7c                __sinit_lock_acquire
 .text.__sinit_lock_release
                0x08003b8c       0x10 c:/progra~1/stmicr~1/stm32c~1/gnu-to~1/bin/../lib/gcc/arm-none-eabi/10.3.1/../../../../arm-none-eabi/lib/thumb/v6-m/nofp\libg_nano.a(lib_a-findfp.o)
                0x08003b8c                __sinit_lock_release
 .text.__sinit  0x08003b9c       0x70 c:/progra~1/stmicr~1/stm32c~1/gnu-to~1/bin/../lib/gcc/arm-none-eabi/10.3.1/../../../../arm-none-eabi/lib/thumb/v6-m/nofp\libg_nano.a(lib_a-findfp.o)
                0x08003b9c                __sinit
 .text.__sfp    0x08003c0c       0x90 c:/progra~1/stmicr~1/stm32c~1/gnu-to~1/bin/../lib/gcc/arm-none-eabi/10.3.1/../../../../arm-none-eabi/lib/thumb/v6-m/nofp\libg_nano.a(lib_a-findfp.o)
                0x08003c0c                __sfp
 .text._fwalk_reent
                0x08003c9c       0x40 c:/progra~1/stmicr~1/stm32c~1/gnu-to~1/bin/../lib/gcc/arm-none-eabi/10.3.1/../../../../arm-none-eabi/lib/thumb/v6-m/nofp\libg_nano.a(lib_a-fwalk.o)
                0x08003c9c                _fwalk_reent
 .text.__libc_init_array
                0x08003cdc       0x48 c:/progra~1/stmicr~1/stm32c~1/gnu-to~1/bin/../lib/gcc/arm-none-eabi/10.3.1/../../../../arm-none-eabi/lib/thumb/v6-m/nofp\libg_nano.a(lib_a-init.o)
                0x08003cdc                __libc_init_array
 .text.__retarget_lock_init_recursive
                0x08003d24        0x2 c:/progra~1/stmicr~1/stm32c~1/gnu-to~1/bin/../lib/gcc/arm-none-eabi/10.3.1/../../../../arm-none-eabi/lib/thumb/v6-m/nofp\libg_nano.a(lib_a-lock.o)
                0x08003d24                __retarget_lock_init_recursive
 .text.__retarget_lock_acquire_recursive
                0x08003d26        0x2 c:/progra~1/stmicr~1/stm32c~1/gnu-to~1/bin/../lib/gcc/arm-none-eabi/10.3.1/../../../../arm-none-eabi/lib/thumb/v6-m/nofp\libg_nano.a(lib_a-lock.o)
                0x08003d26                __retarget_lock_acquire_recursive
 .text.__retarget_lock_release_recursive
                0x08003d28        0x2 c:/progra~1/stmicr~1/stm32c~1/gnu-to~1/bin/../lib/gcc/arm-none-eabi/10.3.1/../../../../arm-none-eabi/lib/thumb/v6-m/nofp\libg_nano.a(lib_a-lock.o)
                0x08003d28                __retarget_lock_release_recursive
 .text.memset   0x08003d2a       0x10 c:/progra~1/stmicr~1/stm32c~1/gnu-to~1/bin/../lib/gcc/arm-none-eabi/10.3.1/../../../../arm-none-eabi/lib/thumb/v6-m/nofp\libg_nano.a(lib_a-memset.o)
                0x08003d2a                memset
 *fill*         0x08003d3a        0x2 
 .text._free_r  0x08003d3c       0x94 c:/progra~1/stmicr~1/stm32c~1/gnu-to~1/bin/../lib/gcc/arm-none-eabi/10.3.1/../../../../arm-none-eabi/lib/thumb/v6-m/nofp\libg_nano.a(lib_a-nano-freer.o)
                0x08003d3c                _free_r
 .text.sbrk_aligned
                0x08003dd0       0x44 c:/progra~1/stmicr~1/stm32c~1/gnu-to~1/bin/../lib/gcc/arm-none-eabi/10.3.1/../../../../arm-none-eabi/lib/thumb/v6-m/nofp\libg_nano.a(lib_a-nano-mallocr.o)
 .text._malloc_r
                0x08003e14       0xec c:/progra~1/stmicr~1/stm32c~1/gnu-to~1/bin/../lib/gcc/arm-none-eabi/10.3.1/../../../../arm-none-eabi/lib/thumb/v6-m/nofp\libg_nano.a(lib_a-nano-mallocr.o)
                0x08003e14                _malloc_r
 .text._sbrk_r  0x08003f00       0x24 c:/progra~1/stmicr~1/stm32c~1/gnu-to~1/bin/../lib/gcc/arm-none-eabi/10.3.1/../../../../arm-none-eabi/lib/thumb/v6-m/nofp\libg_nano.a(lib_a-sbrkr.o)
                0x08003f00                _sbrk_r
 .text.__sread  0x08003f24       0x28 c:/progra~1/stmicr~1/stm32c~1/gnu-to~1/bin/../lib/gcc/arm-none-eabi/10.3.1/../../../../arm-none-eabi/lib/thumb/v6-m/nofp\libg_nano.a(lib_a-stdio.o)
                0x08003f24                __sread
 .text.__swrite
                0x08003f4c       0x38 c:/progra~1/stmicr~1/stm32c~1/gnu-to~1/bin/../lib/gcc/arm-none-eabi/10.3.1/../../../../arm-none-eabi/lib/thumb/v6-m/nofp\libg_nano.a(lib_a-stdio.o)
                0x08003f4c                __swrite
 .text.__sseek  0x08003f84       0x2c c:/progra~1/stmicr~1/stm32c~1/gnu-to~1/bin/../lib/gcc/arm-none-eabi/10.3.1/../../../../arm-none-eabi/lib/thumb/v6-m/nofp\libg_nano.a(lib_a-stdio.o)
                0x08003f84                __sseek
 .text.__sclose
                0x08003fb0        0xc c:/progra~1/stmicr~1/stm32c~1/gnu-to~1/bin/../lib/gcc/arm-none-eabi/10.3.1/../../../../arm-none-eabi/lib/thumb/v6-m/nofp\libg_nano.a(lib_a-stdio.o)
                0x08003fb0                __sclose
 .text._write_r
                0x08003fbc       0x28 c:/progra~1/stmicr~1/stm32c~1/gnu-to~1/bin/../lib/gcc/arm-none-eabi/10.3.1/../../../../arm-none-eabi/lib/thumb/v6-m/nofp\libg_nano.a(lib_a-writer.o)
                0x08003fbc                _write_r
 .text._close_r
                0x08003fe4       0x24 c:/progra~1/stmicr~1/stm32c~1/gnu-to~1/bin/../lib/gcc/arm-none-eabi/10.3.1/../../../../arm-none-eabi/lib/thumb/v6-m/nofp\libg_nano.a(lib_a-closer.o)
                0x08003fe4                _close_r
 .text._lseek_r
                0x08004008       0x28 c:/progra~1/stmicr~1/stm32c~1/gnu-to~1/bin/../lib/gcc/arm-none-eabi/10.3.1/../../../../arm-none-eabi/lib/thumb/v6-m/nofp\libg_nano.a(lib_a-lseekr.o)
                0x08004008                _lseek_r
 .text.__malloc_lock
                0x08004030       0x10 c:/progra~1/stmicr~1/stm32c~1/gnu-to~1/bin/../lib/gcc/arm-none-eabi/10.3.1/../../../../arm-none-eabi/lib/thumb/v6-m/nofp\libg_nano.a(lib_a-mlock.o)
                0x08004030                __malloc_lock
 .text.__malloc_unlock
                0x08004040       0x10 c:/progra~1/stmicr~1/stm32c~1/gnu-to~1/bin/../lib/gcc/arm-none-eabi/10.3.1/../../../../arm-none-eabi/lib/thumb/v6-m/nofp\libg_nano.a(lib_a-mlock.o)
                0x08004040                __malloc_unlock
 .text._read_r  0x08004050       0x28 c:/progra~1/stmicr~1/stm32c~1/gnu-to~1/bin/../lib/gcc/arm-none-eabi/10.3.1/../../../../arm-none-eabi/lib/thumb/v6-m/nofp\libg_nano.a(lib_a-readr.o)
                0x08004050                _read_r
 *(.glue_7)
 .glue_7        0x08004078        0x0 linker stubs
 *(.glue_7t)
 .glue_7t       0x08004078        0x0 linker stubs
 *(.eh_frame)
 .eh_frame      0x08004078        0x0 c:/progra~1/stmicr~1/stm32c~1/gnu-to~1/bin/../lib/gcc/arm-none-eabi/10.3.1/thumb/v6-m/nofp/crtbegin.o
 *(.init)
 .init          0x08004078        0x4 c:/progra~1/stmicr~1/stm32c~1/gnu-to~1/bin/../lib/gcc/arm-none-eabi/10.3.1/thumb/v6-m/nofp/crti.o
                0x08004078                _init
 .init          0x0800407c        0x8 c:/progra~1/stmicr~1/stm32c~1/gnu-to~1/bin/../lib/gcc/arm-none-eabi/10.3.1/thumb/v6-m/nofp/crtn.o
 *(.fini)
 .fini          0x08004084        0x4 c:/progra~1/stmicr~1/stm32c~1/gnu-to~1/bin/../lib/gcc/arm-none-eabi/10.3.1/thumb/v6-m/nofp/crti.o
                0x08004084                _fini
 .fini          0x08004088        0x8 c:/progra~1/stmicr~1/stm32c~1/gnu-to~1/bin/../lib/gcc/arm-none-eabi/10.3.1/thumb/v6-m/nofp/crtn.o
                0x08004090                . = ALIGN (0x4)
                0x08004090                _etext = .

.vfp11_veneer   0x08004090        0x0
 .vfp11_veneer  0x08004090        0x0 linker stubs

.v4_bx          0x08004090        0x0
 .v4_bx         0x08004090        0x0 linker stubs

.iplt           0x08004090        0x0
 .iplt          0x08004090        0x0 c:/progra~1/stmicr~1/stm32c~1/gnu-to~1/bin/../lib/gcc/arm-none-eabi/10.3.1/thumb/v6-m/nofp/crtbegin.o

.rodata         0x08004090       0xf4
                0x08004090                . = ALIGN (0x4)
 *(.rodata)
 .rodata        0x08004090       0x23 CMakeFiles/L-ink_Card.elf.dir/Src/main.c.obj
 *(.rodata*)
 *fill*         0x080040b3        0x1 
 .rodata.UART_SetConfig
                0x080040b4       0x48 CMakeFiles/L-ink_Card.elf.dir/Drivers/STM32L0xx_HAL_Driver/Src/stm32l0xx_hal_uart.c.obj
 .rodata.AHBPrescTable
                0x080040fc       0x10 CMakeFiles/L-ink_Card.elf.dir/Src/system_stm32l0xx.c.obj
                0x080040fc                AHBPrescTable
 .rodata.APBPrescTable
                0x0800410c        0x8 CMakeFiles/L-ink_Card.elf.dir/Src/system_stm32l0xx.c.obj
                0x0800410c                APBPrescTable
 .rodata.PLLMulTable
                0x08004114        0x9 CMakeFiles/L-ink_Card.elf.dir/Src/system_stm32l0xx.c.obj
                0x08004114                PLLMulTable
 *fill*         0x0800411d        0x3 
 .rodata.__sf_fake_stderr
                0x08004120       0x20 c:/progra~1/stmicr~1/stm32c~1/gnu-to~1/bin/../lib/gcc/arm-none-eabi/10.3.1/../../../../arm-none-eabi/lib/thumb/v6-m/nofp\libg_nano.a(lib_a-findfp.o)
                0x08004120                __sf_fake_stderr
 .rodata.__sf_fake_stdin
                0x08004140       0x20 c:/progra~1/stmicr~1/stm32c~1/gnu-to~1/bin/../lib/gcc/arm-none-eabi/10.3.1/../../../../arm-none-eabi/lib/thumb/v6-m/nofp\libg_nano.a(lib_a-findfp.o)
                0x08004140                __sf_fake_stdin
 .rodata.__sf_fake_stdout
                0x08004160       0x20 c:/progra~1/stmicr~1/stm32c~1/gnu-to~1/bin/../lib/gcc/arm-none-eabi/10.3.1/../../../../arm-none-eabi/lib/thumb/v6-m/nofp\libg_nano.a(lib_a-findfp.o)
                0x08004160                __sf_fake_stdout
 .rodata._global_impure_ptr
                0x08004180        0x4 c:/progra~1/stmicr~1/stm32c~1/gnu-to~1/bin/../lib/gcc/arm-none-eabi/10.3.1/../../../../arm-none-eabi/lib/thumb/v6-m/nofp\libg_nano.a(lib_a-impure.o)
                0x08004180                _global_impure_ptr
                0x08004184                . = ALIGN (0x4)

.ARM.extab
 *(.ARM.extab* .gnu.linkonce.armextab.*)

.ARM            0x08004184        0x8
                0x08004184                __exidx_start = .
 *(.ARM.exidx*)
 .ARM.exidx     0x08004184        0x8 c:/progra~1/stmicr~1/stm32c~1/gnu-to~1/bin/../lib/gcc/arm-none-eabi/10.3.1/thumb/v6-m/nofp\libgcc.a(_udivmoddi4.o)
                0x0800418c                __exidx_end = .

.rel.dyn        0x0800418c        0x0
 .rel.iplt      0x0800418c        0x0 c:/progra~1/stmicr~1/stm32c~1/gnu-to~1/bin/../lib/gcc/arm-none-eabi/10.3.1/thumb/v6-m/nofp/crtbegin.o

.preinit_array  0x0800418c        0x0
                0x0800418c                PROVIDE (__preinit_array_start = .)
 *(.preinit_array*)
                0x0800418c                PROVIDE (__preinit_array_end = .)

.init_array     0x0800418c        0x4
                0x0800418c                PROVIDE (__init_array_start = .)
 *(SORT_BY_NAME(.init_array.*))
 *(.init_array*)
 .init_array    0x0800418c        0x4 c:/progra~1/stmicr~1/stm32c~1/gnu-to~1/bin/../lib/gcc/arm-none-eabi/10.3.1/thumb/v6-m/nofp/crtbegin.o
                0x08004190                PROVIDE (__init_array_end = .)

.fini_array     0x08004190        0x4
                [!provide]                PROVIDE (__fini_array_start = .)
 *(SORT_BY_NAME(.fini_array.*))
 *(.fini_array*)
 .fini_array    0x08004190        0x4 c:/progra~1/stmicr~1/stm32c~1/gnu-to~1/bin/../lib/gcc/arm-none-eabi/10.3.1/thumb/v6-m/nofp/crtbegin.o
                [!provide]                PROVIDE (__fini_array_end = .)
                0x08004194                _sidata = LOADADDR (.data)

.data           0x20000000     0x1420 load address 0x08004194
                0x20000000                . = ALIGN (0x4)
                0x20000000                _sdata = .
 *(.data)
 *(.data*)
 .data.softStart
                0x20000000        0x4 CMakeFiles/L-ink_Card.elf.dir/Drivers/BSP/E-Paper-Display/epd_w21.c.obj
                0x20000000                softStart
 .data.dummyLine
                0x20000004        0x2 CMakeFiles/L-ink_Card.elf.dir/Drivers/BSP/E-Paper-Display/epd_w21.c.obj
                0x20000004                dummyLine
 *fill*         0x20000006        0x2 
 .data.gateTime
                0x20000008        0x3 CMakeFiles/L-ink_Card.elf.dir/Drivers/BSP/E-Paper-Display/epd_w21.c.obj
                0x20000008                gateTime
 *fill*         0x2000000b        0x1 
 .data.ramDataEntryMode
                0x2000000c        0x5 CMakeFiles/L-ink_Card.elf.dir/Drivers/BSP/E-Paper-Display/epd_w21.c.obj
                0x2000000c                ramDataEntryMode
 *fill*         0x20000011        0x3 
 .data.border   0x20000014        0x2 CMakeFiles/L-ink_Card.elf.dir/Drivers/BSP/E-Paper-Display/epd_w21.c.obj
                0x20000014                border
 *fill*         0x20000016        0x2 
 .data.rbits    0x20000018        0x2 CMakeFiles/L-ink_Card.elf.dir/Drivers/BSP/E-Paper-Display/epd_w21.c.obj
                0x20000018                rbits
 *fill*         0x2000001a        0x2 
 .data.loadtemp
                0x2000001c        0x2 CMakeFiles/L-ink_Card.elf.dir/Drivers/BSP/E-Paper-Display/epd_w21.c.obj
                0x2000001c                loadtemp
 *fill*         0x2000001e        0x2 
 .data.setx     0x20000020        0x2 CMakeFiles/L-ink_Card.elf.dir/Drivers/BSP/E-Paper-Display/epd_w21.c.obj
                0x20000020                setx
 *fill*         0x20000022        0x2 
 .data.sety     0x20000024        0x3 CMakeFiles/L-ink_Card.elf.dir/Drivers/BSP/E-Paper-Display/epd_w21.c.obj
                0x20000024                sety
 *fill*         0x20000027        0x1 
 .data.GPO_EXTI
                0x20000028        0x8 CMakeFiles/L-ink_Card.elf.dir/Drivers/BSP/NFC04A1/nfc04a1.c.obj
                0x20000028                GPO_EXTI
 .data.nfcBuffer
                0x20000030     0x1388 CMakeFiles/L-ink_Card.elf.dir/Src/main.c.obj
                0x20000030                nfcBuffer
 .data.SystemCoreClock
                0x200013b8        0x4 CMakeFiles/L-ink_Card.elf.dir/Src/system_stm32l0xx.c.obj
                0x200013b8                SystemCoreClock
 .data._impure_ptr
                0x200013bc        0x4 c:/progra~1/stmicr~1/stm32c~1/gnu-to~1/bin/../lib/gcc/arm-none-eabi/10.3.1/../../../../arm-none-eabi/lib/thumb/v6-m/nofp\libg_nano.a(lib_a-impure.o)
                0x200013bc                _impure_ptr
 .data.impure_data
                0x200013c0       0x60 c:/progra~1/stmicr~1/stm32c~1/gnu-to~1/bin/../lib/gcc/arm-none-eabi/10.3.1/../../../../arm-none-eabi/lib/thumb/v6-m/nofp\libg_nano.a(lib_a-impure.o)
                0x20001420                . = ALIGN (0x4)
                0x20001420                _edata = .

.igot.plt       0x20001420        0x0 load address 0x080055b4
 .igot.plt      0x20001420        0x0 c:/progra~1/stmicr~1/stm32c~1/gnu-to~1/bin/../lib/gcc/arm-none-eabi/10.3.1/thumb/v6-m/nofp/crtbegin.o
                0x20001420                . = ALIGN (0x4)

.bss            0x20001420       0xf4 load address 0x080055b4
                0x20001420                _sbss = .
                0x20001420                __bss_start__ = _sbss
 *(.bss)
 .bss           0x20001420       0x1c c:/progra~1/stmicr~1/stm32c~1/gnu-to~1/bin/../lib/gcc/arm-none-eabi/10.3.1/thumb/v6-m/nofp/crtbegin.o
 *(.bss*)
 .bss.NfcTagObj
                0x2000143c       0x28 CMakeFiles/L-ink_Card.elf.dir/Drivers/BSP/NFC04A1/nfc04a1_nfctag.c.obj
 .bss.mblength  0x20001464        0x2 CMakeFiles/L-ink_Card.elf.dir/Drivers/BSP/ST25DV/app_nfc.c.obj
                0x20001464                mblength
 *fill*         0x20001466        0x2 
 .bss.mbctrldynstatus
                0x20001468        0x6 CMakeFiles/L-ink_Card.elf.dir/Drivers/BSP/ST25DV/app_nfc.c.obj
                0x20001468                mbctrldynstatus
 .bss.GPOActivated
                0x2000146e        0x1 CMakeFiles/L-ink_Card.elf.dir/Drivers/BSP/ST25DV/app_nfc.c.obj
                0x2000146e                GPOActivated
 *fill*         0x2000146f        0x1 
 .bss.bufferIndex
                0x20001470        0x4 CMakeFiles/L-ink_Card.elf.dir/Drivers/BSP/ST25DV/app_nfc.c.obj
                0x20001470                bufferIndex
 .bss.uwTick    0x20001474        0x4 CMakeFiles/L-ink_Card.elf.dir/Drivers/STM32L0xx_HAL_Driver/Src/stm32l0xx_hal.c.obj
                0x20001474                uwTick
 .bss.byte      0x20001478        0x1 CMakeFiles/L-ink_Card.elf.dir/Src/main.c.obj
                0x20001478                byte
 *fill*         0x20001479        0x3 
 .bss.revc      0x2000147c        0x4 CMakeFiles/L-ink_Card.elf.dir/Src/main.c.obj
                0x2000147c                revc
 .bss.heap_end.0
                0x20001480        0x4 CMakeFiles/L-ink_Card.elf.dir/Src/syscalls.c.obj
 .bss.huart1    0x20001484       0x80 CMakeFiles/L-ink_Card.elf.dir/Src/usart.c.obj
                0x20001484                huart1
 .bss.__lock___malloc_recursive_mutex
                0x20001504        0x1 c:/progra~1/stmicr~1/stm32c~1/gnu-to~1/bin/../lib/gcc/arm-none-eabi/10.3.1/../../../../arm-none-eabi/lib/thumb/v6-m/nofp\libg_nano.a(lib_a-lock.o)
                0x20001504                __lock___malloc_recursive_mutex
 .bss.__lock___sfp_recursive_mutex
                0x20001505        0x1 c:/progra~1/stmicr~1/stm32c~1/gnu-to~1/bin/../lib/gcc/arm-none-eabi/10.3.1/../../../../arm-none-eabi/lib/thumb/v6-m/nofp\libg_nano.a(lib_a-lock.o)
                0x20001505                __lock___sfp_recursive_mutex
 .bss.__lock___sinit_recursive_mutex
                0x20001506        0x1 c:/progra~1/stmicr~1/stm32c~1/gnu-to~1/bin/../lib/gcc/arm-none-eabi/10.3.1/../../../../arm-none-eabi/lib/thumb/v6-m/nofp\libg_nano.a(lib_a-lock.o)
                0x20001506                __lock___sinit_recursive_mutex
 *fill*         0x20001507        0x1 
 .bss.__malloc_free_list
                0x20001508        0x4 c:/progra~1/stmicr~1/stm32c~1/gnu-to~1/bin/../lib/gcc/arm-none-eabi/10.3.1/../../../../arm-none-eabi/lib/thumb/v6-m/nofp\libg_nano.a(lib_a-nano-mallocr.o)
                0x20001508                __malloc_free_list
 .bss.__malloc_sbrk_start
                0x2000150c        0x4 c:/progra~1/stmicr~1/stm32c~1/gnu-to~1/bin/../lib/gcc/arm-none-eabi/10.3.1/../../../../arm-none-eabi/lib/thumb/v6-m/nofp\libg_nano.a(lib_a-nano-mallocr.o)
                0x2000150c                __malloc_sbrk_start
 .bss.errno     0x20001510        0x4 c:/progra~1/stmicr~1/stm32c~1/gnu-to~1/bin/../lib/gcc/arm-none-eabi/10.3.1/../../../../arm-none-eabi/lib/thumb/v6-m/nofp\libg_nano.a(lib_a-reent.o)
                0x20001510                errno
 *(COMMON)
                0x20001514                . = ALIGN (0x4)
                0x20001514                _ebss = .
                0x20001514                __bss_end__ = _ebss

._user_heap_stack
                0x20001514      0x604 load address 0x080055b4
                0x20001518                . = ALIGN (0x8)
 *fill*         0x20001514        0x4 
                0x20001518                PROVIDE (end = .)
                [!provide]                PROVIDE (_end = .)
                0x20001718                . = (. + _Min_Heap_Size)
 *fill*         0x20001518      0x200 
                0x20001b18                . = (. + _Min_Stack_Size)
 *fill*         0x20001718      0x400 
                0x20001b18                . = ALIGN (0x8)

/DISCARD/
 libc.a(*)
 libm.a(*)
 libgcc.a(*)

.ARM.attributes
                0x00000000       0x28
 *(.ARM.attributes)
 .ARM.attributes
                0x00000000       0x1e c:/progra~1/stmicr~1/stm32c~1/gnu-to~1/bin/../lib/gcc/arm-none-eabi/10.3.1/thumb/v6-m/nofp/crti.o
 .ARM.attributes
                0x0000001e       0x2c c:/progra~1/stmicr~1/stm32c~1/gnu-to~1/bin/../lib/gcc/arm-none-eabi/10.3.1/thumb/v6-m/nofp/crtbegin.o
 .ARM.attributes
                0x0000004a       0x2c CMakeFiles/L-ink_Card.elf.dir/Drivers/BSP/Components/ST25DV/st25dv.c.obj
 .ARM.attributes
                0x00000076       0x2c CMakeFiles/L-ink_Card.elf.dir/Drivers/BSP/Components/ST25DV/st25dv_reg.c.obj
 .ARM.attributes
                0x000000a2       0x2c CMakeFiles/L-ink_Card.elf.dir/Drivers/BSP/E-Paper-Display/epd_w21.c.obj
 .ARM.attributes
                0x000000ce       0x2c CMakeFiles/L-ink_Card.elf.dir/Drivers/BSP/NFC04A1/nfc04a1.c.obj
 .ARM.attributes
                0x000000fa       0x2c CMakeFiles/L-ink_Card.elf.dir/Drivers/BSP/NFC04A1/nfc04a1_nfctag.c.obj
 .ARM.attributes
                0x00000126       0x2c CMakeFiles/L-ink_Card.elf.dir/Drivers/BSP/ST25DV/app_nfc.c.obj
 .ARM.attributes
                0x00000152       0x2c CMakeFiles/L-ink_Card.elf.dir/Drivers/STM32L0xx_HAL_Driver/Src/stm32l0xx_hal.c.obj
 .ARM.attributes
                0x0000017e       0x2c CMakeFiles/L-ink_Card.elf.dir/Drivers/STM32L0xx_HAL_Driver/Src/stm32l0xx_hal_cortex.c.obj
 .ARM.attributes
                0x000001aa       0x2c CMakeFiles/L-ink_Card.elf.dir/Drivers/STM32L0xx_HAL_Driver/Src/stm32l0xx_hal_dma.c.obj
 .ARM.attributes
                0x000001d6       0x2c CMakeFiles/L-ink_Card.elf.dir/Drivers/STM32L0xx_HAL_Driver/Src/stm32l0xx_hal_gpio.c.obj
 .ARM.attributes
                0x00000202       0x2c CMakeFiles/L-ink_Card.elf.dir/Drivers/STM32L0xx_HAL_Driver/Src/stm32l0xx_hal_rcc.c.obj
 .ARM.attributes
                0x0000022e       0x2c CMakeFiles/L-ink_Card.elf.dir/Drivers/STM32L0xx_HAL_Driver/Src/stm32l0xx_hal_rcc_ex.c.obj
 .ARM.attributes
                0x0000025a       0x2c CMakeFiles/L-ink_Card.elf.dir/Drivers/STM32L0xx_HAL_Driver/Src/stm32l0xx_hal_uart.c.obj
 .ARM.attributes
                0x00000286       0x2c CMakeFiles/L-ink_Card.elf.dir/Drivers/STM32L0xx_HAL_Driver/Src/stm32l0xx_hal_uart_ex.c.obj
 .ARM.attributes
                0x000002b2       0x2c CMakeFiles/L-ink_Card.elf.dir/Src/gpio.c.obj
 .ARM.attributes
                0x000002de       0x2c CMakeFiles/L-ink_Card.elf.dir/Src/main.c.obj
 .ARM.attributes
                0x0000030a       0x2c CMakeFiles/L-ink_Card.elf.dir/Src/stm32l0xx_hal_exti.c.obj
 .ARM.attributes
                0x00000336       0x2c CMakeFiles/L-ink_Card.elf.dir/Src/stm32l0xx_hal_msp.c.obj
 .ARM.attributes
                0x00000362       0x2c CMakeFiles/L-ink_Card.elf.dir/Src/stm32l0xx_it.c.obj
 .ARM.attributes
                0x0000038e       0x2c CMakeFiles/L-ink_Card.elf.dir/Src/syscalls.c.obj
 .ARM.attributes
                0x000003ba       0x2c CMakeFiles/L-ink_Card.elf.dir/Src/system_stm32l0xx.c.obj
 .ARM.attributes
                0x000003e6       0x2c CMakeFiles/L-ink_Card.elf.dir/Src/usart.c.obj
 .ARM.attributes
                0x00000412       0x22 CMakeFiles/L-ink_Card.elf.dir/startup/startup_stm32l051xx.s.obj
 .ARM.attributes
                0x00000434       0x1e c:/progra~1/stmicr~1/stm32c~1/gnu-to~1/bin/../lib/gcc/arm-none-eabi/10.3.1/thumb/v6-m/nofp\libgcc.a(_udivsi3.o)
 .ARM.attributes
                0x00000452       0x1e c:/progra~1/stmicr~1/stm32c~1/gnu-to~1/bin/../lib/gcc/arm-none-eabi/10.3.1/thumb/v6-m/nofp\libgcc.a(_dvmd_tls.o)
 .ARM.attributes
                0x00000470       0x1e c:/progra~1/stmicr~1/stm32c~1/gnu-to~1/bin/../lib/gcc/arm-none-eabi/10.3.1/thumb/v6-m/nofp\libgcc.a(_aeabi_uldivmod.o)
 .ARM.attributes
                0x0000048e       0x2c c:/progra~1/stmicr~1/stm32c~1/gnu-to~1/bin/../lib/gcc/arm-none-eabi/10.3.1/thumb/v6-m/nofp\libgcc.a(_udivmoddi4.o)
 .ARM.attributes
                0x000004ba       0x1e c:/progra~1/stmicr~1/stm32c~1/gnu-to~1/bin/../lib/gcc/arm-none-eabi/10.3.1/thumb/v6-m/nofp\libgcc.a(_clzdi2.o)
 .ARM.attributes
                0x000004d8       0x1e c:/progra~1/stmicr~1/stm32c~1/gnu-to~1/bin/../lib/gcc/arm-none-eabi/10.3.1/thumb/v6-m/nofp\libgcc.a(_clzsi2.o)
 .ARM.attributes
                0x000004f6       0x2c c:/progra~1/stmicr~1/stm32c~1/gnu-to~1/bin/../lib/gcc/arm-none-eabi/10.3.1/../../../../arm-none-eabi/lib/thumb/v6-m/nofp\libg_nano.a(lib_a-errno.o)
 .ARM.attributes
                0x00000522       0x2c c:/progra~1/stmicr~1/stm32c~1/gnu-to~1/bin/../lib/gcc/arm-none-eabi/10.3.1/../../../../arm-none-eabi/lib/thumb/v6-m/nofp\libg_nano.a(lib_a-fflush.o)
 .ARM.attributes
                0x0000054e       0x2c c:/progra~1/stmicr~1/stm32c~1/gnu-to~1/bin/../lib/gcc/arm-none-eabi/10.3.1/../../../../arm-none-eabi/lib/thumb/v6-m/nofp\libg_nano.a(lib_a-findfp.o)
 .ARM.attributes
                0x0000057a       0x2c c:/progra~1/stmicr~1/stm32c~1/gnu-to~1/bin/../lib/gcc/arm-none-eabi/10.3.1/../../../../arm-none-eabi/lib/thumb/v6-m/nofp\libg_nano.a(lib_a-fwalk.o)
 .ARM.attributes
                0x000005a6       0x2c c:/progra~1/stmicr~1/stm32c~1/gnu-to~1/bin/../lib/gcc/arm-none-eabi/10.3.1/../../../../arm-none-eabi/lib/thumb/v6-m/nofp\libg_nano.a(lib_a-impure.o)
 .ARM.attributes
                0x000005d2       0x2c c:/progra~1/stmicr~1/stm32c~1/gnu-to~1/bin/../lib/gcc/arm-none-eabi/10.3.1/../../../../arm-none-eabi/lib/thumb/v6-m/nofp\libg_nano.a(lib_a-init.o)
 .ARM.attributes
                0x000005fe       0x2c c:/progra~1/stmicr~1/stm32c~1/gnu-to~1/bin/../lib/gcc/arm-none-eabi/10.3.1/../../../../arm-none-eabi/lib/thumb/v6-m/nofp\libg_nano.a(lib_a-lock.o)
 .ARM.attributes
                0x0000062a       0x2c c:/progra~1/stmicr~1/stm32c~1/gnu-to~1/bin/../lib/gcc/arm-none-eabi/10.3.1/../../../../arm-none-eabi/lib/thumb/v6-m/nofp\libg_nano.a(lib_a-memset.o)
 .ARM.attributes
                0x00000656       0x2c c:/progra~1/stmicr~1/stm32c~1/gnu-to~1/bin/../lib/gcc/arm-none-eabi/10.3.1/../../../../arm-none-eabi/lib/thumb/v6-m/nofp\libg_nano.a(lib_a-nano-freer.o)
 .ARM.attributes
                0x00000682       0x2c c:/progra~1/stmicr~1/stm32c~1/gnu-to~1/bin/../lib/gcc/arm-none-eabi/10.3.1/../../../../arm-none-eabi/lib/thumb/v6-m/nofp\libg_nano.a(lib_a-nano-mallocr.o)
 .ARM.attributes
                0x000006ae       0x2c c:/progra~1/stmicr~1/stm32c~1/gnu-to~1/bin/../lib/gcc/arm-none-eabi/10.3.1/../../../../arm-none-eabi/lib/thumb/v6-m/nofp\libg_nano.a(lib_a-sbrkr.o)
 .ARM.attributes
                0x000006da       0x2c c:/progra~1/stmicr~1/stm32c~1/gnu-to~1/bin/../lib/gcc/arm-none-eabi/10.3.1/../../../../arm-none-eabi/lib/thumb/v6-m/nofp\libg_nano.a(lib_a-stdio.o)
 .ARM.attributes
                0x00000706       0x1c c:/progra~1/stmicr~1/stm32c~1/gnu-to~1/bin/../lib/gcc/arm-none-eabi/10.3.1/../../../../arm-none-eabi/lib/thumb/v6-m/nofp\libg_nano.a(lib_a-strlen.o)
 .ARM.attributes
                0x00000722       0x2c c:/progra~1/stmicr~1/stm32c~1/gnu-to~1/bin/../lib/gcc/arm-none-eabi/10.3.1/../../../../arm-none-eabi/lib/thumb/v6-m/nofp\libg_nano.a(lib_a-writer.o)
 .ARM.attributes
                0x0000074e       0x2c c:/progra~1/stmicr~1/stm32c~1/gnu-to~1/bin/../lib/gcc/arm-none-eabi/10.3.1/../../../../arm-none-eabi/lib/thumb/v6-m/nofp\libg_nano.a(lib_a-closer.o)
 .ARM.attributes
                0x0000077a       0x2c c:/progra~1/stmicr~1/stm32c~1/gnu-to~1/bin/../lib/gcc/arm-none-eabi/10.3.1/../../../../arm-none-eabi/lib/thumb/v6-m/nofp\libg_nano.a(lib_a-lseekr.o)
 .ARM.attributes
                0x000007a6       0x2c c:/progra~1/stmicr~1/stm32c~1/gnu-to~1/bin/../lib/gcc/arm-none-eabi/10.3.1/../../../../arm-none-eabi/lib/thumb/v6-m/nofp\libg_nano.a(lib_a-mlock.o)
 .ARM.attributes
                0x000007d2       0x2c c:/progra~1/stmicr~1/stm32c~1/gnu-to~1/bin/../lib/gcc/arm-none-eabi/10.3.1/../../../../arm-none-eabi/lib/thumb/v6-m/nofp\libg_nano.a(lib_a-readr.o)
 .ARM.attributes
                0x000007fe       0x2c c:/progra~1/stmicr~1/stm32c~1/gnu-to~1/bin/../lib/gcc/arm-none-eabi/10.3.1/../../../../arm-none-eabi/lib/thumb/v6-m/nofp\libg_nano.a(lib_a-reent.o)
 .ARM.attributes
                0x0000082a       0x1e c:/progra~1/stmicr~1/stm32c~1/gnu-to~1/bin/../lib/gcc/arm-none-eabi/10.3.1/thumb/v6-m/nofp/crtn.o
OUTPUT(L-ink_Card.elf elf32-littlearm)
LOAD linker stubs
LOAD c:/progra~1/stmicr~1/stm32c~1/gnu-to~1/bin/../lib/gcc/arm-none-eabi/10.3.1/../../../../arm-none-eabi/lib/thumb/v6-m/nofp\libc.a
LOAD c:/progra~1/stmicr~1/stm32c~1/gnu-to~1/bin/../lib/gcc/arm-none-eabi/10.3.1/../../../../arm-none-eabi/lib/thumb/v6-m/nofp\libm.a
LOAD c:/progra~1/stmicr~1/stm32c~1/gnu-to~1/bin/../lib/gcc/arm-none-eabi/10.3.1/thumb/v6-m/nofp\libgcc.a

.debug_info     0x00000000     0xf26e
 .debug_info    0x00000000     0x248e CMakeFiles/L-ink_Card.elf.dir/Drivers/BSP/Components/ST25DV/st25dv.c.obj
 .debug_info    0x0000248e     0x2604 CMakeFiles/L-ink_Card.elf.dir/Drivers/BSP/Components/ST25DV/st25dv_reg.c.obj
 .debug_info    0x00004a92      0x795 CMakeFiles/L-ink_Card.elf.dir/Drivers/BSP/E-Paper-Display/epd_w21.c.obj
 .debug_info    0x00005227      0x43d CMakeFiles/L-ink_Card.elf.dir/Drivers/BSP/NFC04A1/nfc04a1.c.obj
 .debug_info    0x00005664     0x1e14 CMakeFiles/L-ink_Card.elf.dir/Drivers/BSP/NFC04A1/nfc04a1_nfctag.c.obj
 .debug_info    0x00007478      0x3c8 CMakeFiles/L-ink_Card.elf.dir/Drivers/BSP/ST25DV/app_nfc.c.obj
 .debug_info    0x00007840      0x76a CMakeFiles/L-ink_Card.elf.dir/Drivers/STM32L0xx_HAL_Driver/Src/stm32l0xx_hal.c.obj
 .debug_info    0x00007faa      0x8a5 CMakeFiles/L-ink_Card.elf.dir/Drivers/STM32L0xx_HAL_Driver/Src/stm32l0xx_hal_cortex.c.obj
 .debug_info    0x0000884f      0x743 CMakeFiles/L-ink_Card.elf.dir/Drivers/STM32L0xx_HAL_Driver/Src/stm32l0xx_hal_dma.c.obj
 .debug_info    0x00008f92      0x687 CMakeFiles/L-ink_Card.elf.dir/Drivers/STM32L0xx_HAL_Driver/Src/stm32l0xx_hal_gpio.c.obj
 .debug_info    0x00009619      0x935 CMakeFiles/L-ink_Card.elf.dir/Drivers/STM32L0xx_HAL_Driver/Src/stm32l0xx_hal_rcc.c.obj
 .debug_info    0x00009f4e      0x4a5 CMakeFiles/L-ink_Card.elf.dir/Drivers/STM32L0xx_HAL_Driver/Src/stm32l0xx_hal_rcc_ex.c.obj
 .debug_info    0x0000a3f3     0x15d9 CMakeFiles/L-ink_Card.elf.dir/Drivers/STM32L0xx_HAL_Driver/Src/stm32l0xx_hal_uart.c.obj
 .debug_info    0x0000b9cc      0x88f CMakeFiles/L-ink_Card.elf.dir/Drivers/STM32L0xx_HAL_Driver/Src/stm32l0xx_hal_uart_ex.c.obj
 .debug_info    0x0000c25b      0x43b CMakeFiles/L-ink_Card.elf.dir/Src/gpio.c.obj
 .debug_info    0x0000c696     0x1286 CMakeFiles/L-ink_Card.elf.dir/Src/main.c.obj
 .debug_info    0x0000d91c      0x24d CMakeFiles/L-ink_Card.elf.dir/Src/stm32l0xx_hal_exti.c.obj
 .debug_info    0x0000db69      0x1d8 CMakeFiles/L-ink_Card.elf.dir/Src/stm32l0xx_hal_msp.c.obj
 .debug_info    0x0000dd41      0x133 CMakeFiles/L-ink_Card.elf.dir/Src/stm32l0xx_it.c.obj
 .debug_info    0x0000de74      0x71a CMakeFiles/L-ink_Card.elf.dir/Src/syscalls.c.obj
 .debug_info    0x0000e58e      0x3ae CMakeFiles/L-ink_Card.elf.dir/Src/system_stm32l0xx.c.obj
 .debug_info    0x0000e93c      0x910 CMakeFiles/L-ink_Card.elf.dir/Src/usart.c.obj
 .debug_info    0x0000f24c       0x22 CMakeFiles/L-ink_Card.elf.dir/startup/startup_stm32l051xx.s.obj

.debug_abbrev   0x00000000     0x248b
 .debug_abbrev  0x00000000      0x204 CMakeFiles/L-ink_Card.elf.dir/Drivers/BSP/Components/ST25DV/st25dv.c.obj
 .debug_abbrev  0x00000204      0x14f CMakeFiles/L-ink_Card.elf.dir/Drivers/BSP/Components/ST25DV/st25dv_reg.c.obj
 .debug_abbrev  0x00000353      0x212 CMakeFiles/L-ink_Card.elf.dir/Drivers/BSP/E-Paper-Display/epd_w21.c.obj
 .debug_abbrev  0x00000565      0x1b5 CMakeFiles/L-ink_Card.elf.dir/Drivers/BSP/NFC04A1/nfc04a1.c.obj
 .debug_abbrev  0x0000071a      0x1e1 CMakeFiles/L-ink_Card.elf.dir/Drivers/BSP/NFC04A1/nfc04a1_nfctag.c.obj
 .debug_abbrev  0x000008fb      0x140 CMakeFiles/L-ink_Card.elf.dir/Drivers/BSP/ST25DV/app_nfc.c.obj
 .debug_abbrev  0x00000a3b      0x246 CMakeFiles/L-ink_Card.elf.dir/Drivers/STM32L0xx_HAL_Driver/Src/stm32l0xx_hal.c.obj
 .debug_abbrev  0x00000c81      0x26e CMakeFiles/L-ink_Card.elf.dir/Drivers/STM32L0xx_HAL_Driver/Src/stm32l0xx_hal_cortex.c.obj
 .debug_abbrev  0x00000eef      0x1ae CMakeFiles/L-ink_Card.elf.dir/Drivers/STM32L0xx_HAL_Driver/Src/stm32l0xx_hal_dma.c.obj
 .debug_abbrev  0x0000109d      0x1b8 CMakeFiles/L-ink_Card.elf.dir/Drivers/STM32L0xx_HAL_Driver/Src/stm32l0xx_hal_gpio.c.obj
 .debug_abbrev  0x00001255      0x230 CMakeFiles/L-ink_Card.elf.dir/Drivers/STM32L0xx_HAL_Driver/Src/stm32l0xx_hal_rcc.c.obj
 .debug_abbrev  0x00001485      0x1b6 CMakeFiles/L-ink_Card.elf.dir/Drivers/STM32L0xx_HAL_Driver/Src/stm32l0xx_hal_rcc_ex.c.obj
 .debug_abbrev  0x0000163b      0x205 CMakeFiles/L-ink_Card.elf.dir/Drivers/STM32L0xx_HAL_Driver/Src/stm32l0xx_hal_uart.c.obj
 .debug_abbrev  0x00001840      0x1d9 CMakeFiles/L-ink_Card.elf.dir/Drivers/STM32L0xx_HAL_Driver/Src/stm32l0xx_hal_uart_ex.c.obj
 .debug_abbrev  0x00001a19      0x127 CMakeFiles/L-ink_Card.elf.dir/Src/gpio.c.obj
 .debug_abbrev  0x00001b40      0x291 CMakeFiles/L-ink_Card.elf.dir/Src/main.c.obj
 .debug_abbrev  0x00001dd1      0x115 CMakeFiles/L-ink_Card.elf.dir/Src/stm32l0xx_hal_exti.c.obj
 .debug_abbrev  0x00001ee6       0x9a CMakeFiles/L-ink_Card.elf.dir/Src/stm32l0xx_hal_msp.c.obj
 .debug_abbrev  0x00001f80       0xb0 CMakeFiles/L-ink_Card.elf.dir/Src/stm32l0xx_it.c.obj
 .debug_abbrev  0x00002030      0x1a3 CMakeFiles/L-ink_Card.elf.dir/Src/syscalls.c.obj
 .debug_abbrev  0x000021d3      0x113 CMakeFiles/L-ink_Card.elf.dir/Src/system_stm32l0xx.c.obj
 .debug_abbrev  0x000022e6      0x193 CMakeFiles/L-ink_Card.elf.dir/Src/usart.c.obj
 .debug_abbrev  0x00002479       0x12 CMakeFiles/L-ink_Card.elf.dir/startup/startup_stm32l051xx.s.obj

.debug_aranges  0x00000000     0x1328
 .debug_aranges
                0x00000000      0x290 CMakeFiles/L-ink_Card.elf.dir/Drivers/BSP/Components/ST25DV/st25dv.c.obj
 .debug_aranges
                0x00000290      0x498 CMakeFiles/L-ink_Card.elf.dir/Drivers/BSP/Components/ST25DV/st25dv_reg.c.obj
 .debug_aranges
                0x00000728       0xb8 CMakeFiles/L-ink_Card.elf.dir/Drivers/BSP/E-Paper-Display/epd_w21.c.obj
 .debug_aranges
                0x000007e0       0x70 CMakeFiles/L-ink_Card.elf.dir/Drivers/BSP/NFC04A1/nfc04a1.c.obj
 .debug_aranges
                0x00000850      0x290 CMakeFiles/L-ink_Card.elf.dir/Drivers/BSP/NFC04A1/nfc04a1_nfctag.c.obj
 .debug_aranges
                0x00000ae0       0x40 CMakeFiles/L-ink_Card.elf.dir/Drivers/BSP/ST25DV/app_nfc.c.obj
 .debug_aranges
                0x00000b20       0xf8 CMakeFiles/L-ink_Card.elf.dir/Drivers/STM32L0xx_HAL_Driver/Src/stm32l0xx_hal.c.obj
 .debug_aranges
                0x00000c18       0xd8 CMakeFiles/L-ink_Card.elf.dir/Drivers/STM32L0xx_HAL_Driver/Src/stm32l0xx_hal_cortex.c.obj
 .debug_aranges
                0x00000cf0       0x80 CMakeFiles/L-ink_Card.elf.dir/Drivers/STM32L0xx_HAL_Driver/Src/stm32l0xx_hal_dma.c.obj
 .debug_aranges
                0x00000d70       0x58 CMakeFiles/L-ink_Card.elf.dir/Drivers/STM32L0xx_HAL_Driver/Src/stm32l0xx_hal_gpio.c.obj
 .debug_aranges
                0x00000dc8       0x80 CMakeFiles/L-ink_Card.elf.dir/Drivers/STM32L0xx_HAL_Driver/Src/stm32l0xx_hal_rcc.c.obj
 .debug_aranges
                0x00000e48       0x58 CMakeFiles/L-ink_Card.elf.dir/Drivers/STM32L0xx_HAL_Driver/Src/stm32l0xx_hal_rcc_ex.c.obj
 .debug_aranges
                0x00000ea0      0x1f8 CMakeFiles/L-ink_Card.elf.dir/Drivers/STM32L0xx_HAL_Driver/Src/stm32l0xx_hal_uart.c.obj
 .debug_aranges
                0x00001098       0x60 CMakeFiles/L-ink_Card.elf.dir/Drivers/STM32L0xx_HAL_Driver/Src/stm32l0xx_hal_uart_ex.c.obj
 .debug_aranges
                0x000010f8       0x20 CMakeFiles/L-ink_Card.elf.dir/Src/gpio.c.obj
 .debug_aranges
                0x00001118       0x48 CMakeFiles/L-ink_Card.elf.dir/Src/main.c.obj
 .debug_aranges
                0x00001160       0x30 CMakeFiles/L-ink_Card.elf.dir/Src/stm32l0xx_hal_exti.c.obj
 .debug_aranges
                0x00001190       0x20 CMakeFiles/L-ink_Card.elf.dir/Src/stm32l0xx_hal_msp.c.obj
 .debug_aranges
                0x000011b0       0x48 CMakeFiles/L-ink_Card.elf.dir/Src/stm32l0xx_it.c.obj
 .debug_aranges
                0x000011f8       0xb0 CMakeFiles/L-ink_Card.elf.dir/Src/syscalls.c.obj
 .debug_aranges
                0x000012a8       0x28 CMakeFiles/L-ink_Card.elf.dir/Src/system_stm32l0xx.c.obj
 .debug_aranges
                0x000012d0       0x30 CMakeFiles/L-ink_Card.elf.dir/Src/usart.c.obj
 .debug_aranges
                0x00001300       0x28 CMakeFiles/L-ink_Card.elf.dir/startup/startup_stm32l051xx.s.obj

.debug_ranges   0x00000000     0x11c0
 .debug_ranges  0x00000000      0x280 CMakeFiles/L-ink_Card.elf.dir/Drivers/BSP/Components/ST25DV/st25dv.c.obj
 .debug_ranges  0x00000280      0x488 CMakeFiles/L-ink_Card.elf.dir/Drivers/BSP/Components/ST25DV/st25dv_reg.c.obj
 .debug_ranges  0x00000708       0xa8 CMakeFiles/L-ink_Card.elf.dir/Drivers/BSP/E-Paper-Display/epd_w21.c.obj
 .debug_ranges  0x000007b0       0x60 CMakeFiles/L-ink_Card.elf.dir/Drivers/BSP/NFC04A1/nfc04a1.c.obj
 .debug_ranges  0x00000810      0x280 CMakeFiles/L-ink_Card.elf.dir/Drivers/BSP/NFC04A1/nfc04a1_nfctag.c.obj
 .debug_ranges  0x00000a90       0x30 CMakeFiles/L-ink_Card.elf.dir/Drivers/BSP/ST25DV/app_nfc.c.obj
 .debug_ranges  0x00000ac0       0xe8 CMakeFiles/L-ink_Card.elf.dir/Drivers/STM32L0xx_HAL_Driver/Src/stm32l0xx_hal.c.obj
 .debug_ranges  0x00000ba8       0xc8 CMakeFiles/L-ink_Card.elf.dir/Drivers/STM32L0xx_HAL_Driver/Src/stm32l0xx_hal_cortex.c.obj
 .debug_ranges  0x00000c70       0x70 CMakeFiles/L-ink_Card.elf.dir/Drivers/STM32L0xx_HAL_Driver/Src/stm32l0xx_hal_dma.c.obj
 .debug_ranges  0x00000ce0       0x48 CMakeFiles/L-ink_Card.elf.dir/Drivers/STM32L0xx_HAL_Driver/Src/stm32l0xx_hal_gpio.c.obj
 .debug_ranges  0x00000d28       0x70 CMakeFiles/L-ink_Card.elf.dir/Drivers/STM32L0xx_HAL_Driver/Src/stm32l0xx_hal_rcc.c.obj
 .debug_ranges  0x00000d98       0x48 CMakeFiles/L-ink_Card.elf.dir/Drivers/STM32L0xx_HAL_Driver/Src/stm32l0xx_hal_rcc_ex.c.obj
 .debug_ranges  0x00000de0      0x1e8 CMakeFiles/L-ink_Card.elf.dir/Drivers/STM32L0xx_HAL_Driver/Src/stm32l0xx_hal_uart.c.obj
 .debug_ranges  0x00000fc8       0x50 CMakeFiles/L-ink_Card.elf.dir/Drivers/STM32L0xx_HAL_Driver/Src/stm32l0xx_hal_uart_ex.c.obj
 .debug_ranges  0x00001018       0x10 CMakeFiles/L-ink_Card.elf.dir/Src/gpio.c.obj
 .debug_ranges  0x00001028       0x38 CMakeFiles/L-ink_Card.elf.dir/Src/main.c.obj
 .debug_ranges  0x00001060       0x20 CMakeFiles/L-ink_Card.elf.dir/Src/stm32l0xx_hal_exti.c.obj
 .debug_ranges  0x00001080       0x10 CMakeFiles/L-ink_Card.elf.dir/Src/stm32l0xx_hal_msp.c.obj
 .debug_ranges  0x00001090       0x38 CMakeFiles/L-ink_Card.elf.dir/Src/stm32l0xx_it.c.obj
 .debug_ranges  0x000010c8       0xa0 CMakeFiles/L-ink_Card.elf.dir/Src/syscalls.c.obj
 .debug_ranges  0x00001168       0x18 CMakeFiles/L-ink_Card.elf.dir/Src/system_stm32l0xx.c.obj
 .debug_ranges  0x00001180       0x20 CMakeFiles/L-ink_Card.elf.dir/Src/usart.c.obj
 .debug_ranges  0x000011a0       0x20 CMakeFiles/L-ink_Card.elf.dir/startup/startup_stm32l051xx.s.obj

.debug_line     0x00000000     0x958d
 .debug_line    0x00000000     0x1197 CMakeFiles/L-ink_Card.elf.dir/Drivers/BSP/Components/ST25DV/st25dv.c.obj
 .debug_line    0x00001197     0x1ac8 CMakeFiles/L-ink_Card.elf.dir/Drivers/BSP/Components/ST25DV/st25dv_reg.c.obj
 .debug_line    0x00002c5f      0x59d CMakeFiles/L-ink_Card.elf.dir/Drivers/BSP/E-Paper-Display/epd_w21.c.obj
 .debug_line    0x000031fc      0x2f2 CMakeFiles/L-ink_Card.elf.dir/Drivers/BSP/NFC04A1/nfc04a1.c.obj
 .debug_line    0x000034ee      0x964 CMakeFiles/L-ink_Card.elf.dir/Drivers/BSP/NFC04A1/nfc04a1_nfctag.c.obj
 .debug_line    0x00003e52      0x2bb CMakeFiles/L-ink_Card.elf.dir/Drivers/BSP/ST25DV/app_nfc.c.obj
 .debug_line    0x0000410d      0x4e7 CMakeFiles/L-ink_Card.elf.dir/Drivers/STM32L0xx_HAL_Driver/Src/stm32l0xx_hal.c.obj
 .debug_line    0x000045f4      0x5f8 CMakeFiles/L-ink_Card.elf.dir/Drivers/STM32L0xx_HAL_Driver/Src/stm32l0xx_hal_cortex.c.obj
 .debug_line    0x00004bec      0x6fd CMakeFiles/L-ink_Card.elf.dir/Drivers/STM32L0xx_HAL_Driver/Src/stm32l0xx_hal_dma.c.obj
 .debug_line    0x000052e9      0x5a2 CMakeFiles/L-ink_Card.elf.dir/Drivers/STM32L0xx_HAL_Driver/Src/stm32l0xx_hal_gpio.c.obj
 .debug_line    0x0000588b      0x93d CMakeFiles/L-ink_Card.elf.dir/Drivers/STM32L0xx_HAL_Driver/Src/stm32l0xx_hal_rcc.c.obj
 .debug_line    0x000061c8      0x5af CMakeFiles/L-ink_Card.elf.dir/Drivers/STM32L0xx_HAL_Driver/Src/stm32l0xx_hal_rcc_ex.c.obj
 .debug_line    0x00006777     0x1680 CMakeFiles/L-ink_Card.elf.dir/Drivers/STM32L0xx_HAL_Driver/Src/stm32l0xx_hal_uart.c.obj
 .debug_line    0x00007df7      0x3d6 CMakeFiles/L-ink_Card.elf.dir/Drivers/STM32L0xx_HAL_Driver/Src/stm32l0xx_hal_uart_ex.c.obj
 .debug_line    0x000081cd      0x1dc CMakeFiles/L-ink_Card.elf.dir/Src/gpio.c.obj
 .debug_line    0x000083a9      0x3d9 CMakeFiles/L-ink_Card.elf.dir/Src/main.c.obj
 .debug_line    0x00008782      0x234 CMakeFiles/L-ink_Card.elf.dir/Src/stm32l0xx_hal_exti.c.obj
 .debug_line    0x000089b6      0x14f CMakeFiles/L-ink_Card.elf.dir/Src/stm32l0xx_hal_msp.c.obj
 .debug_line    0x00008b05      0x1a6 CMakeFiles/L-ink_Card.elf.dir/Src/stm32l0xx_it.c.obj
 .debug_line    0x00008cab      0x384 CMakeFiles/L-ink_Card.elf.dir/Src/syscalls.c.obj
 .debug_line    0x0000902f      0x275 CMakeFiles/L-ink_Card.elf.dir/Src/system_stm32l0xx.c.obj
 .debug_line    0x000092a4      0x25b CMakeFiles/L-ink_Card.elf.dir/Src/usart.c.obj
 .debug_line    0x000094ff       0x8e CMakeFiles/L-ink_Card.elf.dir/startup/startup_stm32l051xx.s.obj

.debug_str      0x00000000     0x531f
 .debug_str     0x00000000     0x10ab CMakeFiles/L-ink_Card.elf.dir/Drivers/BSP/Components/ST25DV/st25dv.c.obj
                               0x11af (size before relaxing)
 .debug_str     0x000010ab      0xdc8 CMakeFiles/L-ink_Card.elf.dir/Drivers/BSP/Components/ST25DV/st25dv_reg.c.obj
                                0xfc8 (size before relaxing)
 .debug_str     0x00001e73      0x348 CMakeFiles/L-ink_Card.elf.dir/Drivers/BSP/E-Paper-Display/epd_w21.c.obj
                                0x4e0 (size before relaxing)
 .debug_str     0x000021bb      0x2e2 CMakeFiles/L-ink_Card.elf.dir/Drivers/BSP/NFC04A1/nfc04a1.c.obj
                                0x4e2 (size before relaxing)
 .debug_str     0x0000249d      0x96f CMakeFiles/L-ink_Card.elf.dir/Drivers/BSP/NFC04A1/nfc04a1_nfctag.c.obj
                               0x13b8 (size before relaxing)
 .debug_str     0x00002e0c       0xbd CMakeFiles/L-ink_Card.elf.dir/Drivers/BSP/ST25DV/app_nfc.c.obj
                                0x41e (size before relaxing)
 .debug_str     0x00002ec9      0x436 CMakeFiles/L-ink_Card.elf.dir/Drivers/STM32L0xx_HAL_Driver/Src/stm32l0xx_hal.c.obj
                                0x749 (size before relaxing)
 .debug_str     0x000032ff      0x311 CMakeFiles/L-ink_Card.elf.dir/Drivers/STM32L0xx_HAL_Driver/Src/stm32l0xx_hal_cortex.c.obj
                                0x6ef (size before relaxing)
 .debug_str     0x00003610      0x422 CMakeFiles/L-ink_Card.elf.dir/Drivers/STM32L0xx_HAL_Driver/Src/stm32l0xx_hal_dma.c.obj
                                0x62f (size before relaxing)
 .debug_str     0x00003a32      0x130 CMakeFiles/L-ink_Card.elf.dir/Drivers/STM32L0xx_HAL_Driver/Src/stm32l0xx_hal_gpio.c.obj
                                0x455 (size before relaxing)
 .debug_str     0x00003b62      0x356 CMakeFiles/L-ink_Card.elf.dir/Drivers/STM32L0xx_HAL_Driver/Src/stm32l0xx_hal_rcc.c.obj
                                0x68d (size before relaxing)
 .debug_str     0x00003eb8      0x1fa CMakeFiles/L-ink_Card.elf.dir/Drivers/STM32L0xx_HAL_Driver/Src/stm32l0xx_hal_rcc_ex.c.obj
                                0x4a7 (size before relaxing)
 .debug_str     0x000040b2      0x8b2 CMakeFiles/L-ink_Card.elf.dir/Drivers/STM32L0xx_HAL_Driver/Src/stm32l0xx_hal_uart.c.obj
                                0xd6a (size before relaxing)
 .debug_str     0x00004964      0x1b3 CMakeFiles/L-ink_Card.elf.dir/Drivers/STM32L0xx_HAL_Driver/Src/stm32l0xx_hal_uart_ex.c.obj
                                0x76f (size before relaxing)
 .debug_str     0x00004b17       0x26 CMakeFiles/L-ink_Card.elf.dir/Src/gpio.c.obj
                                0x44b (size before relaxing)
 .debug_str     0x00004b3d      0x3ab CMakeFiles/L-ink_Card.elf.dir/Src/main.c.obj
                                0xd3f (size before relaxing)
 .debug_str     0x00004ee8       0xac CMakeFiles/L-ink_Card.elf.dir/Src/stm32l0xx_hal_exti.c.obj
                                0x2c3 (size before relaxing)
 .debug_str     0x00004f94       0x26 CMakeFiles/L-ink_Card.elf.dir/Src/stm32l0xx_hal_msp.c.obj
                                0x243 (size before relaxing)
 .debug_str     0x00004fba       0x7d CMakeFiles/L-ink_Card.elf.dir/Src/stm32l0xx_it.c.obj
                                0x220 (size before relaxing)
 .debug_str     0x00005037      0x20e CMakeFiles/L-ink_Card.elf.dir/Src/syscalls.c.obj
                                0x3fe (size before relaxing)
 .debug_str     0x00005245       0x67 CMakeFiles/L-ink_Card.elf.dir/Src/system_stm32l0xx.c.obj
                                0x2f1 (size before relaxing)
 .debug_str     0x000052ac       0x39 CMakeFiles/L-ink_Card.elf.dir/Src/usart.c.obj
                                0x6eb (size before relaxing)
 .debug_str     0x000052e5       0x3a CMakeFiles/L-ink_Card.elf.dir/startup/startup_stm32l051xx.s.obj
                                 0x5a (size before relaxing)

.comment        0x00000000       0x49
 .comment       0x00000000       0x49 CMakeFiles/L-ink_Card.elf.dir/Drivers/BSP/Components/ST25DV/st25dv.c.obj
                                 0x4a (size before relaxing)
 .comment       0x00000049       0x4a CMakeFiles/L-ink_Card.elf.dir/Drivers/BSP/Components/ST25DV/st25dv_reg.c.obj
 .comment       0x00000049       0x4a CMakeFiles/L-ink_Card.elf.dir/Drivers/BSP/E-Paper-Display/epd_w21.c.obj
 .comment       0x00000049       0x4a CMakeFiles/L-ink_Card.elf.dir/Drivers/BSP/NFC04A1/nfc04a1.c.obj
 .comment       0x00000049       0x4a CMakeFiles/L-ink_Card.elf.dir/Drivers/BSP/NFC04A1/nfc04a1_nfctag.c.obj
 .comment       0x00000049       0x4a CMakeFiles/L-ink_Card.elf.dir/Drivers/BSP/ST25DV/app_nfc.c.obj
 .comment       0x00000049       0x4a CMakeFiles/L-ink_Card.elf.dir/Drivers/STM32L0xx_HAL_Driver/Src/stm32l0xx_hal.c.obj
 .comment       0x00000049       0x4a CMakeFiles/L-ink_Card.elf.dir/Drivers/STM32L0xx_HAL_Driver/Src/stm32l0xx_hal_cortex.c.obj
 .comment       0x00000049       0x4a CMakeFiles/L-ink_Card.elf.dir/Drivers/STM32L0xx_HAL_Driver/Src/stm32l0xx_hal_dma.c.obj
 .comment       0x00000049       0x4a CMakeFiles/L-ink_Card.elf.dir/Drivers/STM32L0xx_HAL_Driver/Src/stm32l0xx_hal_gpio.c.obj
 .comment       0x00000049       0x4a CMakeFiles/L-ink_Card.elf.dir/Drivers/STM32L0xx_HAL_Driver/Src/stm32l0xx_hal_rcc.c.obj
 .comment       0x00000049       0x4a CMakeFiles/L-ink_Card.elf.dir/Drivers/STM32L0xx_HAL_Driver/Src/stm32l0xx_hal_rcc_ex.c.obj
 .comment       0x00000049       0x4a CMakeFiles/L-ink_Card.elf.dir/Drivers/STM32L0xx_HAL_Driver/Src/stm32l0xx_hal_uart.c.obj
 .comment       0x00000049       0x4a CMakeFiles/L-ink_Card.elf.dir/Drivers/STM32L0xx_HAL_Driver/Src/stm32l0xx_hal_uart_ex.c.obj
 .comment       0x00000049       0x4a CMakeFiles/L-ink_Card.elf.dir/Src/gpio.c.obj
 .comment       0x00000049       0x4a CMakeFiles/L-ink_Card.elf.dir/Src/main.c.obj
 .comment       0x00000049       0x4a CMakeFiles/L-ink_Card.elf.dir/Src/stm32l0xx_hal_exti.c.obj
 .comment       0x00000049       0x4a CMakeFiles/L-ink_Card.elf.dir/Src/stm32l0xx_hal_msp.c.obj
 .comment       0x00000049       0x4a CMakeFiles/L-ink_Card.elf.dir/Src/stm32l0xx_it.c.obj
 .comment       0x00000049       0x4a CMakeFiles/L-ink_Card.elf.dir/Src/syscalls.c.obj
 .comment       0x00000049       0x4a CMakeFiles/L-ink_Card.elf.dir/Src/system_stm32l0xx.c.obj
 .comment       0x00000049       0x4a CMakeFiles/L-ink_Card.elf.dir/Src/usart.c.obj

.debug_frame    0x00000000     0x4a58
 .debug_frame   0x00000000      0x9f8 CMakeFiles/L-ink_Card.elf.dir/Drivers/BSP/Components/ST25DV/st25dv.c.obj
 .debug_frame   0x000009f8     0x1218 CMakeFiles/L-ink_Card.elf.dir/Drivers/BSP/Components/ST25DV/st25dv_reg.c.obj
 .debug_frame   0x00001c10      0x280 CMakeFiles/L-ink_Card.elf.dir/Drivers/BSP/E-Paper-Display/epd_w21.c.obj
 .debug_frame   0x00001e90      0x154 CMakeFiles/L-ink_Card.elf.dir/Drivers/BSP/NFC04A1/nfc04a1.c.obj
 .debug_frame   0x00001fe4      0x9fc CMakeFiles/L-ink_Card.elf.dir/Drivers/BSP/NFC04A1/nfc04a1_nfctag.c.obj
 .debug_frame   0x000029e0       0x9c CMakeFiles/L-ink_Card.elf.dir/Drivers/BSP/ST25DV/app_nfc.c.obj
 .debug_frame   0x00002a7c      0x338 CMakeFiles/L-ink_Card.elf.dir/Drivers/STM32L0xx_HAL_Driver/Src/stm32l0xx_hal.c.obj
 .debug_frame   0x00002db4      0x2fc CMakeFiles/L-ink_Card.elf.dir/Drivers/STM32L0xx_HAL_Driver/Src/stm32l0xx_hal_cortex.c.obj
 .debug_frame   0x000030b0      0x1b0 CMakeFiles/L-ink_Card.elf.dir/Drivers/STM32L0xx_HAL_Driver/Src/stm32l0xx_hal_dma.c.obj
 .debug_frame   0x00003260      0x110 CMakeFiles/L-ink_Card.elf.dir/Drivers/STM32L0xx_HAL_Driver/Src/stm32l0xx_hal_gpio.c.obj
 .debug_frame   0x00003370      0x1a4 CMakeFiles/L-ink_Card.elf.dir/Drivers/STM32L0xx_HAL_Driver/Src/stm32l0xx_hal_rcc.c.obj
 .debug_frame   0x00003514       0xfc CMakeFiles/L-ink_Card.elf.dir/Drivers/STM32L0xx_HAL_Driver/Src/stm32l0xx_hal_rcc_ex.c.obj
 .debug_frame   0x00003610      0x794 CMakeFiles/L-ink_Card.elf.dir/Drivers/STM32L0xx_HAL_Driver/Src/stm32l0xx_hal_uart.c.obj
 .debug_frame   0x00003da4      0x130 CMakeFiles/L-ink_Card.elf.dir/Drivers/STM32L0xx_HAL_Driver/Src/stm32l0xx_hal_uart_ex.c.obj
 .debug_frame   0x00003ed4       0x30 CMakeFiles/L-ink_Card.elf.dir/Src/gpio.c.obj
 .debug_frame   0x00003f04       0xcc CMakeFiles/L-ink_Card.elf.dir/Src/main.c.obj
 .debug_frame   0x00003fd0       0x70 CMakeFiles/L-ink_Card.elf.dir/Src/stm32l0xx_hal_exti.c.obj
 .debug_frame   0x00004040       0x2c CMakeFiles/L-ink_Card.elf.dir/Src/stm32l0xx_hal_msp.c.obj
 .debug_frame   0x0000406c       0xb8 CMakeFiles/L-ink_Card.elf.dir/Src/stm32l0xx_it.c.obj
 .debug_frame   0x00004124      0x264 CMakeFiles/L-ink_Card.elf.dir/Src/syscalls.c.obj
 .debug_frame   0x00004388       0x4c CMakeFiles/L-ink_Card.elf.dir/Src/system_stm32l0xx.c.obj
 .debug_frame   0x000043d4       0x6c CMakeFiles/L-ink_Card.elf.dir/Src/usart.c.obj
 .debug_frame   0x00004440       0x20 c:/progra~1/stmicr~1/stm32c~1/gnu-to~1/bin/../lib/gcc/arm-none-eabi/10.3.1/thumb/v6-m/nofp\libgcc.a(_udivsi3.o)
 .debug_frame   0x00004460       0x3c c:/progra~1/stmicr~1/stm32c~1/gnu-to~1/bin/../lib/gcc/arm-none-eabi/10.3.1/thumb/v6-m/nofp\libgcc.a(_udivmoddi4.o)
 .debug_frame   0x0000449c       0x20 c:/progra~1/stmicr~1/stm32c~1/gnu-to~1/bin/../lib/gcc/arm-none-eabi/10.3.1/../../../../arm-none-eabi/lib/thumb/v6-m/nofp\libg_nano.a(lib_a-errno.o)
 .debug_frame   0x000044bc       0x68 c:/progra~1/stmicr~1/stm32c~1/gnu-to~1/bin/../lib/gcc/arm-none-eabi/10.3.1/../../../../arm-none-eabi/lib/thumb/v6-m/nofp\libg_nano.a(lib_a-fflush.o)
 .debug_frame   0x00004524      0x170 c:/progra~1/stmicr~1/stm32c~1/gnu-to~1/bin/../lib/gcc/arm-none-eabi/10.3.1/../../../../arm-none-eabi/lib/thumb/v6-m/nofp\libg_nano.a(lib_a-findfp.o)
 .debug_frame   0x00004694       0x58 c:/progra~1/stmicr~1/stm32c~1/gnu-to~1/bin/../lib/gcc/arm-none-eabi/10.3.1/../../../../arm-none-eabi/lib/thumb/v6-m/nofp\libg_nano.a(lib_a-fwalk.o)
 .debug_frame   0x000046ec       0x2c c:/progra~1/stmicr~1/stm32c~1/gnu-to~1/bin/../lib/gcc/arm-none-eabi/10.3.1/../../../../arm-none-eabi/lib/thumb/v6-m/nofp\libg_nano.a(lib_a-init.o)
 .debug_frame   0x00004718       0xb0 c:/progra~1/stmicr~1/stm32c~1/gnu-to~1/bin/../lib/gcc/arm-none-eabi/10.3.1/../../../../arm-none-eabi/lib/thumb/v6-m/nofp\libg_nano.a(lib_a-lock.o)
 .debug_frame   0x000047c8       0x20 c:/progra~1/stmicr~1/stm32c~1/gnu-to~1/bin/../lib/gcc/arm-none-eabi/10.3.1/../../../../arm-none-eabi/lib/thumb/v6-m/nofp\libg_nano.a(lib_a-memset.o)
 .debug_frame   0x000047e8       0x2c c:/progra~1/stmicr~1/stm32c~1/gnu-to~1/bin/../lib/gcc/arm-none-eabi/10.3.1/../../../../arm-none-eabi/lib/thumb/v6-m/nofp\libg_nano.a(lib_a-nano-freer.o)
 .debug_frame   0x00004814       0x50 c:/progra~1/stmicr~1/stm32c~1/gnu-to~1/bin/../lib/gcc/arm-none-eabi/10.3.1/../../../../arm-none-eabi/lib/thumb/v6-m/nofp\libg_nano.a(lib_a-nano-mallocr.o)
 .debug_frame   0x00004864       0x2c c:/progra~1/stmicr~1/stm32c~1/gnu-to~1/bin/../lib/gcc/arm-none-eabi/10.3.1/../../../../arm-none-eabi/lib/thumb/v6-m/nofp\libg_nano.a(lib_a-sbrkr.o)
 .debug_frame   0x00004890       0x90 c:/progra~1/stmicr~1/stm32c~1/gnu-to~1/bin/../lib/gcc/arm-none-eabi/10.3.1/../../../../arm-none-eabi/lib/thumb/v6-m/nofp\libg_nano.a(lib_a-stdio.o)
 .debug_frame   0x00004920       0x2c c:/progra~1/stmicr~1/stm32c~1/gnu-to~1/bin/../lib/gcc/arm-none-eabi/10.3.1/../../../../arm-none-eabi/lib/thumb/v6-m/nofp\libg_nano.a(lib_a-writer.o)
 .debug_frame   0x0000494c       0x2c c:/progra~1/stmicr~1/stm32c~1/gnu-to~1/bin/../lib/gcc/arm-none-eabi/10.3.1/../../../../arm-none-eabi/lib/thumb/v6-m/nofp\libg_nano.a(lib_a-closer.o)
 .debug_frame   0x00004978       0x2c c:/progra~1/stmicr~1/stm32c~1/gnu-to~1/bin/../lib/gcc/arm-none-eabi/10.3.1/../../../../arm-none-eabi/lib/thumb/v6-m/nofp\libg_nano.a(lib_a-lseekr.o)
 .debug_frame   0x000049a4       0x40 c:/progra~1/stmicr~1/stm32c~1/gnu-to~1/bin/../lib/gcc/arm-none-eabi/10.3.1/../../../../arm-none-eabi/lib/thumb/v6-m/nofp\libg_nano.a(lib_a-mlock.o)
 .debug_frame   0x000049e4       0x2c c:/progra~1/stmicr~1/stm32c~1/gnu-to~1/bin/../lib/gcc/arm-none-eabi/10.3.1/../../../../arm-none-eabi/lib/thumb/v6-m/nofp\libg_nano.a(lib_a-readr.o)
 .debug_frame   0x00004a10       0x48 c:/progra~1/stmicr~1/stm32c~1/gnu-to~1/bin/../lib/gcc/arm-none-eabi/10.3.1/../../../../arm-none-eabi/lib/thumb/v6-m/nofp\libg_nano.a(lib_a-reent.o)
