Archive member included to satisfy reference by file (symbol)

c:/progra~1/stmicr~1/stm32c~1/gnu-to~1/bin/../lib/gcc/arm-none-eabi/10.3.1/thumb/v6-m/nofp\libgcc.a(_udivsi3.o)
                              CMakeFiles/L-ink_Card.elf.dir/Drivers/STM32L0xx_HAL_Driver/Src/stm32l0xx_hal.c.obj (__aeabi_uidiv)
c:/progra~1/stmicr~1/stm32c~1/gnu-to~1/bin/../lib/gcc/arm-none-eabi/10.3.1/thumb/v6-m/nofp\libgcc.a(_dvmd_tls.o)
                              c:/progra~1/stmicr~1/stm32c~1/gnu-to~1/bin/../lib/gcc/arm-none-eabi/10.3.1/thumb/v6-m/nofp\libgcc.a(_udivsi3.o) (__aeabi_idiv0)
c:/progra~1/stmicr~1/stm32c~1/gnu-to~1/bin/../lib/gcc/arm-none-eabi/10.3.1/thumb/v6-m/nofp\libgcc.a(_aeabi_uldivmod.o)
                              CMakeFiles/L-ink_Card.elf.dir/Drivers/STM32L0xx_HAL_Driver/Src/stm32l0xx_hal_uart.c.obj (__aeabi_uldivmod)
c:/progra~1/stmicr~1/stm32c~1/gnu-to~1/bin/../lib/gcc/arm-none-eabi/10.3.1/thumb/v6-m/nofp\libgcc.a(_udivmoddi4.o)
                              c:/progra~1/stmicr~1/stm32c~1/gnu-to~1/bin/../lib/gcc/arm-none-eabi/10.3.1/thumb/v6-m/nofp\libgcc.a(_aeabi_uldivmod.o) (__udivmoddi4)
c:/progra~1/stmicr~1/stm32c~1/gnu-to~1/bin/../lib/gcc/arm-none-eabi/10.3.1/thumb/v6-m/nofp\libgcc.a(_clzdi2.o)
                              c:/progra~1/stmicr~1/stm32c~1/gnu-to~1/bin/../lib/gcc/arm-none-eabi/10.3.1/thumb/v6-m/nofp\libgcc.a(_udivmoddi4.o) (__clzdi2)
c:/progra~1/stmicr~1/stm32c~1/gnu-to~1/bin/../lib/gcc/arm-none-eabi/10.3.1/thumb/v6-m/nofp\libgcc.a(_clzsi2.o)
                              c:/progra~1/stmicr~1/stm32c~1/gnu-to~1/bin/../lib/gcc/arm-none-eabi/10.3.1/thumb/v6-m/nofp\libgcc.a(_clzdi2.o) (__clzsi2)
c:/progra~1/stmicr~1/stm32c~1/gnu-to~1/bin/../lib/gcc/arm-none-eabi/10.3.1/../../../../arm-none-eabi/lib/thumb/v6-m/nofp\libg_nano.a(lib_a-errno.o)
                              CMakeFiles/L-ink_Card.elf.dir/Src/syscalls.c.obj (__errno)
c:/progra~1/stmicr~1/stm32c~1/gnu-to~1/bin/../lib/gcc/arm-none-eabi/10.3.1/../../../../arm-none-eabi/lib/thumb/v6-m/nofp\libg_nano.a(lib_a-exit.o)
                              c:/progra~1/stmicr~1/stm32c~1/gnu-to~1/bin/../lib/gcc/arm-none-eabi/10.3.1/../../../../arm-none-eabi/lib/thumb/v6-m/nofp/crt0.o (exit)
c:/progra~1/stmicr~1/stm32c~1/gnu-to~1/bin/../lib/gcc/arm-none-eabi/10.3.1/../../../../arm-none-eabi/lib/thumb/v6-m/nofp\libg_nano.a(lib_a-fflush.o)
                              CMakeFiles/L-ink_Card.elf.dir/Src/main.c.obj (fflush)
c:/progra~1/stmicr~1/stm32c~1/gnu-to~1/bin/../lib/gcc/arm-none-eabi/10.3.1/../../../../arm-none-eabi/lib/thumb/v6-m/nofp\libg_nano.a(lib_a-findfp.o)
                              c:/progra~1/stmicr~1/stm32c~1/gnu-to~1/bin/../lib/gcc/arm-none-eabi/10.3.1/../../../../arm-none-eabi/lib/thumb/v6-m/nofp\libg_nano.a(lib_a-fflush.o) (__sinit)
c:/progra~1/stmicr~1/stm32c~1/gnu-to~1/bin/../lib/gcc/arm-none-eabi/10.3.1/../../../../arm-none-eabi/lib/thumb/v6-m/nofp\libg_nano.a(lib_a-fwalk.o)
                              c:/progra~1/stmicr~1/stm32c~1/gnu-to~1/bin/../lib/gcc/arm-none-eabi/10.3.1/../../../../arm-none-eabi/lib/thumb/v6-m/nofp\libg_nano.a(lib_a-findfp.o) (_fwalk)
c:/progra~1/stmicr~1/stm32c~1/gnu-to~1/bin/../lib/gcc/arm-none-eabi/10.3.1/../../../../arm-none-eabi/lib/thumb/v6-m/nofp\libg_nano.a(lib_a-impure.o)
                              c:/progra~1/stmicr~1/stm32c~1/gnu-to~1/bin/../lib/gcc/arm-none-eabi/10.3.1/../../../../arm-none-eabi/lib/thumb/v6-m/nofp\libg_nano.a(lib_a-exit.o) (_global_impure_ptr)
c:/progra~1/stmicr~1/stm32c~1/gnu-to~1/bin/../lib/gcc/arm-none-eabi/10.3.1/../../../../arm-none-eabi/lib/thumb/v6-m/nofp\libg_nano.a(lib_a-init.o)
                              c:/progra~1/stmicr~1/stm32c~1/gnu-to~1/bin/../lib/gcc/arm-none-eabi/10.3.1/../../../../arm-none-eabi/lib/thumb/v6-m/nofp/crt0.o (__libc_init_array)
c:/progra~1/stmicr~1/stm32c~1/gnu-to~1/bin/../lib/gcc/arm-none-eabi/10.3.1/../../../../arm-none-eabi/lib/thumb/v6-m/nofp\libg_nano.a(lib_a-lock.o)
                              c:/progra~1/stmicr~1/stm32c~1/gnu-to~1/bin/../lib/gcc/arm-none-eabi/10.3.1/../../../../arm-none-eabi/lib/thumb/v6-m/nofp\libg_nano.a(lib_a-findfp.o) (__retarget_lock_init_recursive)
c:/progra~1/stmicr~1/stm32c~1/gnu-to~1/bin/../lib/gcc/arm-none-eabi/10.3.1/../../../../arm-none-eabi/lib/thumb/v6-m/nofp\libg_nano.a(lib_a-memset.o)
                              c:/progra~1/stmicr~1/stm32c~1/gnu-to~1/bin/../lib/gcc/arm-none-eabi/10.3.1/../../../../arm-none-eabi/lib/thumb/v6-m/nofp/crt0.o (memset)
c:/progra~1/stmicr~1/stm32c~1/gnu-to~1/bin/../lib/gcc/arm-none-eabi/10.3.1/../../../../arm-none-eabi/lib/thumb/v6-m/nofp\libg_nano.a(lib_a-nano-freer.o)
                              c:/progra~1/stmicr~1/stm32c~1/gnu-to~1/bin/../lib/gcc/arm-none-eabi/10.3.1/../../../../arm-none-eabi/lib/thumb/v6-m/nofp\libg_nano.a(lib_a-fflush.o) (_free_r)
c:/progra~1/stmicr~1/stm32c~1/gnu-to~1/bin/../lib/gcc/arm-none-eabi/10.3.1/../../../../arm-none-eabi/lib/thumb/v6-m/nofp\libg_nano.a(lib_a-nano-mallocr.o)
[...]
Memory Configuration

Name             Origin             Length             Attributes
RAM              0x20000000         0x00002000         xrw
FLASH            0x08000000         0x00010000         xr
*default*        0x00000000         0xffffffff

Linker script and memory map

LOAD c:/progra~1/stmicr~1/stm32c~1/gnu-to~1/bin/../lib/gcc/arm-none-eabi/10.3.1/thumb/v6-m/nofp/crti.o
LOAD c:/progra~1/stmicr~1/stm32c~1/gnu-to~1/bin/../lib/gcc/arm-none-eabi/10.3.1/thumb/v6-m/nofp/crtbegin.o
LOAD c:/progra~1/stmicr~1/stm32c~1/gnu-to~1/bin/../lib/gcc/arm-none-eabi/10.3.1/../../../../arm-none-eabi/lib/thumb/v6-m/nofp/crt0.o
LOAD CMakeFiles/L-ink_Card.elf.dir/Drivers/BSP/Components/ST25DV/st25dv.c.obj
LOAD CMakeFiles/L-ink_Card.elf.dir/Drivers/BSP/Components/ST25DV/st25dv_reg.c.obj
LOAD CMakeFiles/L-ink_Card.elf.dir/Drivers/BSP/E-Paper-Display/epd_w21.c.obj
LOAD CMakeFiles/L-ink_Card.elf.dir/Drivers/BSP/NFC04A1/nfc04a1.c.obj
LOAD CMakeFiles/L-ink_Card.elf.dir/Drivers/BSP/NFC04A1/nfc04a1_nfctag.c.obj
LOAD CMakeFiles/L-ink_Card.elf.dir/Drivers/BSP/ST25DV/app_nfc.c.obj
LOAD CMakeFiles/L-ink_Card.elf.dir/Drivers/STM32L0xx_HAL_Driver/Src/stm32l0xx_hal.c.obj
LOAD CMakeFiles/L-ink_Card.elf.dir/Drivers/STM32L0xx_HAL_Driver/Src/stm32l0xx_hal_cortex.c.obj
LOAD CMakeFiles/L-ink_Card.elf.dir/Drivers/STM32L0xx_HAL_Driver/Src/stm32l0xx_hal_dma.c.obj
LOAD CMakeFiles/L-ink_Card.elf.dir/Drivers/STM32L0xx_HAL_Driver/Src/stm32l0xx_hal_flash.c.obj
LOAD CMakeFiles/L-ink_Card.elf.dir/Drivers/STM32L0xx_HAL_Driver/Src/stm32l0xx_hal_flash_ex.c.obj
LOAD CMakeFiles/L-ink_Card.elf.dir/Drivers/STM32L0xx_HAL_Driver/Src/stm32l0xx_hal_flash_ramfunc.c.obj
LOAD CMakeFiles/L-ink_Card.elf.dir/Drivers/STM32L0xx_HAL_Driver/Src/stm32l0xx_hal_gpio.c.obj
LOAD CMakeFiles/L-ink_Card.elf.dir/Drivers/STM32L0xx_HAL_Driver/Src/stm32l0xx_hal_i2c.c.obj
LOAD CMakeFiles/L-ink_Card.elf.dir/Drivers/STM32L0xx_HAL_Driver/Src/stm32l0xx_hal_i2c_ex.c.obj
LOAD CMakeFiles/L-ink_Card.elf.dir/Drivers/STM32L0xx_HAL_Driver/Src/stm32l0xx_hal_pwr.c.obj
LOAD CMakeFiles/L-ink_Card.elf.dir/Drivers/STM32L0xx_HAL_Driver/Src/stm32l0xx_hal_pwr_ex.c.obj
LOAD CMakeFiles/L-ink_Card.elf.dir/Drivers/STM32L0xx_HAL_Driver/Src/stm32l0xx_hal_rcc.c.obj
LOAD CMakeFiles/L-ink_Card.elf.dir/Drivers/STM32L0xx_HAL_Driver/Src/stm32l0xx_hal_rcc_ex.c.obj
LOAD CMakeFiles/L-ink_Card.elf.dir/Drivers/STM32L0xx_HAL_Driver/Src/stm32l0xx_hal_tim.c.obj
LOAD CMakeFiles/L-ink_Card.elf.dir/Drivers/STM32L0xx_HAL_Driver/Src/stm32l0xx_hal_tim_ex.c.obj
LOAD CMakeFiles/L-ink_Card.elf.dir/Drivers/STM32L0xx_HAL_Driver/Src/stm32l0xx_hal_uart.c.obj
LOAD CMakeFiles/L-ink_Card.elf.dir/Drivers/STM32L0xx_HAL_Driver/Src/stm32l0xx_hal_uart_ex.c.obj
LOAD CMakeFiles/L-ink_Card.elf.dir/Src/custom_bus.c.obj
LOAD CMakeFiles/L-ink_Card.elf.dir/Src/gpio.c.obj
LOAD CMakeFiles/L-ink_Card.elf.dir/Src/main.c.obj
LOAD CMakeFiles/L-ink_Card.elf.dir/Src/stm32l0xx_hal_exti.c.obj
LOAD CMakeFiles/L-ink_Card.elf.dir/Src/stm32l0xx_hal_msp.c.obj
LOAD CMakeFiles/L-ink_Card.elf.dir/Src/stm32l0xx_it.c.obj
LOAD CMakeFiles/L-ink_Card.elf.dir/Src/syscalls.c.obj
LOAD CMakeFiles/L-ink_Card.elf.dir/Src/system_stm32l0xx.c.obj
LOAD CMakeFiles/L-ink_Card.elf.dir/Src/usart.c.obj
LOAD CMakeFiles/L-ink_Card.elf.dir/startup/startup_stm32l051xx.s.obj
START GROUP
LOAD c:/progra~1/stmicr~1/stm32c~1/gnu-to~1/bin/../lib/gcc/arm-none-eabi/10.3.1/thumb/v6-m/nofp\libgcc.a
LOAD c:/progra~1/stmicr~1/stm32c~1/gnu-to~1/bin/../lib/gcc/arm-none-eabi/10.3.1/../../../../arm-none-eabi/lib/thumb/v6-m/nofp\libg_nano.a
LOAD c:/progra~1/stmicr~1/stm32c~1/gnu-to~1/bin/../lib/gcc/arm-none-eabi/10.3.1/../../../../arm-none-eabi/lib/thumb/v6-m/nofp\libc_nano.a
END GROUP
START GROUP
LOAD c:/progra~1/stmicr~1/stm32c~1/gnu-to~1/bin/../lib/gcc/arm-none-eabi/10.3.1/thumb/v6-m/nofp\libgcc.a
LOAD c:/progra~1/stmicr~1/stm32c~1/gnu-to~1/bin/../lib/gcc/arm-none-eabi/10.3.1/../../../../arm-none-eabi/lib/thumb/v6-m/nofp\libc_nano.a
LOAD c:/progra~1/stmicr~1/stm32c~1/gnu-to~1/bin/../lib/gcc/arm-none-eabi/10.3.1/../../../../arm-none-eabi/lib/thumb/v6-m/nofp\libnosys.a
END GROUP
START GROUP
LOAD c:/progra~1/stmicr~1/stm32c~1/gnu-to~1/bin/../lib/gcc/arm-none-eabi/10.3.1/thumb/v6-m/nofp\libgcc.a
LOAD c:/progra~1/stmicr~1/stm32c~1/gnu-to~1/bin/../lib/gcc/arm-none-eabi/10.3.1/../../../../arm-none-eabi/lib/thumb/v6-m/nofp\libc_nano.a
LOAD c:/progra~1/stmicr~1/stm32c~1/gnu-to~1/bin/../lib/gcc/arm-none-eabi/10.3.1/../../../../arm-none-eabi/lib/thumb/v6-m/nofp\libnosys.a
END GROUP
LOAD c:/progra~1/stmicr~1/stm32c~1/gnu-to~1/bin/../lib/gcc/arm-none-eabi/10.3.1/thumb/v6-m/nofp/crtend.o
LOAD c:/progra~1/stmicr~1/stm32c~1/gnu-to~1/bin/../lib/gcc/arm-none-eabi/10.3.1/thumb/v6-m/nofp/crtn.o
                0x20002000                _estack = 0x20002000
                0x00000200                _Min_Heap_Size = 0x200
                0x00000400                _Min_Stack_Size = 0x400

.isr_vector     0x08000000       0xc0
                0x08000000                . = ALIGN (0x4)
 *(.isr_vector)
 .isr_vector    0x08000000       0xc0 CMakeFiles/L-ink_Card.elf.dir/startup/startup_stm32l051xx.s.obj
                0x08000000                g_pfnVectors
                0x080000c0                . = ALIGN (0x4)

.text           0x080000c0     0x6b58
                0x080000c0                . = ALIGN (0x4)
 *(.text)
 .text          0x080000c0       0x48 c:/progra~1/stmicr~1/stm32c~1/gnu-to~1/bin/../lib/gcc/arm-none-eabi/10.3.1/thumb/v6-m/nofp/crtbegin.o
 .text          0x08000108      0x114 c:/progra~1/stmicr~1/stm32c~1/gnu-to~1/bin/../lib/gcc/arm-none-eabi/10.3.1/thumb/v6-m/nofp\libgcc.a(_udivsi3.o)
                0x08000108                __aeabi_uidiv
                0x08000108                __udivsi3
                0x08000214                __aeabi_uidivmod
 .text          0x0800021c        0x4 c:/progra~1/stmicr~1/stm32c~1/gnu-to~1/bin/../lib/gcc/arm-none-eabi/10.3.1/thumb/v6-m/nofp\libgcc.a(_dvmd_tls.o)
                0x0800021c                __aeabi_idiv0
                0x0800021c                __aeabi_ldiv0
 .text          0x08000220       0x40 c:/progra~1/stmicr~1/stm32c~1/gnu-to~1/bin/../lib/gcc/arm-none-eabi/10.3.1/thumb/v6-m/nofp\libgcc.a(_aeabi_uldivmod.o)
                0x08000220                __aeabi_uldivmod
 .text          0x08000260      0x198 c:/progra~1/stmicr~1/stm32c~1/gnu-to~1/bin/../lib/gcc/arm-none-eabi/10.3.1/thumb/v6-m/nofp\libgcc.a(_udivmoddi4.o)
                0x08000260                __udivmoddi4
 .text          0x080003f8       0x18 c:/progra~1/stmicr~1/stm32c~1/gnu-to~1/bin/../lib/gcc/arm-none-eabi/10.3.1/thumb/v6-m/nofp\libgcc.a(_clzdi2.o)
                0x080003f8                __clzdi2
 .text          0x08000410       0x3c c:/progra~1/stmicr~1/stm32c~1/gnu-to~1/bin/../lib/gcc/arm-none-eabi/10.3.1/thumb/v6-m/nofp\libgcc.a(_clzsi2.o)
                0x08000410                __clzsi2
 .text          0x0800044c        0xe c:/progra~1/stmicr~1/stm32c~1/gnu-to~1/bin/../lib/gcc/arm-none-eabi/10.3.1/../../../../arm-none-eabi/lib/thumb/v6-m/nofp\libg_nano.a(lib_a-strlen.o)
                0x0800044c                strlen
 *fill*         0x0800045a        0x2 
 .text          0x0800045c       0x14 c:/progra~1/stmicr~1/stm32c~1/gnu-to~1/bin/../lib/gcc/arm-none-eabi/10.3.1/thumb/v6-m/nofp\libgcc.a(_thumb1_case_shi.o)
                0x0800045c                __gnu_thumb1_case_shi
 *(.text*)
 .text.ST25DV_RegisterBusIO
                0x08000470       0x90 CMakeFiles/L-ink_Card.elf.dir/Drivers/BSP/Components/ST25DV/st25dv.c.obj
                0x08000470                ST25DV_RegisterBusIO
 .text.ST25DV_Init
                0x08000500       0x46 CMakeFiles/L-ink_Card.elf.dir/Drivers/BSP/Components/ST25DV/st25dv.c.obj
                0x08000500                ST25DV_Init
 .text.ST25DV_ReadID
                0x08000546       0x22 CMakeFiles/L-ink_Card.elf.dir/Drivers/BSP/Components/ST25DV/st25dv.c.obj
                0x08000546                ST25DV_ReadID
 .text.ST25DV_IsDeviceReady
                0x08000568       0x20 CMakeFiles/L-ink_Card.elf.dir/Drivers/BSP/Components/ST25DV/st25dv.c.obj
                0x08000568                ST25DV_IsDeviceReady
 .text.ST25DV_GetGPOStatus
                0x08000588       0x3e CMakeFiles/L-ink_Card.elf.dir/Drivers/BSP/Components/ST25DV/st25dv.c.obj
                0x08000588                ST25DV_GetGPOStatus
 .text.ST25DV_ConfigureGPO
                0x080005c6       0x26 CMakeFiles/L-ink_Card.elf.dir/Drivers/BSP/Components/ST25DV/st25dv.c.obj
                0x080005c6                ST25DV_ConfigureGPO
 .text.ST25DV_ReadData
                0x080005ec       0x34 CMakeFiles/L-ink_Card.elf.dir/Drivers/BSP/Components/ST25DV/st25dv.c.obj
                0x080005ec                ST25DV_ReadData
 .text.ST25DV_WriteData
                0x08000620       0xfc CMakeFiles/L-ink_Card.elf.dir/Drivers/BSP/Components/ST25DV/st25dv.c.obj
                0x08000620                ST25DV_WriteData
 .text.ST25DV_WriteRegister
                0x0800071c      0x100 CMakeFiles/L-ink_Card.elf.dir/Drivers/BSP/Components/ST25DV/st25dv.c.obj
                0x0800071c                ST25DV_WriteRegister
 .text.ST25DV_PresentI2CPassword
                0x0800081c       0xc0 CMakeFiles/L-ink_Card.elf.dir/Drivers/BSP/Components/ST25DV/st25dv.c.obj
                0x0800081c                ST25DV_PresentI2CPassword
 .text.ST25DV_WriteEHMode
                0x080008dc       0x30 CMakeFiles/L-ink_Card.elf.dir/Drivers/BSP/Components/ST25DV/st25dv.c.obj
                0x080008dc                ST25DV_WriteEHMode
 .text.ST25DV_ReadMBMode
                0x0800090c       0x4a CMakeFiles/L-ink_Card.elf.dir/Drivers/BSP/Components/ST25DV/st25dv.c.obj
                0x0800090c                ST25DV_ReadMBMode
 .text.ST25DV_WriteMBMode
                0x08000956       0x34 CMakeFiles/L-ink_Card.elf.dir/Drivers/BSP/Components/ST25DV/st25dv.c.obj
                0x08000956                ST25DV_WriteMBMode
 *fill*         0x0800098a        0x2 
 .text.ST25DV_ReadMailboxData
                0x0800098c       0x50 CMakeFiles/L-ink_Card.elf.dir/Drivers/BSP/Components/ST25DV/st25dv.c.obj
                0x0800098c                ST25DV_ReadMailboxData
 .text.ST25DV_ReadI2CSecuritySession_Dyn
                0x080009dc       0x4a CMakeFiles/L-ink_Card.elf.dir/Drivers/BSP/Components/ST25DV/st25dv.c.obj
                0x080009dc                ST25DV_ReadI2CSecuritySession_Dyn
 .text.ST25DV_SetEHENMode_Dyn
                0x08000a26       0x28 CMakeFiles/L-ink_Card.elf.dir/Drivers/BSP/Components/ST25DV/st25dv.c.obj
                0x08000a26                ST25DV_SetEHENMode_Dyn
 .text.ST25DV_ReadMBCtrl_Dyn
                0x08000a4e       0x96 CMakeFiles/L-ink_Card.elf.dir/Drivers/BSP/Components/ST25DV/st25dv.c.obj
                0x08000a4e                ST25DV_ReadMBCtrl_Dyn
 .text.ST25DV_SetMBEN_Dyn
                0x08000ae4       0x28 CMakeFiles/L-ink_Card.elf.dir/Drivers/BSP/Components/ST25DV/st25dv.c.obj
                0x08000ae4                ST25DV_SetMBEN_Dyn
 .text.ST25DV_ReadMBLength_Dyn
                0x08000b0c       0x22 CMakeFiles/L-ink_Card.elf.dir/Drivers/BSP/Components/ST25DV/st25dv.c.obj
                0x08000b0c                ST25DV_ReadMBLength_Dyn
 .text.ReadRegWrap
                0x08000b2e       0x6a CMakeFiles/L-ink_Card.elf.dir/Drivers/BSP/Components/ST25DV/st25dv.c.obj
 .text.WriteRegWrap
                0x08000b98       0xb2 CMakeFiles/L-ink_Card.elf.dir/Drivers/BSP/Components/ST25DV/st25dv.c.obj
 .text.ST25DV_ReadReg
                0x08000c4a       0x3e CMakeFiles/L-ink_Card.elf.dir/Drivers/BSP/Components/ST25DV/st25dv_reg.c.obj
                0x08000c4a                ST25DV_ReadReg
 .text.ST25DV_WriteReg
                0x08000c88       0x3e CMakeFiles/L-ink_Card.elf.dir/Drivers/BSP/Components/ST25DV/st25dv_reg.c.obj
                0x08000c88                ST25DV_WriteReg
 .text.ST25DV_GetICREF
                0x08000cc6       0x2a CMakeFiles/L-ink_Card.elf.dir/Drivers/BSP/Components/ST25DV/st25dv_reg.c.obj
                0x08000cc6                ST25DV_GetICREF
 .text.ST25DV_GetMB_MODE_RW
                0x08000cf0       0x40 CMakeFiles/L-ink_Card.elf.dir/Drivers/BSP/Components/ST25DV/st25dv_reg.c.obj
                0x08000cf0                ST25DV_GetMB_MODE_RW
 .text.ST25DV_SetMB_MODE_RW
                0x08000d30       0x66 CMakeFiles/L-ink_Card.elf.dir/Drivers/BSP/Components/ST25DV/st25dv_reg.c.obj
                0x08000d30                ST25DV_SetMB_MODE_RW
 *fill*         0x08000d96        0x2 
 .text.ST25DV_GetMBLEN_DYN_MBLEN
                0x08000d98       0x30 CMakeFiles/L-ink_Card.elf.dir/Drivers/BSP/Components/ST25DV/st25dv_reg.c.obj
                0x08000d98                ST25DV_GetMBLEN_DYN_MBLEN
 .text.ST25DV_SetMB_CTRL_DYN_MBEN
                0x08000dc8       0x6c CMakeFiles/L-ink_Card.elf.dir/Drivers/BSP/Components/ST25DV/st25dv_reg.c.obj
                0x08000dc8                ST25DV_SetMB_CTRL_DYN_MBEN
 .text.ST25DV_GetMB_CTRL_DYN_ALL
                0x08000e34       0x30 CMakeFiles/L-ink_Card.elf.dir/Drivers/BSP/Components/ST25DV/st25dv_reg.c.obj
                0x08000e34                ST25DV_GetMB_CTRL_DYN_ALL
 .text.ST25DV_GetGPO_ALL
                0x08000e64       0x2a CMakeFiles/L-ink_Card.elf.dir/Drivers/BSP/Components/ST25DV/st25dv_reg.c.obj
                0x08000e64                ST25DV_GetGPO_ALL
 .text.ST25DV_SetGPO_ALL
                0x08000e8e       0x2a CMakeFiles/L-ink_Card.elf.dir/Drivers/BSP/Components/ST25DV/st25dv_reg.c.obj
                0x08000e8e                ST25DV_SetGPO_ALL
 .text.ST25DV_SetEH_MODE
                0x08000eb8       0x66 CMakeFiles/L-ink_Card.elf.dir/Drivers/BSP/Components/ST25DV/st25dv_reg.c.obj
                0x08000eb8                ST25DV_SetEH_MODE
 *fill*         0x08000f1e        0x2 
 .text.ST25DV_SetEH_CTRL_DYN_EH_EN
                0x08000f20       0x6c CMakeFiles/L-ink_Card.elf.dir/Drivers/BSP/Components/ST25DV/st25dv_reg.c.obj
                0x08000f20                ST25DV_SetEH_CTRL_DYN_EH_EN
 .text.ST25DV_GetI2C_SSO_DYN_I2CSSO
                0x08000f8c       0x44 CMakeFiles/L-ink_Card.elf.dir/Drivers/BSP/Components/ST25DV/st25dv_reg.c.obj
                0x08000f8c                ST25DV_GetI2C_SSO_DYN_I2CSSO
 .text.SpiDelay
                0x08000fd0       0x4a CMakeFiles/L-ink_Card.elf.dir/Drivers/BSP/E-Paper-Display/epd_w21.c.obj
                0x08000fd0                SpiDelay
 .text.SpiWrite
                0x0800101a       0x9c CMakeFiles/L-ink_Card.elf.dir/Drivers/BSP/E-Paper-Display/epd_w21.c.obj
                0x0800101a                SpiWrite
 .text.DEV_SPI_WriteByte
                0x080010b6       0x1e CMakeFiles/L-ink_Card.elf.dir/Drivers/BSP/E-Paper-Display/epd_w21.c.obj
                0x080010b6                DEV_SPI_WriteByte
 .text.EPD_1IN54_V2_Reset
                0x080010d4       0x44 CMakeFiles/L-ink_Card.elf.dir/Drivers/BSP/E-Paper-Display/epd_w21.c.obj
 .text.EPD_1IN54_V2_SendCommand
                0x08001118       0x4c CMakeFiles/L-ink_Card.elf.dir/Drivers/BSP/E-Paper-Display/epd_w21.c.obj
 .text.EPD_1IN54_V2_SendData
                0x08001164       0x4c CMakeFiles/L-ink_Card.elf.dir/Drivers/BSP/E-Paper-Display/epd_w21.c.obj
 .text.EPD_1IN54_V2_ReadBusy
                0x080011b0       0x2a CMakeFiles/L-ink_Card.elf.dir/Drivers/BSP/E-Paper-Display/epd_w21.c.obj
 .text.EPD_1IN54_V2_TurnOnDisplay
                0x080011da       0x20 CMakeFiles/L-ink_Card.elf.dir/Drivers/BSP/E-Paper-Display/epd_w21.c.obj
 .text.EPD_1IN54_V2_Lut
                0x080011fa       0x4a CMakeFiles/L-ink_Card.elf.dir/Drivers/BSP/E-Paper-Display/epd_w21.c.obj
 .text.EPD_1IN54_V2_SetLut
                0x08001244       0x78 CMakeFiles/L-ink_Card.elf.dir/Drivers/BSP/E-Paper-Display/epd_w21.c.obj
 .text.EPD_1IN54_V2_SetWindows
                0x080012bc       0x92 CMakeFiles/L-ink_Card.elf.dir/Drivers/BSP/E-Paper-Display/epd_w21.c.obj
 .text.EPD_1IN54_V2_SetCursor
                0x0800134e       0x4e CMakeFiles/L-ink_Card.elf.dir/Drivers/BSP/E-Paper-Display/epd_w21.c.obj
 .text.EPD_1IN54_V2_Init
                0x0800139c       0x90 CMakeFiles/L-ink_Card.elf.dir/Drivers/BSP/E-Paper-Display/epd_w21.c.obj
                0x0800139c                EPD_1IN54_V2_Init
 .text.EPD_1IN54_V2_Display
                0x0800142c       0xa8 CMakeFiles/L-ink_Card.elf.dir/Drivers/BSP/E-Paper-Display/epd_w21.c.obj
                0x0800142c                EPD_1IN54_V2_Display
 .text.NFC04A1_GPO_Init
                0x080014d4       0x70 CMakeFiles/L-ink_Card.elf.dir/Drivers/BSP/NFC04A1/nfc04a1.c.obj
                0x080014d4                NFC04A1_GPO_Init
 .text.NFC04A1_NFCTAG_Init
                0x08001544       0xb8 CMakeFiles/L-ink_Card.elf.dir/Drivers/BSP/NFC04A1/nfc04a1_nfctag.c.obj
                0x08001544                NFC04A1_NFCTAG_Init
 .text.NFC04A1_NFCTAG_ConfigIT
                0x080015fc       0x40 CMakeFiles/L-ink_Card.elf.dir/Drivers/BSP/NFC04A1/nfc04a1_nfctag.c.obj
                0x080015fc                NFC04A1_NFCTAG_ConfigIT
 .text.NFC04A1_NFCTAG_PresentI2CPassword
                0x0800163c       0x28 CMakeFiles/L-ink_Card.elf.dir/Drivers/BSP/NFC04A1/nfc04a1_nfctag.c.obj
                0x0800163c                NFC04A1_NFCTAG_PresentI2CPassword
 .text.NFC04A1_NFCTAG_WriteEHMode
                0x08001664       0x2c CMakeFiles/L-ink_Card.elf.dir/Drivers/BSP/NFC04A1/nfc04a1_nfctag.c.obj
                0x08001664                NFC04A1_NFCTAG_WriteEHMode
 .text.NFC04A1_NFCTAG_ReadMBMode
                0x08001690       0x24 CMakeFiles/L-ink_Card.elf.dir/Drivers/BSP/NFC04A1/nfc04a1_nfctag.c.obj
                0x08001690                NFC04A1_NFCTAG_ReadMBMode
 .text.NFC04A1_NFCTAG_WriteMBMode
                0x080016b4       0x2c CMakeFiles/L-ink_Card.elf.dir/Drivers/BSP/NFC04A1/nfc04a1_nfctag.c.obj
                0x080016b4                NFC04A1_NFCTAG_WriteMBMode
 .text.NFC04A1_NFCTAG_ReadMailboxData
                0x080016e0       0x38 CMakeFiles/L-ink_Card.elf.dir/Drivers/BSP/NFC04A1/nfc04a1_nfctag.c.obj
                0x080016e0                NFC04A1_NFCTAG_ReadMailboxData
 .text.NFC04A1_NFCTAG_ReadI2CSecuritySession_Dyn
                0x08001718       0x24 CMakeFiles/L-ink_Card.elf.dir/Drivers/BSP/NFC04A1/nfc04a1_nfctag.c.obj
                0x08001718                NFC04A1_NFCTAG_ReadI2CSecuritySession_Dyn
 .text.NFC04A1_NFCTAG_SetEHENMode_Dyn
                0x0800173c       0x20 CMakeFiles/L-ink_Card.elf.dir/Drivers/BSP/NFC04A1/nfc04a1_nfctag.c.obj
                0x0800173c                NFC04A1_NFCTAG_SetEHENMode_Dyn
 .text.NFC04A1_NFCTAG_ReadMBCtrl_Dyn
                0x0800175c       0x24 CMakeFiles/L-ink_Card.elf.dir/Drivers/BSP/NFC04A1/nfc04a1_nfctag.c.obj
                0x0800175c                NFC04A1_NFCTAG_ReadMBCtrl_Dyn
 .text.NFC04A1_NFCTAG_SetMBEN_Dyn
                0x08001780       0x20 CMakeFiles/L-ink_Card.elf.dir/Drivers/BSP/NFC04A1/nfc04a1_nfctag.c.obj
                0x08001780                NFC04A1_NFCTAG_SetMBEN_Dyn
 .text.NFC04A1_NFCTAG_ReadMBLength_Dyn
                0x080017a0       0x24 CMakeFiles/L-ink_Card.elf.dir/Drivers/BSP/NFC04A1/nfc04a1_nfctag.c.obj
                0x080017a0                NFC04A1_NFCTAG_ReadMBLength_Dyn
 .text.MX_NFC_Init
                0x080017c4        0xe CMakeFiles/L-ink_Card.elf.dir/Drivers/BSP/ST25DV/app_nfc.c.obj
                0x080017c4                MX_NFC_Init
 .text.MX_NFC_Process
                0x080017d2        0xe CMakeFiles/L-ink_Card.elf.dir/Drivers/BSP/ST25DV/app_nfc.c.obj
                0x080017d2                MX_NFC_Process
 .text.MX_NFC4_MAILBOX_Init
                0x080017e0       0xec CMakeFiles/L-ink_Card.elf.dir/Drivers/BSP/ST25DV/app_nfc.c.obj
                0x080017e0                MX_NFC4_MAILBOX_Init
 .text.MX_NFC4_MAILBOX_Process
                0x080018cc       0xd4 CMakeFiles/L-ink_Card.elf.dir/Drivers/BSP/ST25DV/app_nfc.c.obj
                0x080018cc                MX_NFC4_MAILBOX_Process
 .text.BSP_GPO_Callback
                0x080019a0       0x14 CMakeFiles/L-ink_Card.elf.dir/Drivers/BSP/ST25DV/app_nfc.c.obj
                0x080019a0                BSP_GPO_Callback
 .text.HAL_Init
                0x080019b4       0x40 CMakeFiles/L-ink_Card.elf.dir/Drivers/STM32L0xx_HAL_Driver/Src/stm32l0xx_hal.c.obj
                0x080019b4                HAL_Init
 .text.HAL_InitTick
                0x080019f4       0x54 CMakeFiles/L-ink_Card.elf.dir/Drivers/STM32L0xx_HAL_Driver/Src/stm32l0xx_hal.c.obj
                0x080019f4                HAL_InitTick
 .text.HAL_IncTick
                0x08001a48       0x18 CMakeFiles/L-ink_Card.elf.dir/Drivers/STM32L0xx_HAL_Driver/Src/stm32l0xx_hal.c.obj
                0x08001a48                HAL_IncTick
 .text.HAL_GetTick
                0x08001a60       0x14 CMakeFiles/L-ink_Card.elf.dir/Drivers/STM32L0xx_HAL_Driver/Src/stm32l0xx_hal.c.obj
                0x08001a60                HAL_GetTick
 .text.HAL_Delay
                0x08001a74       0x3c CMakeFiles/L-ink_Card.elf.dir/Drivers/STM32L0xx_HAL_Driver/Src/stm32l0xx_hal.c.obj
                0x08001a74                HAL_Delay
 .text.NVIC_EnableIRQ
                0x08001ab0       0x2c CMakeFiles/L-ink_Card.elf.dir/Drivers/STM32L0xx_HAL_Driver/Src/stm32l0xx_hal_cortex.c.obj
 .text.NVIC_SetPriority
                0x08001adc       0xdc CMakeFiles/L-ink_Card.elf.dir/Drivers/STM32L0xx_HAL_Driver/Src/stm32l0xx_hal_cortex.c.obj
 .text.SysTick_Config
                0x08001bb8       0x48 CMakeFiles/L-ink_Card.elf.dir/Drivers/STM32L0xx_HAL_Driver/Src/stm32l0xx_hal_cortex.c.obj
 .text.HAL_NVIC_SetPriority
                0x08001c00       0x2a CMakeFiles/L-ink_Card.elf.dir/Drivers/STM32L0xx_HAL_Driver/Src/stm32l0xx_hal_cortex.c.obj
                0x08001c00                HAL_NVIC_SetPriority
 .text.HAL_NVIC_EnableIRQ
                0x08001c2a       0x20 CMakeFiles/L-ink_Card.elf.dir/Drivers/STM32L0xx_HAL_Driver/Src/stm32l0xx_hal_cortex.c.obj
                0x08001c2a                HAL_NVIC_EnableIRQ
 .text.HAL_SYSTICK_Config
                0x08001c4a       0x1a CMakeFiles/L-ink_Card.elf.dir/Drivers/STM32L0xx_HAL_Driver/Src/stm32l0xx_hal_cortex.c.obj
                0x08001c4a                HAL_SYSTICK_Config
 .text.HAL_DMA_Abort_IT
                0x08001c64       0x8e CMakeFiles/L-ink_Card.elf.dir/Drivers/STM32L0xx_HAL_Driver/Src/stm32l0xx_hal_dma.c.obj
                0x08001c64                HAL_DMA_Abort_IT
 *fill*         0x08001cf2        0x2 
 .text.HAL_GPIO_Init
                0x08001cf4      0x2ec CMakeFiles/L-ink_Card.elf.dir/Drivers/STM32L0xx_HAL_Driver/Src/stm32l0xx_hal_gpio.c.obj
                0x08001cf4                HAL_GPIO_Init
 .text.HAL_GPIO_DeInit
                0x08001fe0      0x1b4 CMakeFiles/L-ink_Card.elf.dir/Drivers/STM32L0xx_HAL_Driver/Src/stm32l0xx_hal_gpio.c.obj
                0x08001fe0                HAL_GPIO_DeInit
 .text.HAL_GPIO_ReadPin
                0x08002194       0x3a CMakeFiles/L-ink_Card.elf.dir/Drivers/STM32L0xx_HAL_Driver/Src/stm32l0xx_hal_gpio.c.obj
                0x08002194                HAL_GPIO_ReadPin
 .text.HAL_GPIO_WritePin
                0x080021ce       0x3a CMakeFiles/L-ink_Card.elf.dir/Drivers/STM32L0xx_HAL_Driver/Src/stm32l0xx_hal_gpio.c.obj
                0x080021ce                HAL_GPIO_WritePin
 .text.HAL_I2C_Init
                0x08002208      0x12c CMakeFiles/L-ink_Card.elf.dir/Drivers/STM32L0xx_HAL_Driver/Src/stm32l0xx_hal_i2c.c.obj
                0x08002208                HAL_I2C_Init
 .text.HAL_I2C_DeInit
                0x08002334       0x60 CMakeFiles/L-ink_Card.elf.dir/Drivers/STM32L0xx_HAL_Driver/Src/stm32l0xx_hal_i2c.c.obj
                0x08002334                HAL_I2C_DeInit
 .text.HAL_I2C_MspInit
                0x08002394       0x10 CMakeFiles/L-ink_Card.elf.dir/Drivers/STM32L0xx_HAL_Driver/Src/stm32l0xx_hal_i2c.c.obj
                0x08002394                HAL_I2C_MspInit
 .text.HAL_I2C_MspDeInit
                0x080023a4       0x10 CMakeFiles/L-ink_Card.elf.dir/Drivers/STM32L0xx_HAL_Driver/Src/stm32l0xx_hal_i2c.c.obj
                0x080023a4                HAL_I2C_MspDeInit
 .text.HAL_I2C_Mem_Write
                0x080023b4      0x25c CMakeFiles/L-ink_Card.elf.dir/Drivers/STM32L0xx_HAL_Driver/Src/stm32l0xx_hal_i2c.c.obj
                0x080023b4                HAL_I2C_Mem_Write
 .text.HAL_I2C_Mem_Read
                0x08002610      0x268 CMakeFiles/L-ink_Card.elf.dir/Drivers/STM32L0xx_HAL_Driver/Src/stm32l0xx_hal_i2c.c.obj
                0x08002610                HAL_I2C_Mem_Read
 .text.HAL_I2C_IsDeviceReady
                0x08002878      0x234 CMakeFiles/L-ink_Card.elf.dir/Drivers/STM32L0xx_HAL_Driver/Src/stm32l0xx_hal_i2c.c.obj
                0x08002878                HAL_I2C_IsDeviceReady
 .text.HAL_I2C_GetState
                0x08002aac       0x18 CMakeFiles/L-ink_Card.elf.dir/Drivers/STM32L0xx_HAL_Driver/Src/stm32l0xx_hal_i2c.c.obj
                0x08002aac                HAL_I2C_GetState
 .text.HAL_I2C_GetError
                0x08002ac4       0x14 CMakeFiles/L-ink_Card.elf.dir/Drivers/STM32L0xx_HAL_Driver/Src/stm32l0xx_hal_i2c.c.obj
                0x08002ac4                HAL_I2C_GetError
 .text.I2C_RequestMemoryWrite
                0x08002ad8       0xc8 CMakeFiles/L-ink_Card.elf.dir/Drivers/STM32L0xx_HAL_Driver/Src/stm32l0xx_hal_i2c.c.obj
 .text.I2C_RequestMemoryRead
                0x08002ba0       0xc4 CMakeFiles/L-ink_Card.elf.dir/Drivers/STM32L0xx_HAL_Driver/Src/stm32l0xx_hal_i2c.c.obj
 .text.I2C_Flush_TXDR
                0x08002c64       0x44 CMakeFiles/L-ink_Card.elf.dir/Drivers/STM32L0xx_HAL_Driver/Src/stm32l0xx_hal_i2c.c.obj
 .text.I2C_WaitOnFlagUntilTimeout
                0x08002ca8       0x7e CMakeFiles/L-ink_Card.elf.dir/Drivers/STM32L0xx_HAL_Driver/Src/stm32l0xx_hal_i2c.c.obj
 .text.I2C_WaitOnTXISFlagUntilTimeout
                0x08002d26       0x7e CMakeFiles/L-ink_Card.elf.dir/Drivers/STM32L0xx_HAL_Driver/Src/stm32l0xx_hal_i2c.c.obj
 .text.I2C_WaitOnSTOPFlagUntilTimeout
                0x08002da4       0x78 CMakeFiles/L-ink_Card.elf.dir/Drivers/STM32L0xx_HAL_Driver/Src/stm32l0xx_hal_i2c.c.obj
 .text.I2C_IsAcknowledgeFailed
                0x08002e1c       0xcc CMakeFiles/L-ink_Card.elf.dir/Drivers/STM32L0xx_HAL_Driver/Src/stm32l0xx_hal_i2c.c.obj
 .text.I2C_TransferConfig
                0x08002ee8       0x6c CMakeFiles/L-ink_Card.elf.dir/Drivers/STM32L0xx_HAL_Driver/Src/stm32l0xx_hal_i2c.c.obj
 .text.HAL_I2CEx_ConfigAnalogFilter
                0x08002f54       0x98 CMakeFiles/L-ink_Card.elf.dir/Drivers/STM32L0xx_HAL_Driver/Src/stm32l0xx_hal_i2c_ex.c.obj
                0x08002f54                HAL_I2CEx_ConfigAnalogFilter
 .text.HAL_I2CEx_ConfigDigitalFilter
                0x08002fec       0x98 CMakeFiles/L-ink_Card.elf.dir/Drivers/STM32L0xx_HAL_Driver/Src/stm32l0xx_hal_i2c_ex.c.obj
                0x08002fec                HAL_I2CEx_ConfigDigitalFilter
 .text.HAL_RCC_OscConfig
                0x08003084      0x6cc CMakeFiles/L-ink_Card.elf.dir/Drivers/STM32L0xx_HAL_Driver/Src/stm32l0xx_hal_rcc.c.obj
                0x08003084                HAL_RCC_OscConfig
 .text.HAL_RCC_ClockConfig
                0x08003750      0x254 CMakeFiles/L-ink_Card.elf.dir/Drivers/STM32L0xx_HAL_Driver/Src/stm32l0xx_hal_rcc.c.obj
                0x08003750                HAL_RCC_ClockConfig
 .text.HAL_RCC_GetSysClockFreq
                0x080039a4      0x10c CMakeFiles/L-ink_Card.elf.dir/Drivers/STM32L0xx_HAL_Driver/Src/stm32l0xx_hal_rcc.c.obj
                0x080039a4                HAL_RCC_GetSysClockFreq
 .text.HAL_RCC_GetHCLKFreq
                0x08003ab0       0x14 CMakeFiles/L-ink_Card.elf.dir/Drivers/STM32L0xx_HAL_Driver/Src/stm32l0xx_hal_rcc.c.obj
                0x08003ab0                HAL_RCC_GetHCLKFreq
 .text.HAL_RCC_GetPCLK1Freq
                0x08003ac4       0x2c CMakeFiles/L-ink_Card.elf.dir/Drivers/STM32L0xx_HAL_Driver/Src/stm32l0xx_hal_rcc.c.obj
                0x08003ac4                HAL_RCC_GetPCLK1Freq
 .text.HAL_RCC_GetPCLK2Freq
                0x08003af0       0x2c CMakeFiles/L-ink_Card.elf.dir/Drivers/STM32L0xx_HAL_Driver/Src/stm32l0xx_hal_rcc.c.obj
                0x08003af0                HAL_RCC_GetPCLK2Freq
 .text.HAL_RCCEx_PeriphCLKConfig
                0x08003b1c      0x26c CMakeFiles/L-ink_Card.elf.dir/Drivers/STM32L0xx_HAL_Driver/Src/stm32l0xx_hal_rcc_ex.c.obj
                0x08003b1c                HAL_RCCEx_PeriphCLKConfig
 .text.HAL_UART_Init
                0x08003d88       0xa8 CMakeFiles/L-ink_Card.elf.dir/Drivers/STM32L0xx_HAL_Driver/Src/stm32l0xx_hal_uart.c.obj
                0x08003d88                HAL_UART_Init
 .text.HAL_HalfDuplex_Init
                0x08003e30       0xb8 CMakeFiles/L-ink_Card.elf.dir/Drivers/STM32L0xx_HAL_Driver/Src/stm32l0xx_hal_uart.c.obj
                0x08003e30                HAL_HalfDuplex_Init
 .text.HAL_UART_Transmit
                0x08003ee8      0x14e CMakeFiles/L-ink_Card.elf.dir/Drivers/STM32L0xx_HAL_Driver/Src/stm32l0xx_hal_uart.c.obj
                0x08003ee8                HAL_UART_Transmit
 *fill*         0x08004036        0x2 
 .text.HAL_UART_Receive_IT
                0x08004038      0x170 CMakeFiles/L-ink_Card.elf.dir/Drivers/STM32L0xx_HAL_Driver/Src/stm32l0xx_hal_uart.c.obj
                0x08004038                HAL_UART_Receive_IT
 .text.HAL_UART_IRQHandler
                0x080041a8      0x248 CMakeFiles/L-ink_Card.elf.dir/Drivers/STM32L0xx_HAL_Driver/Src/stm32l0xx_hal_uart.c.obj
                0x080041a8                HAL_UART_IRQHandler
 .text.HAL_UART_TxCpltCallback
                0x080043f0       0x10 CMakeFiles/L-ink_Card.elf.dir/Drivers/STM32L0xx_HAL_Driver/Src/stm32l0xx_hal_uart.c.obj
                0x080043f0                HAL_UART_TxCpltCallback
 .text.HAL_UART_ErrorCallback
                0x08004400       0x10 CMakeFiles/L-ink_Card.elf.dir/Drivers/STM32L0xx_HAL_Driver/Src/stm32l0xx_hal_uart.c.obj
                0x08004400                HAL_UART_ErrorCallback
 .text.UART_SetConfig
                0x08004410      0x5f8 CMakeFiles/L-ink_Card.elf.dir/Drivers/STM32L0xx_HAL_Driver/Src/stm32l0xx_hal_uart.c.obj
                0x08004410                UART_SetConfig
 .text.UART_AdvFeatureConfig
                0x08004a08      0x168 CMakeFiles/L-ink_Card.elf.dir/Drivers/STM32L0xx_HAL_Driver/Src/stm32l0xx_hal_uart.c.obj
                0x08004a08                UART_AdvFeatureConfig
 .text.UART_CheckIdleState
                0x08004b70       0x88 CMakeFiles/L-ink_Card.elf.dir/Drivers/STM32L0xx_HAL_Driver/Src/stm32l0xx_hal_uart.c.obj
                0x08004b70                UART_CheckIdleState
 .text.UART_WaitOnFlagUntilTimeout
                0x08004bf8       0x94 CMakeFiles/L-ink_Card.elf.dir/Drivers/STM32L0xx_HAL_Driver/Src/stm32l0xx_hal_uart.c.obj
                0x08004bf8                UART_WaitOnFlagUntilTimeout
 .text.UART_EndRxTransfer
                0x08004c8c       0x40 CMakeFiles/L-ink_Card.elf.dir/Drivers/STM32L0xx_HAL_Driver/Src/stm32l0xx_hal_uart.c.obj
 .text.UART_DMAAbortOnError
                0x08004ccc       0x2e CMakeFiles/L-ink_Card.elf.dir/Drivers/STM32L0xx_HAL_Driver/Src/stm32l0xx_hal_uart.c.obj
 .text.UART_EndTransmit_IT
                0x08004cfa       0x34 CMakeFiles/L-ink_Card.elf.dir/Drivers/STM32L0xx_HAL_Driver/Src/stm32l0xx_hal_uart.c.obj
 *fill*         0x08004d2e        0x2 
 .text.UART_RxISR_8BIT
                0x08004d30       0xb8 CMakeFiles/L-ink_Card.elf.dir/Drivers/STM32L0xx_HAL_Driver/Src/stm32l0xx_hal_uart.c.obj
 .text.UART_RxISR_16BIT
                0x08004de8       0xb8 CMakeFiles/L-ink_Card.elf.dir/Drivers/STM32L0xx_HAL_Driver/Src/stm32l0xx_hal_uart.c.obj
 .text.HAL_UARTEx_WakeupCallback
                0x08004ea0       0x10 CMakeFiles/L-ink_Card.elf.dir/Drivers/STM32L0xx_HAL_Driver/Src/stm32l0xx_hal_uart_ex.c.obj
                0x08004ea0                HAL_UARTEx_WakeupCallback
 .text.BSP_I2C1_Init
                0x08004eb0       0x7c CMakeFiles/L-ink_Card.elf.dir/Src/custom_bus.c.obj
                0x08004eb0                BSP_I2C1_Init
 .text.BSP_I2C1_DeInit
                0x08004f2c       0x50 CMakeFiles/L-ink_Card.elf.dir/Src/custom_bus.c.obj
                0x08004f2c                BSP_I2C1_DeInit
 .text.BSP_I2C1_IsReady
                0x08004f7c       0x3c CMakeFiles/L-ink_Card.elf.dir/Src/custom_bus.c.obj
                0x08004f7c                BSP_I2C1_IsReady
 .text.BSP_I2C1_WriteReg16
                0x08004fb8       0x78 CMakeFiles/L-ink_Card.elf.dir/Src/custom_bus.c.obj
                0x08004fb8                BSP_I2C1_WriteReg16
 .text.BSP_I2C1_ReadReg16
                0x08005030       0x78 CMakeFiles/L-ink_Card.elf.dir/Src/custom_bus.c.obj
                0x08005030                BSP_I2C1_ReadReg16
 .text.MX_I2C1_Init
                0x080050a8       0x9c CMakeFiles/L-ink_Card.elf.dir/Src/custom_bus.c.obj
                0x080050a8                MX_I2C1_Init
 .text.I2C1_MspInit
                0x08005144       0x6c CMakeFiles/L-ink_Card.elf.dir/Src/custom_bus.c.obj
 .text.I2C1_MspDeInit
                0x080051b0       0x34 CMakeFiles/L-ink_Card.elf.dir/Src/custom_bus.c.obj
 .text.MX_GPIO_Init
                0x080051e4      0x190 CMakeFiles/L-ink_Card.elf.dir/Src/gpio.c.obj
                0x080051e4                MX_GPIO_Init
 .text.USART1_IRQHandler
                0x08005374       0x18 CMakeFiles/L-ink_Card.elf.dir/Src/main.c.obj
                0x08005374                USART1_IRQHandler
 .text.USART2_IRQHandler
                0x0800538c       0x18 CMakeFiles/L-ink_Card.elf.dir/Src/main.c.obj
                0x0800538c                USART2_IRQHandler
 .text.HAL_UART_RxCpltCallback
                0x080053a4       0xfc CMakeFiles/L-ink_Card.elf.dir/Src/main.c.obj
                0x080053a4                HAL_UART_RxCpltCallback
 .text.main     0x080054a0      0x164 CMakeFiles/L-ink_Card.elf.dir/Src/main.c.obj
                0x080054a0                main
 .text.SystemClock_Config
                0x08005604       0xdc CMakeFiles/L-ink_Card.elf.dir/Src/main.c.obj
                0x08005604                SystemClock_Config
 .text.Error_Handler
                0x080056e0        0xa CMakeFiles/L-ink_Card.elf.dir/Src/main.c.obj
                0x080056e0                Error_Handler
 .text.HAL_EXTI_RegisterCallback
                0x080056ea       0x42 CMakeFiles/L-ink_Card.elf.dir/Src/stm32l0xx_hal_exti.c.obj
                0x080056ea                HAL_EXTI_RegisterCallback
 .text.HAL_EXTI_GetHandle
                0x0800572c       0x24 CMakeFiles/L-ink_Card.elf.dir/Src/stm32l0xx_hal_exti.c.obj
                0x0800572c                HAL_EXTI_GetHandle
 .text.HAL_EXTI_IRQHandler
                0x08005750       0x48 CMakeFiles/L-ink_Card.elf.dir/Src/stm32l0xx_hal_exti.c.obj
                0x08005750                HAL_EXTI_IRQHandler
 .text.HAL_MspInit
                0x08005798       0x28 CMakeFiles/L-ink_Card.elf.dir/Src/stm32l0xx_hal_msp.c.obj
                0x08005798                HAL_MspInit
 .text.NMI_Handler
                0x080057c0        0xa CMakeFiles/L-ink_Card.elf.dir/Src/stm32l0xx_it.c.obj
                0x080057c0                NMI_Handler
 .text.HardFault_Handler
                0x080057ca        0x6 CMakeFiles/L-ink_Card.elf.dir/Src/stm32l0xx_it.c.obj
                0x080057ca                HardFault_Handler
 .text.SVC_Handler
                0x080057d0        0xa CMakeFiles/L-ink_Card.elf.dir/Src/stm32l0xx_it.c.obj
                0x080057d0                SVC_Handler
 .text.PendSV_Handler
                0x080057da        0xa CMakeFiles/L-ink_Card.elf.dir/Src/stm32l0xx_it.c.obj
                0x080057da                PendSV_Handler
 .text.SysTick_Handler
                0x080057e4        0xe CMakeFiles/L-ink_Card.elf.dir/Src/stm32l0xx_it.c.obj
                0x080057e4                SysTick_Handler
 *fill*         0x080057f2        0x2 
 .text.EXTI2_3_IRQHandler
                0x080057f4       0x18 CMakeFiles/L-ink_Card.elf.dir/Src/stm32l0xx_it.c.obj
                0x080057f4                EXTI2_3_IRQHandler
 .text._read    0x0800580c       0x3a CMakeFiles/L-ink_Card.elf.dir/Src/syscalls.c.obj
                0x0800580c                _read
 .text._write   0x08005846       0x38 CMakeFiles/L-ink_Card.elf.dir/Src/syscalls.c.obj
                0x08005846                _write
 *fill*         0x0800587e        0x2 
 .text._sbrk    0x08005880       0x58 CMakeFiles/L-ink_Card.elf.dir/Src/syscalls.c.obj
                0x08005880                _sbrk
 .text._close   0x080058d8       0x14 CMakeFiles/L-ink_Card.elf.dir/Src/syscalls.c.obj
                0x080058d8                _close
 .text._fstat   0x080058ec       0x1c CMakeFiles/L-ink_Card.elf.dir/Src/syscalls.c.obj
                0x080058ec                _fstat
 .text._isatty  0x08005908       0x12 CMakeFiles/L-ink_Card.elf.dir/Src/syscalls.c.obj
                0x08005908                _isatty
 .text._lseek   0x0800591a       0x16 CMakeFiles/L-ink_Card.elf.dir/Src/syscalls.c.obj
                0x0800591a                _lseek
 .text.SystemInit
                0x08005930       0x7c CMakeFiles/L-ink_Card.elf.dir/Src/system_stm32l0xx.c.obj
                0x08005930                SystemInit
 .text.MX_USART1_UART_Init
                0x080059ac       0x60 CMakeFiles/L-ink_Card.elf.dir/Src/usart.c.obj
                0x080059ac                MX_USART1_UART_Init
 .text.MX_USART2_UART_Init
                0x08005a0c       0x60 CMakeFiles/L-ink_Card.elf.dir/Src/usart.c.obj
                0x08005a0c                MX_USART2_UART_Init
 .text.HAL_UART_MspInit
                0x08005a6c      0x100 CMakeFiles/L-ink_Card.elf.dir/Src/usart.c.obj
                0x08005a6c                HAL_UART_MspInit
 .text.Reset_Handler
                0x08005b6c       0x50 CMakeFiles/L-ink_Card.elf.dir/startup/startup_stm32l051xx.s.obj
                0x08005b6c                Reset_Handler
 .text.Default_Handler
                0x08005bbc        0x2 CMakeFiles/L-ink_Card.elf.dir/startup/startup_stm32l051xx.s.obj
                0x08005bbc                ADC1_COMP_IRQHandler
                0x08005bbc                TIM6_IRQHandler
                0x08005bbc                PVD_IRQHandler
                0x08005bbc                I2C1_IRQHandler
                0x08005bbc                SPI1_IRQHandler
                0x08005bbc                I2C2_IRQHandler
                0x08005bbc                RTC_IRQHandler
                0x08005bbc                DMA1_Channel4_5_6_7_IRQHandler
                0x08005bbc                EXTI4_15_IRQHandler
                0x08005bbc                RCC_IRQHandler
                0x08005bbc                DMA1_Channel1_IRQHandler
                0x08005bbc                Default_Handler
                0x08005bbc                TIM22_IRQHandler
                0x08005bbc                EXTI0_1_IRQHandler
                0x08005bbc                SPI2_IRQHandler
                0x08005bbc                TIM21_IRQHandler
                0x08005bbc                WWDG_IRQHandler
                0x08005bbc                LPUART1_IRQHandler
                0x08005bbc                TIM2_IRQHandler
                0x08005bbc                DMA1_Channel2_3_IRQHandler
                0x08005bbc                FLASH_IRQHandler
                0x08005bbc                LPTIM1_IRQHandler
 *fill*         0x08005bbe        0x2 
 .text.__errno  0x08005bc0        0xc c:/progra~1/stmicr~1/stm32c~1/gnu-to~1/bin/../lib/gcc/arm-none-eabi/10.3.1/../../../../arm-none-eabi/lib/thumb/v6-m/nofp\libg_nano.a(lib_a-errno.o)
                0x08005bc0                __errno
 .text.__sflush_r
                0x08005bcc      0x118 c:/progra~1/stmicr~1/stm32c~1/gnu-to~1/bin/../lib/gcc/arm-none-eabi/10.3.1/../../../../arm-none-eabi/lib/thumb/v6-m/nofp\libg_nano.a(lib_a-fflush.o)
                0x08005bcc                __sflush_r
 .text._fflush_r
                0x08005ce4       0x80 c:/progra~1/stmicr~1/stm32c~1/gnu-to~1/bin/../lib/gcc/arm-none-eabi/10.3.1/../../../../arm-none-eabi/lib/thumb/v6-m/nofp\libg_nano.a(lib_a-fflush.o)
                0x08005ce4                _fflush_r
 .text.fflush   0x08005d64       0x2c c:/progra~1/stmicr~1/stm32c~1/gnu-to~1/bin/../lib/gcc/arm-none-eabi/10.3.1/../../../../arm-none-eabi/lib/thumb/v6-m/nofp\libg_nano.a(lib_a-fflush.o)
                0x08005d64                fflush
 .text.std      0x08005d90       0x48 c:/progra~1/stmicr~1/stm32c~1/gnu-to~1/bin/../lib/gcc/arm-none-eabi/10.3.1/../../../../arm-none-eabi/lib/thumb/v6-m/nofp\libg_nano.a(lib_a-findfp.o)
 .text._cleanup_r
                0x08005dd8       0x10 c:/progra~1/stmicr~1/stm32c~1/gnu-to~1/bin/../lib/gcc/arm-none-eabi/10.3.1/../../../../arm-none-eabi/lib/thumb/v6-m/nofp\libg_nano.a(lib_a-findfp.o)
                0x08005dd8                _cleanup_r
 .text.__sfmoreglue
                0x08005de8       0x2c c:/progra~1/stmicr~1/stm32c~1/gnu-to~1/bin/../lib/gcc/arm-none-eabi/10.3.1/../../../../arm-none-eabi/lib/thumb/v6-m/nofp\libg_nano.a(lib_a-findfp.o)
                0x08005de8                __sfmoreglue
 .text.__sfp_lock_acquire
                0x08005e14       0x10 c:/progra~1/stmicr~1/stm32c~1/gnu-to~1/bin/../lib/gcc/arm-none-eabi/10.3.1/../../../../arm-none-eabi/lib/thumb/v6-m/nofp\libg_nano.a(lib_a-findfp.o)
                0x08005e14                __sfp_lock_acquire
 .text.__sfp_lock_release
                0x08005e24       0x10 c:/progra~1/stmicr~1/stm32c~1/gnu-to~1/bin/../lib/gcc/arm-none-eabi/10.3.1/../../../../arm-none-eabi/lib/thumb/v6-m/nofp\libg_nano.a(lib_a-findfp.o)
                0x08005e24                __sfp_lock_release
 .text.__sinit_lock_acquire
                0x08005e34       0x10 c:/progra~1/stmicr~1/stm32c~1/gnu-to~1/bin/../lib/gcc/arm-none-eabi/10.3.1/../../../../arm-none-eabi/lib/thumb/v6-m/nofp\libg_nano.a(lib_a-findfp.o)
                0x08005e34                __sinit_lock_acquire
 .text.__sinit_lock_release
                0x08005e44       0x10 c:/progra~1/stmicr~1/stm32c~1/gnu-to~1/bin/../lib/gcc/arm-none-eabi/10.3.1/../../../../arm-none-eabi/lib/thumb/v6-m/nofp\libg_nano.a(lib_a-findfp.o)
                0x08005e44                __sinit_lock_release
 .text.__sinit  0x08005e54       0x70 c:/progra~1/stmicr~1/stm32c~1/gnu-to~1/bin/../lib/gcc/arm-none-eabi/10.3.1/../../../../arm-none-eabi/lib/thumb/v6-m/nofp\libg_nano.a(lib_a-findfp.o)
                0x08005e54                __sinit
 .text.__sfp    0x08005ec4       0x90 c:/progra~1/stmicr~1/stm32c~1/gnu-to~1/bin/../lib/gcc/arm-none-eabi/10.3.1/../../../../arm-none-eabi/lib/thumb/v6-m/nofp\libg_nano.a(lib_a-findfp.o)
                0x08005ec4                __sfp
 .text._fwalk_reent
                0x08005f54       0x40 c:/progra~1/stmicr~1/stm32c~1/gnu-to~1/bin/../lib/gcc/arm-none-eabi/10.3.1/../../../../arm-none-eabi/lib/thumb/v6-m/nofp\libg_nano.a(lib_a-fwalk.o)
                0x08005f54                _fwalk_reent
 .text.__libc_init_array
                0x08005f94       0x48 c:/progra~1/stmicr~1/stm32c~1/gnu-to~1/bin/../lib/gcc/arm-none-eabi/10.3.1/../../../../arm-none-eabi/lib/thumb/v6-m/nofp\libg_nano.a(lib_a-init.o)
                0x08005f94                __libc_init_array
 .text.__retarget_lock_init_recursive
                0x08005fdc        0x2 c:/progra~1/stmicr~1/stm32c~1/gnu-to~1/bin/../lib/gcc/arm-none-eabi/10.3.1/../../../../arm-none-eabi/lib/thumb/v6-m/nofp\libg_nano.a(lib_a-lock.o)
                0x08005fdc                __retarget_lock_init_recursive
 .text.__retarget_lock_acquire_recursive
                0x08005fde        0x2 c:/progra~1/stmicr~1/stm32c~1/gnu-to~1/bin/../lib/gcc/arm-none-eabi/10.3.1/../../../../arm-none-eabi/lib/thumb/v6-m/nofp\libg_nano.a(lib_a-lock.o)
                0x08005fde                __retarget_lock_acquire_recursive
 .text.__retarget_lock_release_recursive
                0x08005fe0        0x2 c:/progra~1/stmicr~1/stm32c~1/gnu-to~1/bin/../lib/gcc/arm-none-eabi/10.3.1/../../../../arm-none-eabi/lib/thumb/v6-m/nofp\libg_nano.a(lib_a-lock.o)
                0x08005fe0                __retarget_lock_release_recursive
 .text.memset   0x08005fe2       0x10 c:/progra~1/stmicr~1/stm32c~1/gnu-to~1/bin/../lib/gcc/arm-none-eabi/10.3.1/../../../../arm-none-eabi/lib/thumb/v6-m/nofp\libg_nano.a(lib_a-memset.o)
                0x08005fe2                memset
 *fill*         0x08005ff2        0x2 
 .text._free_r  0x08005ff4       0x94 c:/progra~1/stmicr~1/stm32c~1/gnu-to~1/bin/../lib/gcc/arm-none-eabi/10.3.1/../../../../arm-none-eabi/lib/thumb/v6-m/nofp\libg_nano.a(lib_a-nano-freer.o)
                0x08005ff4                _free_r
 .text.sbrk_aligned
                0x08006088       0x44 c:/progra~1/stmicr~1/stm32c~1/gnu-to~1/bin/../lib/gcc/arm-none-eabi/10.3.1/../../../../arm-none-eabi/lib/thumb/v6-m/nofp\libg_nano.a(lib_a-nano-mallocr.o)
 .text._malloc_r
                0x080060cc       0xec c:/progra~1/stmicr~1/stm32c~1/gnu-to~1/bin/../lib/gcc/arm-none-eabi/10.3.1/../../../../arm-none-eabi/lib/thumb/v6-m/nofp\libg_nano.a(lib_a-nano-mallocr.o)
                0x080060cc                _malloc_r
 .text.printf   0x080061b8       0x34 c:/progra~1/stmicr~1/stm32c~1/gnu-to~1/bin/../lib/gcc/arm-none-eabi/10.3.1/../../../../arm-none-eabi/lib/thumb/v6-m/nofp\libg_nano.a(lib_a-printf.o)
                0x080061b8                iprintf
                0x080061b8                printf
 .text._sbrk_r  0x080061ec       0x24 c:/progra~1/stmicr~1/stm32c~1/gnu-to~1/bin/../lib/gcc/arm-none-eabi/10.3.1/../../../../arm-none-eabi/lib/thumb/v6-m/nofp\libg_nano.a(lib_a-sbrkr.o)
                0x080061ec                _sbrk_r
 .text.__sread  0x08006210       0x28 c:/progra~1/stmicr~1/stm32c~1/gnu-to~1/bin/../lib/gcc/arm-none-eabi/10.3.1/../../../../arm-none-eabi/lib/thumb/v6-m/nofp\libg_nano.a(lib_a-stdio.o)
                0x08006210                __sread
 .text.__swrite
                0x08006238       0x38 c:/progra~1/stmicr~1/stm32c~1/gnu-to~1/bin/../lib/gcc/arm-none-eabi/10.3.1/../../../../arm-none-eabi/lib/thumb/v6-m/nofp\libg_nano.a(lib_a-stdio.o)
                0x08006238                __swrite
 .text.__sseek  0x08006270       0x2c c:/progra~1/stmicr~1/stm32c~1/gnu-to~1/bin/../lib/gcc/arm-none-eabi/10.3.1/../../../../arm-none-eabi/lib/thumb/v6-m/nofp\libg_nano.a(lib_a-stdio.o)
                0x08006270                __sseek
 .text.__sclose
                0x0800629c        0xc c:/progra~1/stmicr~1/stm32c~1/gnu-to~1/bin/../lib/gcc/arm-none-eabi/10.3.1/../../../../arm-none-eabi/lib/thumb/v6-m/nofp\libg_nano.a(lib_a-stdio.o)
                0x0800629c                __sclose
 .text._write_r
                0x080062a8       0x28 c:/progra~1/stmicr~1/stm32c~1/gnu-to~1/bin/../lib/gcc/arm-none-eabi/10.3.1/../../../../arm-none-eabi/lib/thumb/v6-m/nofp\libg_nano.a(lib_a-writer.o)
                0x080062a8                _write_r
 .text._close_r
                0x080062d0       0x24 c:/progra~1/stmicr~1/stm32c~1/gnu-to~1/bin/../lib/gcc/arm-none-eabi/10.3.1/../../../../arm-none-eabi/lib/thumb/v6-m/nofp\libg_nano.a(lib_a-closer.o)
                0x080062d0                _close_r
 .text._lseek_r
                0x080062f4       0x28 c:/progra~1/stmicr~1/stm32c~1/gnu-to~1/bin/../lib/gcc/arm-none-eabi/10.3.1/../../../../arm-none-eabi/lib/thumb/v6-m/nofp\libg_nano.a(lib_a-lseekr.o)
                0x080062f4                _lseek_r
 .text.__malloc_lock
                0x0800631c       0x10 c:/progra~1/stmicr~1/stm32c~1/gnu-to~1/bin/../lib/gcc/arm-none-eabi/10.3.1/../../../../arm-none-eabi/lib/thumb/v6-m/nofp\libg_nano.a(lib_a-mlock.o)
                0x0800631c                __malloc_lock
 .text.__malloc_unlock
                0x0800632c       0x10 c:/progra~1/stmicr~1/stm32c~1/gnu-to~1/bin/../lib/gcc/arm-none-eabi/10.3.1/../../../../arm-none-eabi/lib/thumb/v6-m/nofp\libg_nano.a(lib_a-mlock.o)
                0x0800632c                __malloc_unlock
 .text.__sfputc_r
                0x0800633c       0x2a c:/progra~1/stmicr~1/stm32c~1/gnu-to~1/bin/../lib/gcc/arm-none-eabi/10.3.1/../../../../arm-none-eabi/lib/thumb/v6-m/nofp\libg_nano.a(lib_a-nano-vfprintf.o)
 .text.__sfputs_r
                0x08006366       0x24 c:/progra~1/stmicr~1/stm32c~1/gnu-to~1/bin/../lib/gcc/arm-none-eabi/10.3.1/../../../../arm-none-eabi/lib/thumb/v6-m/nofp\libg_nano.a(lib_a-nano-vfprintf.o)
                0x08006366                __sfputs_r
 *fill*         0x0800638a        0x2 
 .text._vfprintf_r
                0x0800638c      0x274 c:/progra~1/stmicr~1/stm32c~1/gnu-to~1/bin/../lib/gcc/arm-none-eabi/10.3.1/../../../../arm-none-eabi/lib/thumb/v6-m/nofp\libg_nano.a(lib_a-nano-vfprintf.o)
                0x0800638c                _vfprintf_r
                0x0800638c                _vfiprintf_r
 .text._printf_common
                0x08006600       0xde c:/progra~1/stmicr~1/stm32c~1/gnu-to~1/bin/../lib/gcc/arm-none-eabi/10.3.1/../../../../arm-none-eabi/lib/thumb/v6-m/nofp\libg_nano.a(lib_a-nano-vfprintf_i.o)
                0x08006600                _printf_common
 *fill*         0x080066de        0x2 
 .text._printf_i
                0x080066e0      0x224 c:/progra~1/stmicr~1/stm32c~1/gnu-to~1/bin/../lib/gcc/arm-none-eabi/10.3.1/../../../../arm-none-eabi/lib/thumb/v6-m/nofp\libg_nano.a(lib_a-nano-vfprintf_i.o)
                0x080066e0                _printf_i
 .text._read_r  0x08006904       0x28 c:/progra~1/stmicr~1/stm32c~1/gnu-to~1/bin/../lib/gcc/arm-none-eabi/10.3.1/../../../../arm-none-eabi/lib/thumb/v6-m/nofp\libg_nano.a(lib_a-readr.o)
                0x08006904                _read_r
 .text.__swbuf_r
                0x0800692c       0xac c:/progra~1/stmicr~1/stm32c~1/gnu-to~1/bin/../lib/gcc/arm-none-eabi/10.3.1/../../../../arm-none-eabi/lib/thumb/v6-m/nofp\libg_nano.a(lib_a-wbuf.o)
                0x0800692c                __swbuf_r
 .text.__swsetup_r
                0x080069d8       0xf0 c:/progra~1/stmicr~1/stm32c~1/gnu-to~1/bin/../lib/gcc/arm-none-eabi/10.3.1/../../../../arm-none-eabi/lib/thumb/v6-m/nofp\libg_nano.a(lib_a-wsetup.o)
                0x080069d8                __swsetup_r
 .text.__swhatbuf_r
                0x08006ac8       0x50 c:/progra~1/stmicr~1/stm32c~1/gnu-to~1/bin/../lib/gcc/arm-none-eabi/10.3.1/../../../../arm-none-eabi/lib/thumb/v6-m/nofp\libg_nano.a(lib_a-makebuf.o)
                0x08006ac8                __swhatbuf_r
 .text.__smakebuf_r
                0x08006b18       0x88 c:/progra~1/stmicr~1/stm32c~1/gnu-to~1/bin/../lib/gcc/arm-none-eabi/10.3.1/../../../../arm-none-eabi/lib/thumb/v6-m/nofp\libg_nano.a(lib_a-makebuf.o)
                0x08006b18                __smakebuf_r
 .text.memchr   0x08006ba0       0x16 c:/progra~1/stmicr~1/stm32c~1/gnu-to~1/bin/../lib/gcc/arm-none-eabi/10.3.1/../../../../arm-none-eabi/lib/thumb/v6-m/nofp\libg_nano.a(lib_a-memchr-stub.o)
                0x08006ba0                memchr
 *fill*         0x08006bb6        0x2 
 .text._fstat_r
                0x08006bb8       0x24 c:/progra~1/stmicr~1/stm32c~1/gnu-to~1/bin/../lib/gcc/arm-none-eabi/10.3.1/../../../../arm-none-eabi/lib/thumb/v6-m/nofp\libg_nano.a(lib_a-fstatr.o)
                0x08006bb8                _fstat_r
 .text._isatty_r
                0x08006bdc       0x24 c:/progra~1/stmicr~1/stm32c~1/gnu-to~1/bin/../lib/gcc/arm-none-eabi/10.3.1/../../../../arm-none-eabi/lib/thumb/v6-m/nofp\libg_nano.a(lib_a-isattyr.o)
                0x08006bdc                _isatty_r
 *(.glue_7)
 .glue_7        0x08006c00        0x0 linker stubs
 *(.glue_7t)
 .glue_7t       0x08006c00        0x0 linker stubs
 *(.eh_frame)
 .eh_frame      0x08006c00        0x0 c:/progra~1/stmicr~1/stm32c~1/gnu-to~1/bin/../lib/gcc/arm-none-eabi/10.3.1/thumb/v6-m/nofp/crtbegin.o
 *(.init)
 .init          0x08006c00        0x4 c:/progra~1/stmicr~1/stm32c~1/gnu-to~1/bin/../lib/gcc/arm-none-eabi/10.3.1/thumb/v6-m/nofp/crti.o
                0x08006c00                _init
 .init          0x08006c04        0x8 c:/progra~1/stmicr~1/stm32c~1/gnu-to~1/bin/../lib/gcc/arm-none-eabi/10.3.1/thumb/v6-m/nofp/crtn.o
 *(.fini)
 .fini          0x08006c0c        0x4 c:/progra~1/stmicr~1/stm32c~1/gnu-to~1/bin/../lib/gcc/arm-none-eabi/10.3.1/thumb/v6-m/nofp/crti.o
                0x08006c0c                _fini
 .fini          0x08006c10        0x8 c:/progra~1/stmicr~1/stm32c~1/gnu-to~1/bin/../lib/gcc/arm-none-eabi/10.3.1/thumb/v6-m/nofp/crtn.o
                0x08006c18                . = ALIGN (0x4)
                0x08006c18                _etext = .

.vfp11_veneer   0x08006c18        0x0
 .vfp11_veneer  0x08006c18        0x0 linker stubs

.v4_bx          0x08006c18        0x0
 .v4_bx         0x08006c18        0x0 linker stubs

.iplt           0x08006c18        0x0
 .iplt          0x08006c18        0x0 c:/progra~1/stmicr~1/stm32c~1/gnu-to~1/bin/../lib/gcc/arm-none-eabi/10.3.1/thumb/v6-m/nofp/crtbegin.o

.rodata         0x08006c18      0x1c4
                0x08006c18                . = ALIGN (0x4)
 *(.rodata)
 .rodata        0x08006c18       0x19 CMakeFiles/L-ink_Card.elf.dir/Drivers/BSP/ST25DV/app_nfc.c.obj
 *fill*         0x08006c31        0x3 
 .rodata        0x08006c34       0xa2 CMakeFiles/L-ink_Card.elf.dir/Src/main.c.obj
 *(.rodata*)
 *fill*         0x08006cd6        0x2 
 .rodata.UART_SetConfig
                0x08006cd8       0x48 CMakeFiles/L-ink_Card.elf.dir/Drivers/STM32L0xx_HAL_Driver/Src/stm32l0xx_hal_uart.c.obj
 .rodata.AHBPrescTable
                0x08006d20       0x10 CMakeFiles/L-ink_Card.elf.dir/Src/system_stm32l0xx.c.obj
                0x08006d20                AHBPrescTable
 .rodata.APBPrescTable
                0x08006d30        0x8 CMakeFiles/L-ink_Card.elf.dir/Src/system_stm32l0xx.c.obj
                0x08006d30                APBPrescTable
 .rodata.PLLMulTable
                0x08006d38        0x9 CMakeFiles/L-ink_Card.elf.dir/Src/system_stm32l0xx.c.obj
                0x08006d38                PLLMulTable
 *fill*         0x08006d41        0x3 
 .rodata.__sf_fake_stderr
                0x08006d44       0x20 c:/progra~1/stmicr~1/stm32c~1/gnu-to~1/bin/../lib/gcc/arm-none-eabi/10.3.1/../../../../arm-none-eabi/lib/thumb/v6-m/nofp\libg_nano.a(lib_a-findfp.o)
                0x08006d44                __sf_fake_stderr
 .rodata.__sf_fake_stdin
                0x08006d64       0x20 c:/progra~1/stmicr~1/stm32c~1/gnu-to~1/bin/../lib/gcc/arm-none-eabi/10.3.1/../../../../arm-none-eabi/lib/thumb/v6-m/nofp\libg_nano.a(lib_a-findfp.o)
                0x08006d64                __sf_fake_stdin
 .rodata.__sf_fake_stdout
                0x08006d84       0x20 c:/progra~1/stmicr~1/stm32c~1/gnu-to~1/bin/../lib/gcc/arm-none-eabi/10.3.1/../../../../arm-none-eabi/lib/thumb/v6-m/nofp\libg_nano.a(lib_a-findfp.o)
                0x08006d84                __sf_fake_stdout
 .rodata._global_impure_ptr
                0x08006da4        0x4 c:/progra~1/stmicr~1/stm32c~1/gnu-to~1/bin/../lib/gcc/arm-none-eabi/10.3.1/../../../../arm-none-eabi/lib/thumb/v6-m/nofp\libg_nano.a(lib_a-impure.o)
                0x08006da4                _global_impure_ptr
 .rodata._vfprintf_r.str1.1
                0x08006da8       0x11 c:/progra~1/stmicr~1/stm32c~1/gnu-to~1/bin/../lib/gcc/arm-none-eabi/10.3.1/../../../../arm-none-eabi/lib/thumb/v6-m/nofp\libg_nano.a(lib_a-nano-vfprintf.o)
 .rodata._printf_i.str1.1
                0x08006db9       0x22 c:/progra~1/stmicr~1/stm32c~1/gnu-to~1/bin/../lib/gcc/arm-none-eabi/10.3.1/../../../../arm-none-eabi/lib/thumb/v6-m/nofp\libg_nano.a(lib_a-nano-vfprintf_i.o)
                0x08006ddc                . = ALIGN (0x4)
 *fill*         0x08006ddb        0x1 

.ARM.extab
 *(.ARM.extab* .gnu.linkonce.armextab.*)

.ARM            0x08006ddc        0x8
                0x08006ddc                __exidx_start = .
 *(.ARM.exidx*)
 .ARM.exidx     0x08006ddc        0x8 c:/progra~1/stmicr~1/stm32c~1/gnu-to~1/bin/../lib/gcc/arm-none-eabi/10.3.1/thumb/v6-m/nofp\libgcc.a(_udivmoddi4.o)
                0x08006de4                __exidx_end = .

.rel.dyn        0x08006de4        0x0
 .rel.iplt      0x08006de4        0x0 c:/progra~1/stmicr~1/stm32c~1/gnu-to~1/bin/../lib/gcc/arm-none-eabi/10.3.1/thumb/v6-m/nofp/crtbegin.o

.preinit_array  0x08006de4        0x0
                0x08006de4                PROVIDE (__preinit_array_start = .)
 *(.preinit_array*)
                0x08006de4                PROVIDE (__preinit_array_end = .)

.init_array     0x08006de4        0x4
                0x08006de4                PROVIDE (__init_array_start = .)
 *(SORT_BY_NAME(.init_array.*))
 *(.init_array*)
 .init_array    0x08006de4        0x4 c:/progra~1/stmicr~1/stm32c~1/gnu-to~1/bin/../lib/gcc/arm-none-eabi/10.3.1/thumb/v6-m/nofp/crtbegin.o
                0x08006de8                PROVIDE (__init_array_end = .)

.fini_array     0x08006de8        0x4
                [!provide]                PROVIDE (__fini_array_start = .)
 *(SORT_BY_NAME(.fini_array.*))
 *(.fini_array*)
 .fini_array    0x08006de8        0x4 c:/progra~1/stmicr~1/stm32c~1/gnu-to~1/bin/../lib/gcc/arm-none-eabi/10.3.1/thumb/v6-m/nofp/crtbegin.o
                [!provide]                PROVIDE (__fini_array_end = .)
                0x08006dec                _sidata = LOADADDR (.data)

.data           0x20000000     0x14b4 load address 0x08006dec
                0x20000000                . = ALIGN (0x4)
                0x20000000                _sdata = .
 *(.data)
 *(.data*)
 .data.St25Dv_Drv
                0x20000000       0x1c CMakeFiles/L-ink_Card.elf.dir/Drivers/BSP/Components/ST25DV/st25dv.c.obj
                0x20000000                St25Dv_Drv
 .data.WF_Full_1IN54
                0x2000001c       0x9f CMakeFiles/L-ink_Card.elf.dir/Drivers/BSP/E-Paper-Display/epd_w21.c.obj
                0x2000001c                WF_Full_1IN54
 *fill*         0x200000bb        0x1 
 .data.GPO_EXTI
                0x200000bc        0x8 CMakeFiles/L-ink_Card.elf.dir/Drivers/BSP/NFC04A1/nfc04a1.c.obj
                0x200000bc                GPO_EXTI
 .data.nfcBuffer
                0x200000c4     0x1388 CMakeFiles/L-ink_Card.elf.dir/Src/main.c.obj
                0x200000c4                nfcBuffer
 .data.SystemCoreClock
                0x2000144c        0x4 CMakeFiles/L-ink_Card.elf.dir/Src/system_stm32l0xx.c.obj
                0x2000144c                SystemCoreClock
 .data._impure_ptr
                0x20001450        0x4 c:/progra~1/stmicr~1/stm32c~1/gnu-to~1/bin/../lib/gcc/arm-none-eabi/10.3.1/../../../../arm-none-eabi/lib/thumb/v6-m/nofp\libg_nano.a(lib_a-impure.o)
                0x20001450                _impure_ptr
 .data.impure_data
                0x20001454       0x60 c:/progra~1/stmicr~1/stm32c~1/gnu-to~1/bin/../lib/gcc/arm-none-eabi/10.3.1/../../../../arm-none-eabi/lib/thumb/v6-m/nofp\libg_nano.a(lib_a-impure.o)
                0x200014b4                . = ALIGN (0x4)
                0x200014b4                _edata = .

.igot.plt       0x200014b4        0x0 load address 0x080082a0
 .igot.plt      0x200014b4        0x0 c:/progra~1/stmicr~1/stm32c~1/gnu-to~1/bin/../lib/gcc/arm-none-eabi/10.3.1/thumb/v6-m/nofp/crtbegin.o
                0x200014b4                . = ALIGN (0x4)

.bss            0x200014b4      0x1d4 load address 0x080082a0
                0x200014b4                _sbss = .
                0x200014b4                __bss_start__ = _sbss
 *(.bss)
 .bss           0x200014b4       0x1c c:/progra~1/stmicr~1/stm32c~1/gnu-to~1/bin/../lib/gcc/arm-none-eabi/10.3.1/thumb/v6-m/nofp/crtbegin.o
 *(.bss*)
 .bss.Nfctag_Drv
                0x200014d0        0x4 CMakeFiles/L-ink_Card.elf.dir/Drivers/BSP/NFC04A1/nfc04a1_nfctag.c.obj
 .bss.NfcTagObj
                0x200014d4       0x28 CMakeFiles/L-ink_Card.elf.dir/Drivers/BSP/NFC04A1/nfc04a1_nfctag.c.obj
 .bss.mblength  0x200014fc        0x2 CMakeFiles/L-ink_Card.elf.dir/Drivers/BSP/ST25DV/app_nfc.c.obj
                0x200014fc                mblength
 *fill*         0x200014fe        0x2 
 .bss.mbctrldynstatus
                0x20001500        0x6 CMakeFiles/L-ink_Card.elf.dir/Drivers/BSP/ST25DV/app_nfc.c.obj
                0x20001500                mbctrldynstatus
 .bss.MB_mode   0x20001506        0x1 CMakeFiles/L-ink_Card.elf.dir/Drivers/BSP/ST25DV/app_nfc.c.obj
                0x20001506                MB_mode
 *fill*         0x20001507        0x1 
 .bss.passwd    0x20001508        0x8 CMakeFiles/L-ink_Card.elf.dir/Drivers/BSP/ST25DV/app_nfc.c.obj
                0x20001508                passwd
 .bss.i2csso    0x20001510        0x1 CMakeFiles/L-ink_Card.elf.dir/Drivers/BSP/ST25DV/app_nfc.c.obj
                0x20001510                i2csso
 .bss.GPOActivated
                0x20001511        0x1 CMakeFiles/L-ink_Card.elf.dir/Drivers/BSP/ST25DV/app_nfc.c.obj
                0x20001511                GPOActivated
 *fill*         0x20001512        0x2 
 .bss.bufferIndex
                0x20001514        0x4 CMakeFiles/L-ink_Card.elf.dir/Drivers/BSP/ST25DV/app_nfc.c.obj
                0x20001514                bufferIndex
 .bss.uwTick    0x20001518        0x4 CMakeFiles/L-ink_Card.elf.dir/Drivers/STM32L0xx_HAL_Driver/Src/stm32l0xx_hal.c.obj
                0x20001518                uwTick
 .bss.hi2c1     0x2000151c       0x4c CMakeFiles/L-ink_Card.elf.dir/Src/custom_bus.c.obj
                0x2000151c                hi2c1
 .bss.I2C1InitCounter
                0x20001568        0x4 CMakeFiles/L-ink_Card.elf.dir/Src/custom_bus.c.obj
 .bss.byte      0x2000156c        0x1 CMakeFiles/L-ink_Card.elf.dir/Src/main.c.obj
                0x2000156c                byte
 *fill*         0x2000156d        0x3 
 .bss.revc      0x20001570        0x4 CMakeFiles/L-ink_Card.elf.dir/Src/main.c.obj
                0x20001570                revc
 .bss.heap_end.0
                0x20001574        0x4 CMakeFiles/L-ink_Card.elf.dir/Src/syscalls.c.obj
 .bss.huart1    0x20001578       0x80 CMakeFiles/L-ink_Card.elf.dir/Src/usart.c.obj
                0x20001578                huart1
 .bss.huart2    0x200015f8       0x80 CMakeFiles/L-ink_Card.elf.dir/Src/usart.c.obj
                0x200015f8                huart2
 .bss.__lock___malloc_recursive_mutex
                0x20001678        0x1 c:/progra~1/stmicr~1/stm32c~1/gnu-to~1/bin/../lib/gcc/arm-none-eabi/10.3.1/../../../../arm-none-eabi/lib/thumb/v6-m/nofp\libg_nano.a(lib_a-lock.o)
                0x20001678                __lock___malloc_recursive_mutex
 .bss.__lock___sfp_recursive_mutex
                0x20001679        0x1 c:/progra~1/stmicr~1/stm32c~1/gnu-to~1/bin/../lib/gcc/arm-none-eabi/10.3.1/../../../../arm-none-eabi/lib/thumb/v6-m/nofp\libg_nano.a(lib_a-lock.o)
                0x20001679                __lock___sfp_recursive_mutex
 .bss.__lock___sinit_recursive_mutex
                0x2000167a        0x1 c:/progra~1/stmicr~1/stm32c~1/gnu-to~1/bin/../lib/gcc/arm-none-eabi/10.3.1/../../../../arm-none-eabi/lib/thumb/v6-m/nofp\libg_nano.a(lib_a-lock.o)
                0x2000167a                __lock___sinit_recursive_mutex
 *fill*         0x2000167b        0x1 
 .bss.__malloc_free_list
                0x2000167c        0x4 c:/progra~1/stmicr~1/stm32c~1/gnu-to~1/bin/../lib/gcc/arm-none-eabi/10.3.1/../../../../arm-none-eabi/lib/thumb/v6-m/nofp\libg_nano.a(lib_a-nano-mallocr.o)
                0x2000167c                __malloc_free_list
 .bss.__malloc_sbrk_start
                0x20001680        0x4 c:/progra~1/stmicr~1/stm32c~1/gnu-to~1/bin/../lib/gcc/arm-none-eabi/10.3.1/../../../../arm-none-eabi/lib/thumb/v6-m/nofp\libg_nano.a(lib_a-nano-mallocr.o)
                0x20001680                __malloc_sbrk_start
 .bss.errno     0x20001684        0x4 c:/progra~1/stmicr~1/stm32c~1/gnu-to~1/bin/../lib/gcc/arm-none-eabi/10.3.1/../../../../arm-none-eabi/lib/thumb/v6-m/nofp\libg_nano.a(lib_a-reent.o)
                0x20001684                errno
 *(COMMON)
                0x20001688                . = ALIGN (0x4)
                0x20001688                _ebss = .
                0x20001688                __bss_end__ = _ebss

._user_heap_stack
                0x20001688      0x600 load address 0x080082a0
                0x20001688                . = ALIGN (0x8)
                0x20001688                PROVIDE (end = .)
                [!provide]                PROVIDE (_end = .)
                0x20001888                . = (. + _Min_Heap_Size)
 *fill*         0x20001688      0x200 
                0x20001c88                . = (. + _Min_Stack_Size)
 *fill*         0x20001888      0x400 
                0x20001c88                . = ALIGN (0x8)

/DISCARD/
 libc.a(*)
 libm.a(*)
 libgcc.a(*)

.ARM.attributes
                0x00000000       0x28
 *(.ARM.attributes)
 .ARM.attributes
                0x00000000       0x1e c:/progra~1/stmicr~1/stm32c~1/gnu-to~1/bin/../lib/gcc/arm-none-eabi/10.3.1/thumb/v6-m/nofp/crti.o
 .ARM.attributes
                0x0000001e       0x2c c:/progra~1/stmicr~1/stm32c~1/gnu-to~1/bin/../lib/gcc/arm-none-eabi/10.3.1/thumb/v6-m/nofp/crtbegin.o
 .ARM.attributes
                0x0000004a       0x2c CMakeFiles/L-ink_Card.elf.dir/Drivers/BSP/Components/ST25DV/st25dv.c.obj
 .ARM.attributes
                0x00000076       0x2c CMakeFiles/L-ink_Card.elf.dir/Drivers/BSP/Components/ST25DV/st25dv_reg.c.obj
 .ARM.attributes
                0x000000a2       0x2c CMakeFiles/L-ink_Card.elf.dir/Drivers/BSP/E-Paper-Display/epd_w21.c.obj
 .ARM.attributes
                0x000000ce       0x2c CMakeFiles/L-ink_Card.elf.dir/Drivers/BSP/NFC04A1/nfc04a1.c.obj
 .ARM.attributes
                0x000000fa       0x2c CMakeFiles/L-ink_Card.elf.dir/Drivers/BSP/NFC04A1/nfc04a1_nfctag.c.obj
 .ARM.attributes
                0x00000126       0x2c CMakeFiles/L-ink_Card.elf.dir/Drivers/BSP/ST25DV/app_nfc.c.obj
 .ARM.attributes
                0x00000152       0x2c CMakeFiles/L-ink_Card.elf.dir/Drivers/STM32L0xx_HAL_Driver/Src/stm32l0xx_hal.c.obj
 .ARM.attributes
                0x0000017e       0x2c CMakeFiles/L-ink_Card.elf.dir/Drivers/STM32L0xx_HAL_Driver/Src/stm32l0xx_hal_cortex.c.obj
 .ARM.attributes
                0x000001aa       0x2c CMakeFiles/L-ink_Card.elf.dir/Drivers/STM32L0xx_HAL_Driver/Src/stm32l0xx_hal_dma.c.obj
 .ARM.attributes
                0x000001d6       0x2c CMakeFiles/L-ink_Card.elf.dir/Drivers/STM32L0xx_HAL_Driver/Src/stm32l0xx_hal_gpio.c.obj
 .ARM.attributes
                0x00000202       0x2c CMakeFiles/L-ink_Card.elf.dir/Drivers/STM32L0xx_HAL_Driver/Src/stm32l0xx_hal_i2c.c.obj
 .ARM.attributes
                0x0000022e       0x2c CMakeFiles/L-ink_Card.elf.dir/Drivers/STM32L0xx_HAL_Driver/Src/stm32l0xx_hal_i2c_ex.c.obj
 .ARM.attributes
                0x0000025a       0x2c CMakeFiles/L-ink_Card.elf.dir/Drivers/STM32L0xx_HAL_Driver/Src/stm32l0xx_hal_rcc.c.obj
 .ARM.attributes
                0x00000286       0x2c CMakeFiles/L-ink_Card.elf.dir/Drivers/STM32L0xx_HAL_Driver/Src/stm32l0xx_hal_rcc_ex.c.obj
 .ARM.attributes
                0x000002b2       0x2c CMakeFiles/L-ink_Card.elf.dir/Drivers/STM32L0xx_HAL_Driver/Src/stm32l0xx_hal_uart.c.obj
 .ARM.attributes
                0x000002de       0x2c CMakeFiles/L-ink_Card.elf.dir/Drivers/STM32L0xx_HAL_Driver/Src/stm32l0xx_hal_uart_ex.c.obj
 .ARM.attributes
                0x0000030a       0x2c CMakeFiles/L-ink_Card.elf.dir/Src/custom_bus.c.obj
 .ARM.attributes
                0x00000336       0x2c CMakeFiles/L-ink_Card.elf.dir/Src/gpio.c.obj
 .ARM.attributes
                0x00000362       0x2c CMakeFiles/L-ink_Card.elf.dir/Src/main.c.obj
 .ARM.attributes
                0x0000038e       0x2c CMakeFiles/L-ink_Card.elf.dir/Src/stm32l0xx_hal_exti.c.obj
 .ARM.attributes
                0x000003ba       0x2c CMakeFiles/L-ink_Card.elf.dir/Src/stm32l0xx_hal_msp.c.obj
 .ARM.attributes
                0x000003e6       0x2c CMakeFiles/L-ink_Card.elf.dir/Src/stm32l0xx_it.c.obj
 .ARM.attributes
                0x00000412       0x2c CMakeFiles/L-ink_Card.elf.dir/Src/syscalls.c.obj
 .ARM.attributes
                0x0000043e       0x2c CMakeFiles/L-ink_Card.elf.dir/Src/system_stm32l0xx.c.obj
 .ARM.attributes
                0x0000046a       0x2c CMakeFiles/L-ink_Card.elf.dir/Src/usart.c.obj
 .ARM.attributes
                0x00000496       0x22 CMakeFiles/L-ink_Card.elf.dir/startup/startup_stm32l051xx.s.obj
 .ARM.attributes
                0x000004b8       0x1e c:/progra~1/stmicr~1/stm32c~1/gnu-to~1/bin/../lib/gcc/arm-none-eabi/10.3.1/thumb/v6-m/nofp\libgcc.a(_udivsi3.o)
 .ARM.attributes
                0x000004d6       0x1e c:/progra~1/stmicr~1/stm32c~1/gnu-to~1/bin/../lib/gcc/arm-none-eabi/10.3.1/thumb/v6-m/nofp\libgcc.a(_dvmd_tls.o)
 .ARM.attributes
                0x000004f4       0x1e c:/progra~1/stmicr~1/stm32c~1/gnu-to~1/bin/../lib/gcc/arm-none-eabi/10.3.1/thumb/v6-m/nofp\libgcc.a(_aeabi_uldivmod.o)
 .ARM.attributes
                0x00000512       0x2c c:/progra~1/stmicr~1/stm32c~1/gnu-to~1/bin/../lib/gcc/arm-none-eabi/10.3.1/thumb/v6-m/nofp\libgcc.a(_udivmoddi4.o)
 .ARM.attributes
                0x0000053e       0x1e c:/progra~1/stmicr~1/stm32c~1/gnu-to~1/bin/../lib/gcc/arm-none-eabi/10.3.1/thumb/v6-m/nofp\libgcc.a(_clzdi2.o)
 .ARM.attributes
                0x0000055c       0x1e c:/progra~1/stmicr~1/stm32c~1/gnu-to~1/bin/../lib/gcc/arm-none-eabi/10.3.1/thumb/v6-m/nofp\libgcc.a(_clzsi2.o)
 .ARM.attributes
                0x0000057a       0x2c c:/progra~1/stmicr~1/stm32c~1/gnu-to~1/bin/../lib/gcc/arm-none-eabi/10.3.1/../../../../arm-none-eabi/lib/thumb/v6-m/nofp\libg_nano.a(lib_a-errno.o)
 .ARM.attributes
                0x000005a6       0x2c c:/progra~1/stmicr~1/stm32c~1/gnu-to~1/bin/../lib/gcc/arm-none-eabi/10.3.1/../../../../arm-none-eabi/lib/thumb/v6-m/nofp\libg_nano.a(lib_a-fflush.o)
 .ARM.attributes
                0x000005d2       0x2c c:/progra~1/stmicr~1/stm32c~1/gnu-to~1/bin/../lib/gcc/arm-none-eabi/10.3.1/../../../../arm-none-eabi/lib/thumb/v6-m/nofp\libg_nano.a(lib_a-findfp.o)
 .ARM.attributes
                0x000005fe       0x2c c:/progra~1/stmicr~1/stm32c~1/gnu-to~1/bin/../lib/gcc/arm-none-eabi/10.3.1/../../../../arm-none-eabi/lib/thumb/v6-m/nofp\libg_nano.a(lib_a-fwalk.o)
 .ARM.attributes
                0x0000062a       0x2c c:/progra~1/stmicr~1/stm32c~1/gnu-to~1/bin/../lib/gcc/arm-none-eabi/10.3.1/../../../../arm-none-eabi/lib/thumb/v6-m/nofp\libg_nano.a(lib_a-impure.o)
 .ARM.attributes
                0x00000656       0x2c c:/progra~1/stmicr~1/stm32c~1/gnu-to~1/bin/../lib/gcc/arm-none-eabi/10.3.1/../../../../arm-none-eabi/lib/thumb/v6-m/nofp\libg_nano.a(lib_a-init.o)
 .ARM.attributes
                0x00000682       0x2c c:/progra~1/stmicr~1/stm32c~1/gnu-to~1/bin/../lib/gcc/arm-none-eabi/10.3.1/../../../../arm-none-eabi/lib/thumb/v6-m/nofp\libg_nano.a(lib_a-lock.o)
 .ARM.attributes
                0x000006ae       0x2c c:/progra~1/stmicr~1/stm32c~1/gnu-to~1/bin/../lib/gcc/arm-none-eabi/10.3.1/../../../../arm-none-eabi/lib/thumb/v6-m/nofp\libg_nano.a(lib_a-memset.o)
 .ARM.attributes
                0x000006da       0x2c c:/progra~1/stmicr~1/stm32c~1/gnu-to~1/bin/../lib/gcc/arm-none-eabi/10.3.1/../../../../arm-none-eabi/lib/thumb/v6-m/nofp\libg_nano.a(lib_a-nano-freer.o)
 .ARM.attributes
                0x00000706       0x2c c:/progra~1/stmicr~1/stm32c~1/gnu-to~1/bin/../lib/gcc/arm-none-eabi/10.3.1/../../../../arm-none-eabi/lib/thumb/v6-m/nofp\libg_nano.a(lib_a-nano-mallocr.o)
 .ARM.attributes
                0x00000732       0x2c c:/progra~1/stmicr~1/stm32c~1/gnu-to~1/bin/../lib/gcc/arm-none-eabi/10.3.1/../../../../arm-none-eabi/lib/thumb/v6-m/nofp\libg_nano.a(lib_a-printf.o)
 .ARM.attributes
                0x0000075e       0x2c c:/progra~1/stmicr~1/stm32c~1/gnu-to~1/bin/../lib/gcc/arm-none-eabi/10.3.1/../../../../arm-none-eabi/lib/thumb/v6-m/nofp\libg_nano.a(lib_a-sbrkr.o)
 .ARM.attributes
                0x0000078a       0x2c c:/progra~1/stmicr~1/stm32c~1/gnu-to~1/bin/../lib/gcc/arm-none-eabi/10.3.1/../../../../arm-none-eabi/lib/thumb/v6-m/nofp\libg_nano.a(lib_a-stdio.o)
 .ARM.attributes
                0x000007b6       0x1c c:/progra~1/stmicr~1/stm32c~1/gnu-to~1/bin/../lib/gcc/arm-none-eabi/10.3.1/../../../../arm-none-eabi/lib/thumb/v6-m/nofp\libg_nano.a(lib_a-strlen.o)
 .ARM.attributes
                0x000007d2       0x2c c:/progra~1/stmicr~1/stm32c~1/gnu-to~1/bin/../lib/gcc/arm-none-eabi/10.3.1/../../../../arm-none-eabi/lib/thumb/v6-m/nofp\libg_nano.a(lib_a-writer.o)
 .ARM.attributes
                0x000007fe       0x2c c:/progra~1/stmicr~1/stm32c~1/gnu-to~1/bin/../lib/gcc/arm-none-eabi/10.3.1/../../../../arm-none-eabi/lib/thumb/v6-m/nofp\libg_nano.a(lib_a-closer.o)
 .ARM.attributes
                0x0000082a       0x2c c:/progra~1/stmicr~1/stm32c~1/gnu-to~1/bin/../lib/gcc/arm-none-eabi/10.3.1/../../../../arm-none-eabi/lib/thumb/v6-m/nofp\libg_nano.a(lib_a-lseekr.o)
 .ARM.attributes
                0x00000856       0x2c c:/progra~1/stmicr~1/stm32c~1/gnu-to~1/bin/../lib/gcc/arm-none-eabi/10.3.1/../../../../arm-none-eabi/lib/thumb/v6-m/nofp\libg_nano.a(lib_a-mlock.o)
 .ARM.attributes
                0x00000882       0x2c c:/progra~1/stmicr~1/stm32c~1/gnu-to~1/bin/../lib/gcc/arm-none-eabi/10.3.1/../../../../arm-none-eabi/lib/thumb/v6-m/nofp\libg_nano.a(lib_a-nano-vfprintf.o)
 .ARM.attributes
                0x000008ae       0x2c c:/progra~1/stmicr~1/stm32c~1/gnu-to~1/bin/../lib/gcc/arm-none-eabi/10.3.1/../../../../arm-none-eabi/lib/thumb/v6-m/nofp\libg_nano.a(lib_a-nano-vfprintf_i.o)
 .ARM.attributes
                0x000008da       0x2c c:/progra~1/stmicr~1/stm32c~1/gnu-to~1/bin/../lib/gcc/arm-none-eabi/10.3.1/../../../../arm-none-eabi/lib/thumb/v6-m/nofp\libg_nano.a(lib_a-readr.o)
 .ARM.attributes
                0x00000906       0x2c c:/progra~1/stmicr~1/stm32c~1/gnu-to~1/bin/../lib/gcc/arm-none-eabi/10.3.1/../../../../arm-none-eabi/lib/thumb/v6-m/nofp\libg_nano.a(lib_a-reent.o)
 .ARM.attributes
                0x00000932       0x2c c:/progra~1/stmicr~1/stm32c~1/gnu-to~1/bin/../lib/gcc/arm-none-eabi/10.3.1/../../../../arm-none-eabi/lib/thumb/v6-m/nofp\libg_nano.a(lib_a-wbuf.o)
 .ARM.attributes
                0x0000095e       0x2c c:/progra~1/stmicr~1/stm32c~1/gnu-to~1/bin/../lib/gcc/arm-none-eabi/10.3.1/../../../../arm-none-eabi/lib/thumb/v6-m/nofp\libg_nano.a(lib_a-wsetup.o)
 .ARM.attributes
                0x0000098a       0x2c c:/progra~1/stmicr~1/stm32c~1/gnu-to~1/bin/../lib/gcc/arm-none-eabi/10.3.1/../../../../arm-none-eabi/lib/thumb/v6-m/nofp\libg_nano.a(lib_a-makebuf.o)
 .ARM.attributes
                0x000009b6       0x2c c:/progra~1/stmicr~1/stm32c~1/gnu-to~1/bin/../lib/gcc/arm-none-eabi/10.3.1/../../../../arm-none-eabi/lib/thumb/v6-m/nofp\libg_nano.a(lib_a-memchr-stub.o)
 .ARM.attributes
                0x000009e2       0x2c c:/progra~1/stmicr~1/stm32c~1/gnu-to~1/bin/../lib/gcc/arm-none-eabi/10.3.1/../../../../arm-none-eabi/lib/thumb/v6-m/nofp\libg_nano.a(lib_a-fstatr.o)
 .ARM.attributes
                0x00000a0e       0x2c c:/progra~1/stmicr~1/stm32c~1/gnu-to~1/bin/../lib/gcc/arm-none-eabi/10.3.1/../../../../arm-none-eabi/lib/thumb/v6-m/nofp\libg_nano.a(lib_a-isattyr.o)
 .ARM.attributes
                0x00000a3a       0x1e c:/progra~1/stmicr~1/stm32c~1/gnu-to~1/bin/../lib/gcc/arm-none-eabi/10.3.1/thumb/v6-m/nofp\libgcc.a(_thumb1_case_shi.o)
 .ARM.attributes
                0x00000a58       0x1e c:/progra~1/stmicr~1/stm32c~1/gnu-to~1/bin/../lib/gcc/arm-none-eabi/10.3.1/thumb/v6-m/nofp/crtn.o
OUTPUT(L-ink_Card.elf elf32-littlearm)
LOAD linker stubs
LOAD c:/progra~1/stmicr~1/stm32c~1/gnu-to~1/bin/../lib/gcc/arm-none-eabi/10.3.1/../../../../arm-none-eabi/lib/thumb/v6-m/nofp\libc.a
LOAD c:/progra~1/stmicr~1/stm32c~1/gnu-to~1/bin/../lib/gcc/arm-none-eabi/10.3.1/../../../../arm-none-eabi/lib/thumb/v6-m/nofp\libm.a
LOAD c:/progra~1/stmicr~1/stm32c~1/gnu-to~1/bin/../lib/gcc/arm-none-eabi/10.3.1/thumb/v6-m/nofp\libgcc.a

.debug_info     0x00000000    0x127ad
 .debug_info    0x00000000     0x248e CMakeFiles/L-ink_Card.elf.dir/Drivers/BSP/Components/ST25DV/st25dv.c.obj
 .debug_info    0x0000248e     0x2604 CMakeFiles/L-ink_Card.elf.dir/Drivers/BSP/Components/ST25DV/st25dv_reg.c.obj
 .debug_info    0x00004a92      0x675 CMakeFiles/L-ink_Card.elf.dir/Drivers/BSP/E-Paper-Display/epd_w21.c.obj
 .debug_info    0x00005107      0x43d CMakeFiles/L-ink_Card.elf.dir/Drivers/BSP/NFC04A1/nfc04a1.c.obj
 .debug_info    0x00005544     0x1e14 CMakeFiles/L-ink_Card.elf.dir/Drivers/BSP/NFC04A1/nfc04a1_nfctag.c.obj
 .debug_info    0x00007358      0x3c8 CMakeFiles/L-ink_Card.elf.dir/Drivers/BSP/ST25DV/app_nfc.c.obj
 .debug_info    0x00007720      0x76a CMakeFiles/L-ink_Card.elf.dir/Drivers/STM32L0xx_HAL_Driver/Src/stm32l0xx_hal.c.obj
 .debug_info    0x00007e8a      0x8a5 CMakeFiles/L-ink_Card.elf.dir/Drivers/STM32L0xx_HAL_Driver/Src/stm32l0xx_hal_cortex.c.obj
 .debug_info    0x0000872f      0x743 CMakeFiles/L-ink_Card.elf.dir/Drivers/STM32L0xx_HAL_Driver/Src/stm32l0xx_hal_dma.c.obj
 .debug_info    0x00008e72      0x687 CMakeFiles/L-ink_Card.elf.dir/Drivers/STM32L0xx_HAL_Driver/Src/stm32l0xx_hal_gpio.c.obj
 .debug_info    0x000094f9     0x2032 CMakeFiles/L-ink_Card.elf.dir/Drivers/STM32L0xx_HAL_Driver/Src/stm32l0xx_hal_i2c.c.obj
 .debug_info    0x0000b52b      0x8e8 CMakeFiles/L-ink_Card.elf.dir/Drivers/STM32L0xx_HAL_Driver/Src/stm32l0xx_hal_i2c_ex.c.obj
 .debug_info    0x0000be13      0x935 CMakeFiles/L-ink_Card.elf.dir/Drivers/STM32L0xx_HAL_Driver/Src/stm32l0xx_hal_rcc.c.obj
 .debug_info    0x0000c748      0x4a5 CMakeFiles/L-ink_Card.elf.dir/Drivers/STM32L0xx_HAL_Driver/Src/stm32l0xx_hal_rcc_ex.c.obj
 .debug_info    0x0000cbed     0x15d9 CMakeFiles/L-ink_Card.elf.dir/Drivers/STM32L0xx_HAL_Driver/Src/stm32l0xx_hal_uart.c.obj
 .debug_info    0x0000e1c6      0x88f CMakeFiles/L-ink_Card.elf.dir/Drivers/STM32L0xx_HAL_Driver/Src/stm32l0xx_hal_uart_ex.c.obj
 .debug_info    0x0000ea55      0xc53 CMakeFiles/L-ink_Card.elf.dir/Src/custom_bus.c.obj
 .debug_info    0x0000f6a8      0x43b CMakeFiles/L-ink_Card.elf.dir/Src/gpio.c.obj
 .debug_info    0x0000fae3     0x1272 CMakeFiles/L-ink_Card.elf.dir/Src/main.c.obj
 .debug_info    0x00010d55      0x24d CMakeFiles/L-ink_Card.elf.dir/Src/stm32l0xx_hal_exti.c.obj
 .debug_info    0x00010fa2      0x1d8 CMakeFiles/L-ink_Card.elf.dir/Src/stm32l0xx_hal_msp.c.obj
 .debug_info    0x0001117a      0x133 CMakeFiles/L-ink_Card.elf.dir/Src/stm32l0xx_it.c.obj
 .debug_info    0x000112ad      0x71a CMakeFiles/L-ink_Card.elf.dir/Src/syscalls.c.obj
 .debug_info    0x000119c7      0x3ae CMakeFiles/L-ink_Card.elf.dir/Src/system_stm32l0xx.c.obj
 .debug_info    0x00011d75      0xa16 CMakeFiles/L-ink_Card.elf.dir/Src/usart.c.obj
 .debug_info    0x0001278b       0x22 CMakeFiles/L-ink_Card.elf.dir/startup/startup_stm32l051xx.s.obj

.debug_abbrev   0x00000000     0x2ab9
 .debug_abbrev  0x00000000      0x204 CMakeFiles/L-ink_Card.elf.dir/Drivers/BSP/Components/ST25DV/st25dv.c.obj
 .debug_abbrev  0x00000204      0x14f CMakeFiles/L-ink_Card.elf.dir/Drivers/BSP/Components/ST25DV/st25dv_reg.c.obj
 .debug_abbrev  0x00000353      0x1fc CMakeFiles/L-ink_Card.elf.dir/Drivers/BSP/E-Paper-Display/epd_w21.c.obj
 .debug_abbrev  0x0000054f      0x1b5 CMakeFiles/L-ink_Card.elf.dir/Drivers/BSP/NFC04A1/nfc04a1.c.obj
 .debug_abbrev  0x00000704      0x1e1 CMakeFiles/L-ink_Card.elf.dir/Drivers/BSP/NFC04A1/nfc04a1_nfctag.c.obj
 .debug_abbrev  0x000008e5      0x140 CMakeFiles/L-ink_Card.elf.dir/Drivers/BSP/ST25DV/app_nfc.c.obj
 .debug_abbrev  0x00000a25      0x246 CMakeFiles/L-ink_Card.elf.dir/Drivers/STM32L0xx_HAL_Driver/Src/stm32l0xx_hal.c.obj
 .debug_abbrev  0x00000c6b      0x26e CMakeFiles/L-ink_Card.elf.dir/Drivers/STM32L0xx_HAL_Driver/Src/stm32l0xx_hal_cortex.c.obj
 .debug_abbrev  0x00000ed9      0x1ae CMakeFiles/L-ink_Card.elf.dir/Drivers/STM32L0xx_HAL_Driver/Src/stm32l0xx_hal_dma.c.obj
 .debug_abbrev  0x00001087      0x1b8 CMakeFiles/L-ink_Card.elf.dir/Drivers/STM32L0xx_HAL_Driver/Src/stm32l0xx_hal_gpio.c.obj
 .debug_abbrev  0x0000123f      0x225 CMakeFiles/L-ink_Card.elf.dir/Drivers/STM32L0xx_HAL_Driver/Src/stm32l0xx_hal_i2c.c.obj
 .debug_abbrev  0x00001464      0x1a4 CMakeFiles/L-ink_Card.elf.dir/Drivers/STM32L0xx_HAL_Driver/Src/stm32l0xx_hal_i2c_ex.c.obj
 .debug_abbrev  0x00001608      0x230 CMakeFiles/L-ink_Card.elf.dir/Drivers/STM32L0xx_HAL_Driver/Src/stm32l0xx_hal_rcc.c.obj
 .debug_abbrev  0x00001838      0x1b6 CMakeFiles/L-ink_Card.elf.dir/Drivers/STM32L0xx_HAL_Driver/Src/stm32l0xx_hal_rcc_ex.c.obj
 .debug_abbrev  0x000019ee      0x205 CMakeFiles/L-ink_Card.elf.dir/Drivers/STM32L0xx_HAL_Driver/Src/stm32l0xx_hal_uart.c.obj
 .debug_abbrev  0x00001bf3      0x1d9 CMakeFiles/L-ink_Card.elf.dir/Drivers/STM32L0xx_HAL_Driver/Src/stm32l0xx_hal_uart_ex.c.obj
 .debug_abbrev  0x00001dcc      0x25c CMakeFiles/L-ink_Card.elf.dir/Src/custom_bus.c.obj
 .debug_abbrev  0x00002028      0x127 CMakeFiles/L-ink_Card.elf.dir/Src/gpio.c.obj
 .debug_abbrev  0x0000214f      0x29c CMakeFiles/L-ink_Card.elf.dir/Src/main.c.obj
 .debug_abbrev  0x000023eb      0x115 CMakeFiles/L-ink_Card.elf.dir/Src/stm32l0xx_hal_exti.c.obj
 .debug_abbrev  0x00002500       0x9a CMakeFiles/L-ink_Card.elf.dir/Src/stm32l0xx_hal_msp.c.obj
 .debug_abbrev  0x0000259a       0xb0 CMakeFiles/L-ink_Card.elf.dir/Src/stm32l0xx_it.c.obj
 .debug_abbrev  0x0000264a      0x1a3 CMakeFiles/L-ink_Card.elf.dir/Src/syscalls.c.obj
 .debug_abbrev  0x000027ed      0x113 CMakeFiles/L-ink_Card.elf.dir/Src/system_stm32l0xx.c.obj
 .debug_abbrev  0x00002900      0x1a7 CMakeFiles/L-ink_Card.elf.dir/Src/usart.c.obj
 .debug_abbrev  0x00002aa7       0x12 CMakeFiles/L-ink_Card.elf.dir/startup/startup_stm32l051xx.s.obj

.debug_aranges  0x00000000     0x1688
 .debug_aranges
                0x00000000      0x290 CMakeFiles/L-ink_Card.elf.dir/Drivers/BSP/Components/ST25DV/st25dv.c.obj
 .debug_aranges
                0x00000290      0x498 CMakeFiles/L-ink_Card.elf.dir/Drivers/BSP/Components/ST25DV/st25dv_reg.c.obj
 .debug_aranges
                0x00000728       0xb8 CMakeFiles/L-ink_Card.elf.dir/Drivers/BSP/E-Paper-Display/epd_w21.c.obj
 .debug_aranges
                0x000007e0       0x70 CMakeFiles/L-ink_Card.elf.dir/Drivers/BSP/NFC04A1/nfc04a1.c.obj
 .debug_aranges
                0x00000850      0x290 CMakeFiles/L-ink_Card.elf.dir/Drivers/BSP/NFC04A1/nfc04a1_nfctag.c.obj
 .debug_aranges
                0x00000ae0       0x40 CMakeFiles/L-ink_Card.elf.dir/Drivers/BSP/ST25DV/app_nfc.c.obj
 .debug_aranges
                0x00000b20       0xf8 CMakeFiles/L-ink_Card.elf.dir/Drivers/STM32L0xx_HAL_Driver/Src/stm32l0xx_hal.c.obj
 .debug_aranges
                0x00000c18       0xd8 CMakeFiles/L-ink_Card.elf.dir/Drivers/STM32L0xx_HAL_Driver/Src/stm32l0xx_hal_cortex.c.obj
 .debug_aranges
                0x00000cf0       0x80 CMakeFiles/L-ink_Card.elf.dir/Drivers/STM32L0xx_HAL_Driver/Src/stm32l0xx_hal_dma.c.obj
 .debug_aranges
                0x00000d70       0x58 CMakeFiles/L-ink_Card.elf.dir/Drivers/STM32L0xx_HAL_Driver/Src/stm32l0xx_hal_gpio.c.obj
 .debug_aranges
                0x00000dc8      0x288 CMakeFiles/L-ink_Card.elf.dir/Drivers/STM32L0xx_HAL_Driver/Src/stm32l0xx_hal_i2c.c.obj
 .debug_aranges
                0x00001050       0x48 CMakeFiles/L-ink_Card.elf.dir/Drivers/STM32L0xx_HAL_Driver/Src/stm32l0xx_hal_i2c_ex.c.obj
 .debug_aranges
                0x00001098       0x80 CMakeFiles/L-ink_Card.elf.dir/Drivers/STM32L0xx_HAL_Driver/Src/stm32l0xx_hal_rcc.c.obj
 .debug_aranges
                0x00001118       0x58 CMakeFiles/L-ink_Card.elf.dir/Drivers/STM32L0xx_HAL_Driver/Src/stm32l0xx_hal_rcc_ex.c.obj
 .debug_aranges
                0x00001170      0x1f8 CMakeFiles/L-ink_Card.elf.dir/Drivers/STM32L0xx_HAL_Driver/Src/stm32l0xx_hal_uart.c.obj
 .debug_aranges
                0x00001368       0x60 CMakeFiles/L-ink_Card.elf.dir/Drivers/STM32L0xx_HAL_Driver/Src/stm32l0xx_hal_uart_ex.c.obj
 .debug_aranges
                0x000013c8       0x80 CMakeFiles/L-ink_Card.elf.dir/Src/custom_bus.c.obj
 .debug_aranges
                0x00001448       0x20 CMakeFiles/L-ink_Card.elf.dir/Src/gpio.c.obj
 .debug_aranges
                0x00001468       0x50 CMakeFiles/L-ink_Card.elf.dir/Src/main.c.obj
 .debug_aranges
                0x000014b8       0x30 CMakeFiles/L-ink_Card.elf.dir/Src/stm32l0xx_hal_exti.c.obj
 .debug_aranges
                0x000014e8       0x20 CMakeFiles/L-ink_Card.elf.dir/Src/stm32l0xx_hal_msp.c.obj
 .debug_aranges
                0x00001508       0x48 CMakeFiles/L-ink_Card.elf.dir/Src/stm32l0xx_it.c.obj
 .debug_aranges
                0x00001550       0xb0 CMakeFiles/L-ink_Card.elf.dir/Src/syscalls.c.obj
 .debug_aranges
                0x00001600       0x28 CMakeFiles/L-ink_Card.elf.dir/Src/system_stm32l0xx.c.obj
 .debug_aranges
                0x00001628       0x38 CMakeFiles/L-ink_Card.elf.dir/Src/usart.c.obj
 .debug_aranges
                0x00001660       0x28 CMakeFiles/L-ink_Card.elf.dir/startup/startup_stm32l051xx.s.obj

.debug_ranges   0x00000000     0x14f0
 .debug_ranges  0x00000000      0x280 CMakeFiles/L-ink_Card.elf.dir/Drivers/BSP/Components/ST25DV/st25dv.c.obj
 .debug_ranges  0x00000280      0x488 CMakeFiles/L-ink_Card.elf.dir/Drivers/BSP/Components/ST25DV/st25dv_reg.c.obj
 .debug_ranges  0x00000708       0xa8 CMakeFiles/L-ink_Card.elf.dir/Drivers/BSP/E-Paper-Display/epd_w21.c.obj
 .debug_ranges  0x000007b0       0x60 CMakeFiles/L-ink_Card.elf.dir/Drivers/BSP/NFC04A1/nfc04a1.c.obj
 .debug_ranges  0x00000810      0x280 CMakeFiles/L-ink_Card.elf.dir/Drivers/BSP/NFC04A1/nfc04a1_nfctag.c.obj
 .debug_ranges  0x00000a90       0x30 CMakeFiles/L-ink_Card.elf.dir/Drivers/BSP/ST25DV/app_nfc.c.obj
 .debug_ranges  0x00000ac0       0xe8 CMakeFiles/L-ink_Card.elf.dir/Drivers/STM32L0xx_HAL_Driver/Src/stm32l0xx_hal.c.obj
 .debug_ranges  0x00000ba8       0xc8 CMakeFiles/L-ink_Card.elf.dir/Drivers/STM32L0xx_HAL_Driver/Src/stm32l0xx_hal_cortex.c.obj
 .debug_ranges  0x00000c70       0x70 CMakeFiles/L-ink_Card.elf.dir/Drivers/STM32L0xx_HAL_Driver/Src/stm32l0xx_hal_dma.c.obj
 .debug_ranges  0x00000ce0       0x48 CMakeFiles/L-ink_Card.elf.dir/Drivers/STM32L0xx_HAL_Driver/Src/stm32l0xx_hal_gpio.c.obj
 .debug_ranges  0x00000d28      0x278 CMakeFiles/L-ink_Card.elf.dir/Drivers/STM32L0xx_HAL_Driver/Src/stm32l0xx_hal_i2c.c.obj
 .debug_ranges  0x00000fa0       0x38 CMakeFiles/L-ink_Card.elf.dir/Drivers/STM32L0xx_HAL_Driver/Src/stm32l0xx_hal_i2c_ex.c.obj
 .debug_ranges  0x00000fd8       0x70 CMakeFiles/L-ink_Card.elf.dir/Drivers/STM32L0xx_HAL_Driver/Src/stm32l0xx_hal_rcc.c.obj
 .debug_ranges  0x00001048       0x48 CMakeFiles/L-ink_Card.elf.dir/Drivers/STM32L0xx_HAL_Driver/Src/stm32l0xx_hal_rcc_ex.c.obj
 .debug_ranges  0x00001090      0x1e8 CMakeFiles/L-ink_Card.elf.dir/Drivers/STM32L0xx_HAL_Driver/Src/stm32l0xx_hal_uart.c.obj
 .debug_ranges  0x00001278       0x50 CMakeFiles/L-ink_Card.elf.dir/Drivers/STM32L0xx_HAL_Driver/Src/stm32l0xx_hal_uart_ex.c.obj
 .debug_ranges  0x000012c8       0x70 CMakeFiles/L-ink_Card.elf.dir/Src/custom_bus.c.obj
 .debug_ranges  0x00001338       0x10 CMakeFiles/L-ink_Card.elf.dir/Src/gpio.c.obj
 .debug_ranges  0x00001348       0x40 CMakeFiles/L-ink_Card.elf.dir/Src/main.c.obj
 .debug_ranges  0x00001388       0x20 CMakeFiles/L-ink_Card.elf.dir/Src/stm32l0xx_hal_exti.c.obj
 .debug_ranges  0x000013a8       0x10 CMakeFiles/L-ink_Card.elf.dir/Src/stm32l0xx_hal_msp.c.obj
 .debug_ranges  0x000013b8       0x38 CMakeFiles/L-ink_Card.elf.dir/Src/stm32l0xx_it.c.obj
 .debug_ranges  0x000013f0       0xa0 CMakeFiles/L-ink_Card.elf.dir/Src/syscalls.c.obj
 .debug_ranges  0x00001490       0x18 CMakeFiles/L-ink_Card.elf.dir/Src/system_stm32l0xx.c.obj
 .debug_ranges  0x000014a8       0x28 CMakeFiles/L-ink_Card.elf.dir/Src/usart.c.obj
 .debug_ranges  0x000014d0       0x20 CMakeFiles/L-ink_Card.elf.dir/startup/startup_stm32l051xx.s.obj

.debug_line     0x00000000     0xcc0a
 .debug_line    0x00000000     0x1198 CMakeFiles/L-ink_Card.elf.dir/Drivers/BSP/Components/ST25DV/st25dv.c.obj
 .debug_line    0x00001198     0x1ac9 CMakeFiles/L-ink_Card.elf.dir/Drivers/BSP/Components/ST25DV/st25dv_reg.c.obj
 .debug_line    0x00002c61      0x63b CMakeFiles/L-ink_Card.elf.dir/Drivers/BSP/E-Paper-Display/epd_w21.c.obj
 .debug_line    0x0000329c      0x2f6 CMakeFiles/L-ink_Card.elf.dir/Drivers/BSP/NFC04A1/nfc04a1.c.obj
 .debug_line    0x00003592      0x966 CMakeFiles/L-ink_Card.elf.dir/Drivers/BSP/NFC04A1/nfc04a1_nfctag.c.obj
 .debug_line    0x00003ef8      0x2c0 CMakeFiles/L-ink_Card.elf.dir/Drivers/BSP/ST25DV/app_nfc.c.obj
 .debug_line    0x000041b8      0x4eb CMakeFiles/L-ink_Card.elf.dir/Drivers/STM32L0xx_HAL_Driver/Src/stm32l0xx_hal.c.obj
 .debug_line    0x000046a3      0x5fc CMakeFiles/L-ink_Card.elf.dir/Drivers/STM32L0xx_HAL_Driver/Src/stm32l0xx_hal_cortex.c.obj
 .debug_line    0x00004c9f      0x700 CMakeFiles/L-ink_Card.elf.dir/Drivers/STM32L0xx_HAL_Driver/Src/stm32l0xx_hal_dma.c.obj
 .debug_line    0x0000539f      0x5a5 CMakeFiles/L-ink_Card.elf.dir/Drivers/STM32L0xx_HAL_Driver/Src/stm32l0xx_hal_gpio.c.obj
 .debug_line    0x00005944     0x2c99 CMakeFiles/L-ink_Card.elf.dir/Drivers/STM32L0xx_HAL_Driver/Src/stm32l0xx_hal_i2c.c.obj
 .debug_line    0x000085dd      0x3f2 CMakeFiles/L-ink_Card.elf.dir/Drivers/STM32L0xx_HAL_Driver/Src/stm32l0xx_hal_i2c_ex.c.obj
 .debug_line    0x000089cf      0x940 CMakeFiles/L-ink_Card.elf.dir/Drivers/STM32L0xx_HAL_Driver/Src/stm32l0xx_hal_rcc.c.obj
 .debug_line    0x0000930f      0x5b2 CMakeFiles/L-ink_Card.elf.dir/Drivers/STM32L0xx_HAL_Driver/Src/stm32l0xx_hal_rcc_ex.c.obj
 .debug_line    0x000098c1     0x1683 CMakeFiles/L-ink_Card.elf.dir/Drivers/STM32L0xx_HAL_Driver/Src/stm32l0xx_hal_uart.c.obj
 .debug_line    0x0000af44      0x3d9 CMakeFiles/L-ink_Card.elf.dir/Drivers/STM32L0xx_HAL_Driver/Src/stm32l0xx_hal_uart_ex.c.obj
 .debug_line    0x0000b31d      0x434 CMakeFiles/L-ink_Card.elf.dir/Src/custom_bus.c.obj
 .debug_line    0x0000b751      0x1df CMakeFiles/L-ink_Card.elf.dir/Src/gpio.c.obj
 .debug_line    0x0000b930      0x44b CMakeFiles/L-ink_Card.elf.dir/Src/main.c.obj
 .debug_line    0x0000bd7b      0x238 CMakeFiles/L-ink_Card.elf.dir/Src/stm32l0xx_hal_exti.c.obj
 .debug_line    0x0000bfb3      0x151 CMakeFiles/L-ink_Card.elf.dir/Src/stm32l0xx_hal_msp.c.obj
 .debug_line    0x0000c104      0x1a8 CMakeFiles/L-ink_Card.elf.dir/Src/stm32l0xx_it.c.obj
 .debug_line    0x0000c2ac      0x385 CMakeFiles/L-ink_Card.elf.dir/Src/syscalls.c.obj
 .debug_line    0x0000c631      0x278 CMakeFiles/L-ink_Card.elf.dir/Src/system_stm32l0xx.c.obj
 .debug_line    0x0000c8a9      0x2d2 CMakeFiles/L-ink_Card.elf.dir/Src/usart.c.obj
 .debug_line    0x0000cb7b       0x8f CMakeFiles/L-ink_Card.elf.dir/startup/startup_stm32l051xx.s.obj

.debug_str      0x00000000     0x5f3f
 .debug_str     0x00000000     0x1099 CMakeFiles/L-ink_Card.elf.dir/Drivers/BSP/Components/ST25DV/st25dv.c.obj
                               0x11b1 (size before relaxing)
 .debug_str     0x00001099      0xdc9 CMakeFiles/L-ink_Card.elf.dir/Drivers/BSP/Components/ST25DV/st25dv_reg.c.obj
                                0xfca (size before relaxing)
 .debug_str     0x00001e62      0x27b CMakeFiles/L-ink_Card.elf.dir/Drivers/BSP/E-Paper-Display/epd_w21.c.obj
                                0x436 (size before relaxing)
 .debug_str     0x000020dd      0x2e3 CMakeFiles/L-ink_Card.elf.dir/Drivers/BSP/NFC04A1/nfc04a1.c.obj
                                0x4e4 (size before relaxing)
 .debug_str     0x000023c0      0x970 CMakeFiles/L-ink_Card.elf.dir/Drivers/BSP/NFC04A1/nfc04a1_nfctag.c.obj
                               0x13ba (size before relaxing)
 .debug_str     0x00002d30       0xbe CMakeFiles/L-ink_Card.elf.dir/Drivers/BSP/ST25DV/app_nfc.c.obj
                                0x420 (size before relaxing)
 .debug_str     0x00002dee      0x437 CMakeFiles/L-ink_Card.elf.dir/Drivers/STM32L0xx_HAL_Driver/Src/stm32l0xx_hal.c.obj
                                0x74b (size before relaxing)
 .debug_str     0x00003225      0x312 CMakeFiles/L-ink_Card.elf.dir/Drivers/STM32L0xx_HAL_Driver/Src/stm32l0xx_hal_cortex.c.obj
                                0x6f1 (size before relaxing)
 .debug_str     0x00003537      0x411 CMakeFiles/L-ink_Card.elf.dir/Drivers/STM32L0xx_HAL_Driver/Src/stm32l0xx_hal_dma.c.obj
                                0x631 (size before relaxing)
 .debug_str     0x00003948      0x131 CMakeFiles/L-ink_Card.elf.dir/Drivers/STM32L0xx_HAL_Driver/Src/stm32l0xx_hal_gpio.c.obj
                                0x457 (size before relaxing)
 .debug_str     0x00003a79      0xae1 CMakeFiles/L-ink_Card.elf.dir/Drivers/STM32L0xx_HAL_Driver/Src/stm32l0xx_hal_i2c.c.obj
                                0xf09 (size before relaxing)
 .debug_str     0x0000455a      0x106 CMakeFiles/L-ink_Card.elf.dir/Drivers/STM32L0xx_HAL_Driver/Src/stm32l0xx_hal_i2c_ex.c.obj
                                0x841 (size before relaxing)
 .debug_str     0x00004660      0x345 CMakeFiles/L-ink_Card.elf.dir/Drivers/STM32L0xx_HAL_Driver/Src/stm32l0xx_hal_rcc.c.obj
                                0x68f (size before relaxing)
 .debug_str     0x000049a5      0x1fb CMakeFiles/L-ink_Card.elf.dir/Drivers/STM32L0xx_HAL_Driver/Src/stm32l0xx_hal_rcc_ex.c.obj
                                0x4a9 (size before relaxing)
 .debug_str     0x00004ba0      0x896 CMakeFiles/L-ink_Card.elf.dir/Drivers/STM32L0xx_HAL_Driver/Src/stm32l0xx_hal_uart.c.obj
                                0xd6c (size before relaxing)
 .debug_str     0x00005436      0x1b4 CMakeFiles/L-ink_Card.elf.dir/Drivers/STM32L0xx_HAL_Driver/Src/stm32l0xx_hal_uart_ex.c.obj
                                0x771 (size before relaxing)
 .debug_str     0x000055ea      0x112 CMakeFiles/L-ink_Card.elf.dir/Src/custom_bus.c.obj
                                0x896 (size before relaxing)
 .debug_str     0x000056fc       0x27 CMakeFiles/L-ink_Card.elf.dir/Src/gpio.c.obj
                                0x44d (size before relaxing)
 .debug_str     0x00005723      0x3ca CMakeFiles/L-ink_Card.elf.dir/Src/main.c.obj
                                0xd18 (size before relaxing)
 .debug_str     0x00005aed       0xad CMakeFiles/L-ink_Card.elf.dir/Src/stm32l0xx_hal_exti.c.obj
                                0x2c5 (size before relaxing)
 .debug_str     0x00005b9a       0x27 CMakeFiles/L-ink_Card.elf.dir/Src/stm32l0xx_hal_msp.c.obj
                                0x245 (size before relaxing)
 .debug_str     0x00005bc1       0x7e CMakeFiles/L-ink_Card.elf.dir/Src/stm32l0xx_it.c.obj
                                0x222 (size before relaxing)
 .debug_str     0x00005c3f      0x20f CMakeFiles/L-ink_Card.elf.dir/Src/syscalls.c.obj
                                0x400 (size before relaxing)
 .debug_str     0x00005e4e       0x68 CMakeFiles/L-ink_Card.elf.dir/Src/system_stm32l0xx.c.obj
                                0x2f3 (size before relaxing)
 .debug_str     0x00005eb6       0x4e CMakeFiles/L-ink_Card.elf.dir/Src/usart.c.obj
                                0x878 (size before relaxing)
 .debug_str     0x00005f04       0x3b CMakeFiles/L-ink_Card.elf.dir/startup/startup_stm32l051xx.s.obj
                                 0x5c (size before relaxing)

.comment        0x00000000       0x49
 .comment       0x00000000       0x49 CMakeFiles/L-ink_Card.elf.dir/Drivers/BSP/Components/ST25DV/st25dv.c.obj
                                 0x4a (size before relaxing)
 .comment       0x00000049       0x4a CMakeFiles/L-ink_Card.elf.dir/Drivers/BSP/Components/ST25DV/st25dv_reg.c.obj